[Licensing::Module] Trying to connect to existing licensing client channel...
Built from '6000.3/staging' branch; Version is '6000.3.17f1 (cf0352b38e81) revision 13566802'; Using compiler version '194234433'; Build Type 'Release'
[Licensing::IpcConnector] Channel LicenseClient-Catlaxy doesn't exist
OS: 'Windows 11  (10.0.26200) CoreCountrySpecific' Language: 'zh' Physical Memory: 31932 MB
BatchMode: 1, IsHumanControllingUs: 0, StartBugReporterOnCrash: 0, Is64bit: 1
System  architecture: x64
Process architecture: x64
Date: 2026-09-09T14:36:40Z
[Licensing::Module] Successfully launched the LicensingClient (PId: 6352)

COMMAND LINE ARGUMENTS:
E:\Unity\Editor\Unity 6000.3.17f1\Editor\Unity.exe
-batchmode
-quit
-projectPath
E:\ZZZ\ZCode\10_Unity\Remielle_Main
-executeMethod
RemielleSourceMipGpuAudit.Run
-logFile
E:\ZZZ\ZCode\90_Builds/d1e-RemielleSourceMipGpuAudit.Run.log
Successfully changed project path to: E:\ZZZ\ZCode\10_Unity\Remielle_Main
E:/ZZZ/ZCode/10_Unity/Remielle_Main
[UnityMemory] Configuration Parameters - Can be set up in boot.config
    "memorysetup-temp-allocator-size-nav-mesh-worker=65536"
    "memorysetup-temp-allocator-size-audio-worker=65536"
    "memorysetup-temp-allocator-size-gfx=262144"
    "memorysetup-allocator-temp-initial-block-size-main=262144"
    "memorysetup-allocator-temp-initial-block-size-worker=262144"
    "memorysetup-temp-allocator-size-background-worker=32768"
    "memorysetup-temp-allocator-size-job-worker=262144"
    "memorysetup-temp-allocator-size-preload-manager=33554432"
    "memorysetup-temp-allocator-size-gi-baking-worker=262144"
    "memorysetup-temp-allocator-size-gi-baking-worker=262144"
    "memorysetup-temp-allocator-size-gi-baking-worker=262144"
    "memorysetup-temp-allocator-size-gi-baking-worker=262144"
    "memorysetup-temp-allocator-size-gi-baking-worker=262144"
    "memorysetup-bucket-allocator-granularity=16"
    "memorysetup-bucket-allocator-bucket-count=8"
    "memorysetup-bucket-allocator-block-size=33554432"
    "memorysetup-bucket-allocator-block-count=8"
    "memorysetup-main-allocator-block-size=16777216"
    "memorysetup-thread-allocator-block-size=16777216"
    "memorysetup-gfx-main-allocator-block-size=16777216"
    "memorysetup-gfx-thread-allocator-block-size=16777216"
    "memorysetup-cache-allocator-block-size=4194304"
    "memorysetup-typetree-allocator-block-size=2097152"
    "memorysetup-profiler-bucket-allocator-granularity=16"
    "memorysetup-profiler-bucket-allocator-bucket-count=8"
    "memorysetup-profiler-bucket-allocator-block-size=33554432"
    "memorysetup-profiler-bucket-allocator-block-count=8"
    "memorysetup-profiler-allocator-block-size=16777216"
    "memorysetup-profiler-editor-allocator-block-size=1048576"
    "memorysetup-temp-allocator-size-main=16777216"
    "memorysetup-job-temp-allocator-block-size=2097152"
    "memorysetup-job-temp-allocator-block-size-background=1048576"
    "memorysetup-job-temp-allocator-reduction-small-platforms=262144"
    "memorysetup-temp-allocator-size-cloud-worker=32768"
Player connection [28800]  Target information:

Player connection [28800]  * "[IP] 10.6.1.131 [Port] 55504 [Flags] 2 [Guid] 514085046 [EditorId] 514085046 [Version] 1048832 [Id] WindowsEditor(7,Catlaxy) [Debug] 1 [PackageName] WindowsEditor [ProjectName] Editor" 

Player connection [28800] Host joined multi-casting on [225.0.0.222:54997]...
Player connection [28800] Host joined alternative multi-casting on [225.0.0.222:34997]...
Input System module state changed to: Initialized.
[Physics::Module] Initialized fallback backend.
[Physics::Module] Id: 0xdecafbad
Starting IPC server.
Waiting for clients to connect on \\.\pipe\Unity-LicenseClient-Catlaxy, press Ctrl-C to exit.
[Licensing::IpcConnector] Successfully connected to: "LicenseClient-Catlaxy" at "2026-09-09T14:36:41.1079746Z"
[Licensing::Client] Code 10 while verifying Licensing Client signature (process Id: 6352, path: "E:/Unity/Editor/Unity 6000.3.17f1/Editor/Data/Resources/Licensing/Client/Unity.Licensing.Client.exe")
[Licensing::Module] LicensingClient has failed validation; ignoring
[Package Manager] Connected to IPC stream "Upm-39428" after 0.6 seconds.
[Licensing::Module] Licensing is not yet initialized.
[Licensing::Client] Handshaking with LicensingClient:
  Version:                 1.18.1+9fbee8e
  Session Id:              d2dbeabd977f430e975c8ae7f9a047b7
  Correlation Id:          e912542dabeb8b6ecdc45fa1306b2081
  External correlation Id: 5858552037521134316
  Machine Id:              Wq6DjxQJzu/D9N9icyr2lUgH8QM=
[Licensing::Module] Successfully connected to LicensingClient on channel: "LicenseClient-Catlaxy" (connect: 0.85s, validation: 0.27s, handshake: 0.13s)
[Licensing::IpcConnector] Successfully connected to: "LicenseClient-Catlaxy-notifications" at "2026-09-09T14:36:41.5098729Z"
[Licensing::Module] Connected to LicensingClient (PId: 6352, launch time: 0.01, total connection time: 1.26s)
[Licensing::Module] Error: Access token is unavailable; failed to update
[Licensing::Client] Successfully resolved entitlement details
[Licensing::Module] License group:
  Id: ewogICJzdWJzR3JvdXAiIDogInVuaXR5IGVkaXRvciIsCiAgIm5hbWVzcGFjZSIgOiAidW5pdHlfZWRpdG9yIiwKICAidHlwZSIgOiAiRURJVE9SIiwKICAidGFnIiA6ICJVbml0eVBlcnNvbmFsXXXX
  Product: Unity Personal Version
  Type: Assigned
  Expiration: Unlimited
[Licensing::Client] Successfully updated license, isAsync: True, time: 0.02
[Licensing::Client] Successfully resolved entitlement details
[Licensing::Module] Licensing Background thread has ended after 1.37s
[Licensing::Module] Licensing is initialized (took 0.24s).
[Licensing::Client] Successfully resolved entitlement details
Library Redirect Path: Library/
[Physics::Module] Selected backend.
[Physics::Module] Name: PhysX
[Physics::Module] Id: 0xf2b8ea05
[Physics::Module] SDK Version: 4.1.2
[Physics::Module] Integration Version: 1.0.0
[Physics::Module] Threading Mode: Multi-Threaded
Refreshing native plugins compatible for Editor in 2.90 ms, found 4 plugins.
Preloading 0 native plugins for Editor in 0.00 ms.
Initialize engine version: 6000.3.17f1 (cf0352b38e81)
[Subsystems] Discovering subsystems at path E:/Unity/Editor/Unity 6000.3.17f1/Editor/Data/Resources/UnitySubsystems
[Subsystems] Discovering subsystems at path E:/ZZZ/ZCode/10_Unity/Remielle_Main/Assets
GfxDevice: creating device client; kGfxThreadingModeNonThreaded
Direct3D:
    Version:  Direct3D 11.0 [level 11.1]
    Renderer: NVIDIA GeForce RTX 5070 Ti Laptop GPU (ID=0x2f18)
    Vendor:   NVIDIA
    VRAM:     11944 MB
    Driver:   32.0.16.1047
Initialize mono
Mono path[0] = 'E:/Unity/Editor/Unity 6000.3.17f1/Editor/Data/Managed'
Mono path[1] = 'E:/Unity/Editor/Unity 6000.3.17f1/Editor/Data/MonoBleedingEdge/lib/mono/unityjit-win32'
Mono config path = 'E:/Unity/Editor/Unity 6000.3.17f1/Editor/Data/MonoBleedingEdge/etc'
Using monoOptions --debugger-agent=transport=dt_socket,embedding=1,server=y,suspend=n,address=127.0.0.1:56428
Using cacheserver namespaces - metadata:defaultmetadata, artifacts:defaultartifacts
Using cacheserver namespaces - metadata:defaultmetadata, artifacts:defaultartifacts
ImportWorker Server TCP listen port: 0
AcceleratorClientConnectionCallback - disconnected - :0
Begin MonoManager ReloadAssembly
Registering precompiled unity dll's ...
Register platform support module: E:/Unity/Editor/Unity 6000.3.17f1/Editor/Data/PlaybackEngines/WindowsStandaloneSupport/UnityEditor.WindowsStandalone.Extensions.dll
Registered in 0.002316 seconds.
- Loaded All Assemblies, in  0.889 seconds
Native extension for WindowsStandalone target not found
Package Manager log level set to [2]
ScheduleIndexationOnStartup MainProcess:False IndexOnStartup:False
Mono: successfully reloaded assembly
- Finished resetting the current domain, in  0.895 seconds
Domain Reload Profiling: 1783ms
	BeginReloadAssembly (266ms)
		ExecutionOrderSort (0ms)
		DisableScriptedObjects (0ms)
		BackupInstance (0ms)
		ReleaseScriptingObjects (0ms)
		CreateAndSetChildDomain (4ms)
	RebuildCommonClasses (107ms)
	RebuildNativeTypeToScriptingClass (30ms)
	initialDomainReloadingComplete (99ms)
	LoadAllAssembliesAndSetupDomain (387ms)
		LoadAssemblies (260ms)
		RebuildTransferFunctionScriptingTraits (0ms)
		AnalyzeDomain (380ms)
			TypeCache.Refresh (372ms)
				TypeCache.ScanAssembly (347ms)
			BuildScriptInfoCaches (0ms)
			ResolveRequiredComponents (1ms)
	FinalizeReload (896ms)
		ReleaseScriptCaches (0ms)
		RebuildScriptCaches (0ms)
		SetupLoadedEditorAssemblies (801ms)
			LogAssemblyErrors (0ms)
			InitializePlatformSupportModulesInManaged (108ms)
			SetLoadedEditorAssemblies (8ms)
			BeforeProcessingInitializeOnLoad (186ms)
			ProcessInitializeOnLoadAttributes (314ms)
			ProcessInitializeOnLoadMethodAttributes (185ms)
			AfterProcessingInitializeOnLoad (0ms)
			EditorAssembliesLoaded (0ms)
		ExecutionOrderSort2 (0ms)
		AwakeInstancesAfterBackupRestoration (0ms)
[Licensing::Client] Successfully resolved entitlement details
Application.AssetDatabase Initial Refresh Start
[Package Manager] Restoring resolved packages state from cache
[Licensing::Client] Successfully resolved entitlement details
[Package Manager] Registered 73 packages:
  Packages from [https://packages.unity.com]:
    com.unity.ads@4.16.4 (location: E:\ZZZ\ZCode\10_Unity\Remielle_Main\Library\PackageCache\com.unity.ads@e89225828059)
    com.unity.ai.navigation@2.0.12 (location: E:\ZZZ\ZCode\10_Unity\Remielle_Main\Library\PackageCache\com.unity.ai.navigation@734c2c4c5591)
    com.unity.analytics@3.8.2 (location: E:\ZZZ\ZCode\10_Unity\Remielle_Main\Library\PackageCache\com.unity.analytics@c9d14a6bdec6)
    com.unity.collab-proxy@2.12.4 (location: E:\ZZZ\ZCode\10_Unity\Remielle_Main\Library\PackageCache\com.unity.collab-proxy@0b1559bcd34e)
    com.unity.ide.rider@3.0.40 (location: E:\ZZZ\ZCode\10_Unity\Remielle_Main\Library\PackageCache\com.unity.ide.rider@e4950c6d131b)
    com.unity.ide.visualstudio@2.0.26 (location: E:\ZZZ\ZCode\10_Unity\Remielle_Main\Library\PackageCache\com.unity.ide.visualstudio@a99d56dec63f)
    com.unity.inputsystem@1.19.0 (location: E:\ZZZ\ZCode\10_Unity\Remielle_Main\Library\PackageCache\com.unity.inputsystem@21a28c3a6c83)
    com.unity.purchasing@4.15.0 (location: E:\ZZZ\ZCode\10_Unity\Remielle_Main\Library\PackageCache\com.unity.purchasing@ffbc76639aab)
    com.unity.timeline@1.8.12 (location: E:\ZZZ\ZCode\10_Unity\Remielle_Main\Library\PackageCache\com.unity.timeline@8cd8509afae5)
    com.unity.xr.legacyinputhelpers@2.1.13 (location: E:\ZZZ\ZCode\10_Unity\Remielle_Main\Library\PackageCache\com.unity.xr.legacyinputhelpers@9535ff2c27ac)
    com.unity.editorcoroutines@1.1.0 (location: E:\ZZZ\ZCode\10_Unity\Remielle_Main\Library\PackageCache\com.unity.editorcoroutines@87a15ed012c2)
    com.unity.nuget.newtonsoft-json@3.2.2 (location: E:\ZZZ\ZCode\10_Unity\Remielle_Main\Library\PackageCache\com.unity.nuget.newtonsoft-json@4dfd81071c64)
    com.unity.splines@2.8.4 (location: E:\ZZZ\ZCode\10_Unity\Remielle_Main\Library\PackageCache\com.unity.splines@9b00833aca09)
    com.unity.mathematics@1.3.3 (location: E:\ZZZ\ZCode\10_Unity\Remielle_Main\Library\PackageCache\com.unity.mathematics@19a9377c4ffa)
    com.unity.collections@2.6.6 (location: E:\ZZZ\ZCode\10_Unity\Remielle_Main\Library\PackageCache\com.unity.collections@9796e5ee0d9e)
    com.unity.services.core@1.17.0 (location: E:\ZZZ\ZCode\10_Unity\Remielle_Main\Library\PackageCache\com.unity.services.core@517695160ac6)
    com.unity.services.analytics@6.3.0 (location: E:\ZZZ\ZCode\10_Unity\Remielle_Main\Library\PackageCache\com.unity.services.analytics@cde4e6cf92f9)
    com.unity.settings-manager@2.1.1 (location: E:\ZZZ\ZCode\10_Unity\Remielle_Main\Library\PackageCache\com.unity.settings-manager@0b8638c5ce86)
    com.unity.burst@1.8.29 (location: E:\ZZZ\ZCode\10_Unity\Remielle_Main\Library\PackageCache\com.unity.burst@6bb9aca3ef38)
    com.unity.nuget.mono-cecil@1.11.6 (location: E:\ZZZ\ZCode\10_Unity\Remielle_Main\Library\PackageCache\com.unity.nuget.mono-cecil@ecb9724e46ff)
    com.unity.test-framework.performance@3.5.0 (location: E:\ZZZ\ZCode\10_Unity\Remielle_Main\Library\PackageCache\com.unity.test-framework.performance@8b56083ec0f0)
    com.unity.searcher@4.9.4 (location: E:\ZZZ\ZCode\10_Unity\Remielle_Main\Library\PackageCache\com.unity.searcher@d45a78918735)
  Built-in packages:
    com.unity.2d.sprite@1.0.0 (location: E:\ZZZ\ZCode\10_Unity\Remielle_Main\Library\PackageCache\com.unity.2d.sprite@3cb28db060cf)
    com.unity.2d.tilemap@1.0.0 (location: E:\ZZZ\ZCode\10_Unity\Remielle_Main\Library\PackageCache\com.unity.2d.tilemap@7538f229e26c)
    com.unity.multiplayer.center@1.0.1 (location: E:\ZZZ\ZCode\10_Unity\Remielle_Main\Library\PackageCache\com.unity.multiplayer.center@f01f4ba8d00a)
    com.unity.test-framework@1.6.0 (location: E:\ZZZ\ZCode\10_Unity\Remielle_Main\Library\PackageCache\com.unity.test-framework@ecf40a72f8c1)
    com.unity.ugui@2.0.0 (location: E:\ZZZ\ZCode\10_Unity\Remielle_Main\Library\PackageCache\com.unity.ugui@05e8dec4ac02)
    com.unity.modules.accessibility@1.0.0 (location: E:\ZZZ\ZCode\10_Unity\Remielle_Main\Library\PackageCache\com.unity.modules.accessibility)
    com.unity.modules.adaptiveperformance@1.0.0 (location: E:\ZZZ\ZCode\10_Unity\Remielle_Main\Library\PackageCache\com.unity.modules.adaptiveperformance)
    com.unity.modules.ai@1.0.0 (location: E:\ZZZ\ZCode\10_Unity\Remielle_Main\Library\PackageCache\com.unity.modules.ai)
    com.unity.modules.androidjni@1.0.0 (location: E:\ZZZ\ZCode\10_Unity\Remielle_Main\Library\PackageCache\com.unity.modules.androidjni)
    com.unity.modules.animation@1.0.0 (location: E:\ZZZ\ZCode\10_Unity\Remielle_Main\Library\PackageCache\com.unity.modules.animation)
    com.unity.modules.assetbundle@1.0.0 (location: E:\ZZZ\ZCode\10_Unity\Remielle_Main\Library\PackageCache\com.unity.modules.assetbundle)
    com.unity.modules.audio@1.0.0 (location: E:\ZZZ\ZCode\10_Unity\Remielle_Main\Library\PackageCache\com.unity.modules.audio)
    com.unity.modules.cloth@1.0.0 (location: E:\ZZZ\ZCode\10_Unity\Remielle_Main\Library\PackageCache\com.unity.modules.cloth)
    com.unity.modules.director@1.0.0 (location: E:\ZZZ\ZCode\10_Unity\Remielle_Main\Library\PackageCache\com.unity.modules.director)
    com.unity.modules.imageconversion@1.0.0 (location: E:\ZZZ\ZCode\10_Unity\Remielle_Main\Library\PackageCache\com.unity.modules.imageconversion)
    com.unity.modules.imgui@1.0.0 (location: E:\ZZZ\ZCode\10_Unity\Remielle_Main\Library\PackageCache\com.unity.modules.imgui)
    com.unity.modules.jsonserialize@1.0.0 (location: E:\ZZZ\ZCode\10_Unity\Remielle_Main\Library\PackageCache\com.unity.modules.jsonserialize)
    com.unity.modules.particlesystem@1.0.0 (location: E:\ZZZ\ZCode\10_Unity\Remielle_Main\Library\PackageCache\com.unity.modules.particlesystem)
    com.unity.modules.physics@1.0.0 (location: E:\ZZZ\ZCode\10_Unity\Remielle_Main\Library\PackageCache\com.unity.modules.physics)
    com.unity.modules.physics2d@1.0.0 (location: E:\ZZZ\ZCode\10_Unity\Remielle_Main\Library\PackageCache\com.unity.modules.physics2d)
    com.unity.modules.screencapture@1.0.0 (location: E:\ZZZ\ZCode\10_Unity\Remielle_Main\Library\PackageCache\com.unity.modules.screencapture)
    com.unity.modules.terrain@1.0.0 (location: E:\ZZZ\ZCode\10_Unity\Remielle_Main\Library\PackageCache\com.unity.modules.terrain)
    com.unity.modules.terrainphysics@1.0.0 (location: E:\ZZZ\ZCode\10_Unity\Remielle_Main\Library\PackageCache\com.unity.modules.terrainphysics)
    com.unity.modules.tilemap@1.0.0 (location: E:\ZZZ\ZCode\10_Unity\Remielle_Main\Library\PackageCache\com.unity.modules.tilemap)
    com.unity.modules.ui@1.0.0 (location: E:\ZZZ\ZCode\10_Unity\Remielle_Main\Library\PackageCache\com.unity.modules.ui)
    com.unity.modules.uielements@1.0.0 (location: E:\ZZZ\ZCode\10_Unity\Remielle_Main\Library\PackageCache\com.unity.modules.uielements)
    com.unity.modules.umbra@1.0.0 (location: E:\ZZZ\ZCode\10_Unity\Remielle_Main\Library\PackageCache\com.unity.modules.umbra)
    com.unity.modules.unityanalytics@1.0.0 (location: E:\ZZZ\ZCode\10_Unity\Remielle_Main\Library\PackageCache\com.unity.modules.unityanalytics)
    com.unity.modules.unitywebrequest@1.0.0 (location: E:\ZZZ\ZCode\10_Unity\Remielle_Main\Library\PackageCache\com.unity.modules.unitywebrequest)
    com.unity.modules.unitywebrequestassetbundle@1.0.0 (location: E:\ZZZ\ZCode\10_Unity\Remielle_Main\Library\PackageCache\com.unity.modules.unitywebrequestassetbundle)
    com.unity.modules.unitywebrequestaudio@1.0.0 (location: E:\ZZZ\ZCode\10_Unity\Remielle_Main\Library\PackageCache\com.unity.modules.unitywebrequestaudio)
    com.unity.modules.unitywebrequesttexture@1.0.0 (location: E:\ZZZ\ZCode\10_Unity\Remielle_Main\Library\PackageCache\com.unity.modules.unitywebrequesttexture)
    com.unity.modules.unitywebrequestwww@1.0.0 (location: E:\ZZZ\ZCode\10_Unity\Remielle_Main\Library\PackageCache\com.unity.modules.unitywebrequestwww)
    com.unity.modules.vectorgraphics@1.0.0 (location: E:\ZZZ\ZCode\10_Unity\Remielle_Main\Library\PackageCache\com.unity.modules.vectorgraphics)
    com.unity.modules.vehicles@1.0.0 (location: E:\ZZZ\ZCode\10_Unity\Remielle_Main\Library\PackageCache\com.unity.modules.vehicles)
    com.unity.modules.video@1.0.0 (location: E:\ZZZ\ZCode\10_Unity\Remielle_Main\Library\PackageCache\com.unity.modules.video)
    com.unity.modules.vr@1.0.0 (location: E:\ZZZ\ZCode\10_Unity\Remielle_Main\Library\PackageCache\com.unity.modules.vr)
    com.unity.modules.wind@1.0.0 (location: E:\ZZZ\ZCode\10_Unity\Remielle_Main\Library\PackageCache\com.unity.modules.wind)
    com.unity.modules.xr@1.0.0 (location: E:\ZZZ\ZCode\10_Unity\Remielle_Main\Library\PackageCache\com.unity.modules.xr)
    com.unity.shadergraph@17.3.0 (location: E:\ZZZ\ZCode\10_Unity\Remielle_Main\Library\PackageCache\com.unity.shadergraph@4892040ec25e)
    com.unity.modules.subsystems@1.0.0 (location: E:\ZZZ\ZCode\10_Unity\Remielle_Main\Library\PackageCache\com.unity.modules.subsystems)
    com.unity.modules.hierarchycore@1.0.0 (location: E:\ZZZ\ZCode\10_Unity\Remielle_Main\Library\PackageCache\com.unity.modules.hierarchycore)
    com.unity.ext.nunit@2.0.5 (location: E:\ZZZ\ZCode\10_Unity\Remielle_Main\Library\PackageCache\com.unity.ext.nunit@d8c07649098d)
    com.unity.render-pipelines.core@17.3.0 (location: E:\ZZZ\ZCode\10_Unity\Remielle_Main\Library\PackageCache\com.unity.render-pipelines.core@0cc60402ef53)
  Embedded packages:
    com.unity.cinemachine@file:E:\ZZZ\ZCode\10_Unity\Remielle_Main\Packages\com.unity.cinemachine (location: E:\ZZZ\ZCode\10_Unity\Remielle_Main\Packages\com.unity.cinemachine)
    com.meliverse.hoyotoon@file:E:\ZZZ\ZCode\10_Unity\Remielle_Main\Packages\com.meliverse.hoyotoon (location: E:\ZZZ\ZCode\10_Unity\Remielle_Main\Packages\com.meliverse.hoyotoon)
    com.nickmaltbie.openkcc@file:E:\ZZZ\ZCode\10_Unity\Remielle_Main\Packages\com.nickmaltbie.openkcc (location: E:\ZZZ\ZCode\10_Unity\Remielle_Main\Packages\com.nickmaltbie.openkcc)
    com.nickmaltbie.screenmanager@file:E:\ZZZ\ZCode\10_Unity\Remielle_Main\Packages\com.nickmaltbie.screenmanager (location: E:\ZZZ\ZCode\10_Unity\Remielle_Main\Packages\com.nickmaltbie.screenmanager)
    com.nickmaltbie.statemachineunity@file:E:\ZZZ\ZCode\10_Unity\Remielle_Main\Packages\com.nickmaltbie.statemachineunity (location: E:\ZZZ\ZCode\10_Unity\Remielle_Main\Packages\com.nickmaltbie.statemachineunity)
    com.nickmaltbie.testutilsunity@file:E:\ZZZ\ZCode\10_Unity\Remielle_Main\Packages\com.nickmaltbie.testutilsunity (location: E:\ZZZ\ZCode\10_Unity\Remielle_Main\Packages\com.nickmaltbie.testutilsunity)
  Git packages:
    org.khronos.unitygltf@https://github.com/KhronosGroup/UnityGLTF.git#release/2.20.0 (location: E:\ZZZ\ZCode\10_Unity\Remielle_Main\Library\PackageCache\org.khronos.unitygltf@74d7064fa339)
[Package Manager] com.unity.purchasing@4.15.0 is deprecated: Unity IAP 4 is unsupported as of June 8, 2026. IAP 5 is the supported version going forward.
[Subsystems] No new subsystems found in resolved package list.
[Package Manager] Done registering packages in 0.07 seconds
Assembly reference Packages/com.unity.cinemachine/Editor/Samples/ExposeHDRPInternals/HDRP-Editor-ref.asmref has no target assembly definition
Assembly reference Packages/org.khronos.unitygltf/Editor/Scripts/ShaderGraph/InternalURP/UnityGLTF.URP.Internal.asmref has no target assembly definition
Assembly reference Packages/org.khronos.unitygltf/Runtime/Scripts/Interactivity/VisualScripting/Units/Unity.VisualScripting.asmref has no target assembly definition
Assembly reference Packages/com.unity.cinemachine/Editor/Samples/ExposeHDRPInternals/HDRP-Editor-ref.asmref has no target assembly definition
Assembly reference Packages/org.khronos.unitygltf/Editor/Scripts/ShaderGraph/InternalURP/UnityGLTF.URP.Internal.asmref has no target assembly definition
Assembly reference Packages/org.khronos.unitygltf/Runtime/Scripts/Interactivity/VisualScripting/Units/Unity.VisualScripting.asmref has no target assembly definition
info: Microsoft.Hosting.Lifetime[14]
      Now listening on: http://localhost:80
info: Microsoft.Hosting.Lifetime[0]
      Application started. Press Ctrl+C to shut down.
info: Microsoft.Hosting.Lifetime[0]
      Hosting environment: Production
info: Microsoft.Hosting.Lifetime[0]
      Content root path: E:\ZZZ\ZCode\10_Unity\Remielle_Main\
info: Microsoft.AspNetCore.Hosting.Diagnostics[1]
      Request starting HTTP/2 POST http://ilpp/UnityILPP.PostProcessing/Ping application/grpc -
info: Microsoft.AspNetCore.Routing.EndpointMiddleware[0]
      Executing endpoint 'gRPC - /UnityILPP.PostProcessing/Ping'
info: Microsoft.AspNetCore.Routing.EndpointMiddleware[1]
      Executed endpoint 'gRPC - /UnityILPP.PostProcessing/Ping'
info: Microsoft.AspNetCore.Hosting.Diagnostics[2]
      Request finished HTTP/2 POST http://ilpp/UnityILPP.PostProcessing/Ping application/grpc - - 200 - application/grpc 95.2136ms
Starting: E:\Unity\Editor\Unity 6000.3.17f1\Editor\Data\Tools\BuildPipeline\bee_backend.exe --ipc --defer-dag-verification --dagfile="Library/Bee/1900b0aE.dag" --continue-on-failure --profile="Library/Bee/backend1.traceevents" ScriptAssemblies
WorkingDir: E:/ZZZ/ZCode/10_Unity/Remielle_Main
info: Microsoft.AspNetCore.Hosting.Diagnostics[1]
      Request starting HTTP/2 POST http://ilpp/UnityILPP.PostProcessing/ConfigurePostProcessors application/grpc -
info: Microsoft.AspNetCore.Routing.EndpointMiddleware[0]
      Executing endpoint 'gRPC - /UnityILPP.PostProcessing/ConfigurePostProcessors'
warn: Unity.ILPP.Runner.PostProcessingAssemblyLoadContext[0]
      Assembly system.runtime.interopservices.windowsruntime has duplicate hint path. Ignoring "E:\Unity\Editor\Unity 6000.3.17f1\Editor\Data\UnityReferenceAssemblies\unity-4.8-api\Facades\System.Runtime.InteropServices.WindowsRuntime.dll" in favor of "E:\Unity\Editor\Unity 6000.3.17f1\Editor\Data\NetStandard\Extensions\2.0.0\System.Runtime.InteropServices.WindowsRuntime.dll"
warn: Unity.ILPP.Runner.PostProcessingAssemblyLoadContext[0]
      Assembly system.componentmodel.composition has duplicate hint path. Ignoring "E:\Unity\Editor\Unity 6000.3.17f1\Editor\Data\UnityReferenceAssemblies\unity-4.8-api\System.ComponentModel.Composition.dll" in favor of "E:\Unity\Editor\Unity 6000.3.17f1\Editor\Data\NetStandard\compat\2.1.0\shims\netfx\System.ComponentModel.Composition.dll"
DisplayProgressbar: Compiling Scripts
info: Unity.ILPP.Runner.PostProcessingAssemblyLoadContext[0]
      Resolved Unity.Burst.Cecil, Version=0.11.6.0, Culture=neutral, PublicKeyToken=50cebf1cceb9d05e with Library\PackageCache\com.unity.burst@6bb9aca3ef38\Unity.Burst.CodeGen\Unity.Burst.Cecil.dll
info: Unity.ILPP.Runner.PostProcessingAssemblyLoadContext[0]
      Resolved Mono.Cecil, Version=0.11.5.0, Culture=neutral, PublicKeyToken=50cebf1cceb9d05e with Library\PackageCache\com.unity.nuget.mono-cecil@ecb9724e46ff\Mono.Cecil.dll
info: Microsoft.AspNetCore.Routing.EndpointMiddleware[1]
      Executed endpoint 'gRPC - /UnityILPP.PostProcessing/ConfigurePostProcessors'
info: Microsoft.AspNetCore.Hosting.Diagnostics[2]
      Request finished HTTP/2 POST http://ilpp/UnityILPP.PostProcessing/ConfigurePostProcessors application/grpc - - 200 - application/grpc 108.3051ms
ExitCode: 0 Duration: 0s634ms
[1068/1402  0s] ILPP-Configuration Library/ilpp-configuration.nevergeneratedoutput
*** Tundra build success (0.55 seconds), 1 items updated, 1402 evaluated
AssetDatabase: script compilation time: 1.770812s
Begin MonoManager ReloadAssembly
Symbol file LoadedFromMemory is not a mono symbol file
- Loaded All Assemblies, in  1.910 seconds
'Packages/com.unity.cinemachine/Editor/Editors/CinemachineVirtualCameraBaseEditor.cs' contains partial class of Unity.Object, exactly 1 of the partial classes needs to be in a file with the same filename. This is to know the one that can be referenced from ie. GameObjects
'Packages/com.unity.cinemachine/Editor/Obsolete/CinemachineVirtualCameraBaseEditor.cs' contains partial class of Unity.Object, exactly 1 of the partial classes needs to be in a file with the same filename. This is to know the one that can be referenced from ie. GameObjects
Refreshing native plugins compatible for Editor in 7.34 ms, found 7 plugins.
Native extension for WindowsStandalone target not found
Assembly reference Packages/com.unity.cinemachine/Editor/Samples/ExposeHDRPInternals/HDRP-Editor-ref.asmref has no target assembly definition
Assembly reference Packages/org.khronos.unitygltf/Editor/Scripts/ShaderGraph/InternalURP/UnityGLTF.URP.Internal.asmref has no target assembly definition
Assembly reference Packages/org.khronos.unitygltf/Runtime/Scripts/Interactivity/VisualScripting/Units/Unity.VisualScripting.asmref has no target assembly definition
Refreshing native plugins compatible for Editor in 8.09 ms, found 7 plugins.
ScheduleIndexationOnStartup MainProcess:True IndexOnStartup:True
Mono: successfully reloaded assembly
- Finished resetting the current domain, in  9.039 seconds
Domain Reload Profiling: 10947ms
	BeginReloadAssembly (554ms)
		ExecutionOrderSort (0ms)
		DisableScriptedObjects (73ms)
		BackupInstance (0ms)
		ReleaseScriptingObjects (0ms)
		CreateAndSetChildDomain (190ms)
	RebuildCommonClasses (81ms)
	RebuildNativeTypeToScriptingClass (28ms)
	initialDomainReloadingComplete (59ms)
	LoadAllAssembliesAndSetupDomain (1185ms)
		LoadAssemblies (794ms)
		RebuildTransferFunctionScriptingTraits (0ms)
		AnalyzeDomain (604ms)
			TypeCache.Refresh (407ms)
				TypeCache.ScanAssembly (377ms)
			BuildScriptInfoCaches (169ms)
			ResolveRequiredComponents (13ms)
	FinalizeReload (9040ms)
		ReleaseScriptCaches (0ms)
		RebuildScriptCaches (0ms)
		SetupLoadedEditorAssemblies (8466ms)
			LogAssemblyErrors (0ms)
			InitializePlatformSupportModulesInManaged (55ms)
			SetLoadedEditorAssemblies (9ms)
			BeforeProcessingInitializeOnLoad (492ms)
			ProcessInitializeOnLoadAttributes (6988ms)
			ProcessInitializeOnLoadMethodAttributes (915ms)
			AfterProcessingInitializeOnLoad (5ms)
			EditorAssembliesLoaded (3ms)
		ExecutionOrderSort2 (0ms)
		AwakeInstancesAfterBackupRestoration (68ms)
Asset Pipeline Refresh (id=0fd32270b3c393748b76468290b163bc): Total: 14.383 seconds - Initiated by InitialRefreshV2(ForceSynchronousImport)
	Summary:
		Imports: total=0 (actual=0, local cache=0, cache server=0)
		Asset DB Process Time: managed=0 ms, native=10382 ms
		Asset DB Callback time: managed=43 ms, native=74 ms
		Scripting: domain reloads=1, domain reload time=1911 ms, compile time=1774 ms, other=197 ms
		Project Asset Count: scripts=2309, non-scripts=4795
		Asset File Changes: new=0, changed=0, moved=0, deleted=0
		Scan Filter Count: 0
	InvokeCustomDependenciesCallbacks: 0.004ms
	InvokePackagesCallback: 81.064ms
	ApplyChangesToAssetFolders: 2.679ms
	Scan: 428.689ms
	OnSourceAssetsModified: 0.007ms
	CategorizeAssetsWithTransientArtifact: 100.960ms
	ProcessAssetsWithTransientArtifactChanges: 207.699ms
	CategorizeAssets: 128.899ms
	ImportOutOfDateAssets: 9073.076ms (7294.000ms without children)
		CompileScripts: 1773.783ms
		ReloadNativeAssets: 0.001ms
		UnloadImportedAssets: 0.366ms
		EnsureUptoDateAssetsAreRegisteredWithGuidPM: 3.464ms
		InitializingProgressBar: 0.001ms
		PostProcessAllAssetNotificationsAddChangedAssets: 0.002ms
		OnDemandSchedulerStart: 1.460ms
	PostProcessAllAssets: 43.500ms
	GatherAllCurrentPrimaryArtifactRevisions: 0.006ms
	UnloadStreamsBegin: 6.057ms
	PersistCurrentRevisions: 0.361ms
	UnloadStreamsEnd: 0.003ms
	GenerateScriptTypeHashes: 6.053ms
	Untracked: 4309.928ms

Application.AssetDatabase Initial Refresh End
Launched and connected shader compiler UnityShaderCompiler.exe after 0.03 seconds
Scanning for USB devices : 10.352ms
Initializing Unity extensions:
[MODES] ModeService[none].Initialize
[MODES] ModeService[none].LoadModes
[MODES] Loading mode Default (0) for mode-current-id-com.unity.template.urp-blank
Unloading 38 Unused Serialized files (Serialized files now loaded: 0)
Unloading 7001 unused Assets / (7.8 MB). Loaded Objects now: 7608.
Memory consumption went from 211.7 MB to 203.9 MB.
Total: 29.568400 ms (FindLiveObjects: 1.180200 ms CreateObjectMapping: 0.527000 ms MarkObjects: 21.135600 ms  DeleteObjects: 6.722900 ms)

Start importing Assets/RenderingReview/CapturedNativeMaterial/Textures/fc43364814f9eb37957e68b971ca435e28a65be8759c112974d154dee1e0dce1.asset using Guid(007b9b2b004fb4e4f8e6e45cd1b73978) (NativeFormatImporter) -> (artifact id: 'e89b6d6ee806b647d35075feb80d4b98') in 0.0379761 seconds
Start importing Assets/RenderingReview/CapturedNativeMaterial/Textures/18bb189aef5c99d67127025787a063f289acb0da5225ef8b21988d5a91fa596a.asset using Guid(d0357478609746345953447287afe4bf) (NativeFormatImporter) -> (artifact id: '26deb8aa42026cd151cb79703fcdfade') in 0.0413471 seconds
Start importing Assets/RenderingReview/CapturedNativeMaterial/Textures/da012a4dbd1503039282b921fd17ca0cd2f5df88fa5cae8919f714c11f98769c.asset using Guid(71236e9cf677bfc4da4c0328b0ae9863) (NativeFormatImporter) -> (artifact id: 'acc13c981ba43823e8aa0c61d3196f71') in 0.0525394 seconds
Start importing Assets/RenderingReview/CapturedNativeMaterial/Textures/cbf43ad3fba0a4681cb6c12e81ec7d996316613ebbbbcce17a02e50da4766b3a.asset using Guid(81dd33025122306459b4689263bbfc9b) (NativeFormatImporter) -> (artifact id: '256e9e1f01e85db9119b8b0967a1a42a') in 0.0035842 seconds
Start importing Assets/RenderingReview/CapturedNativeMaterial/Textures/87192c5711c1ec5b380d66d50b72d4b0d5f2aefeb6463490f29acc82b748b149.asset using Guid(a304279918a72cf4db51f95bac3c79a1) (NativeFormatImporter) -> (artifact id: '968a7954797948bb36f5ae063ab69601') in 0.0502983 seconds
Start importing Assets/RenderingReview/CapturedNativeMaterial/Textures/4d29a03b2f62f4b94a9b8485629cf73f4688949b280d1d3797b98828a5496576.asset using Guid(44fb7540b7d496c4e90d002dcf01e060) (NativeFormatImporter) -> (artifact id: '3a41b0ec954f727d28c619029353829e') in 0.0462442 seconds
Start importing Assets/RenderingReview/CapturedNativeMaterial/Textures/5cc2d7f56722e2cf71cd5f7154d10aa1ea01294bba7306086a71661d56ce54ef.asset using Guid(843ba8afef36daf41a11f434e66d758e) (NativeFormatImporter) -> (artifact id: '48fa5e8c9bfb3cde2c3794221f38b5c0') in 0.0450068 seconds
Start importing Assets/RenderingReview/CapturedNativeMaterial/Textures/51400bb32144ecb0417115e9af8b117a152acfab3c73cbb51f814abf98657971.asset using Guid(151924605c8dcee429e107c54ea831e1) (NativeFormatImporter) -> (artifact id: 'd1cf8f65e1b012c9347cdf630b0104cd') in 0.0473735 seconds
Start importing Assets/RenderingReview/CapturedNativeMaterial/Textures/b22eb834f3ddf8d779f0cd5d86e7fa5e782797725a56c2f41e4f98fc32b4a0fa.asset using Guid(750ed82bffc1aa244a4da3509c3becf2) (NativeFormatImporter) -> (artifact id: 'ae2d5102369a7829439adecc4cad1fe4') in 0.0426146 seconds
Start importing Assets/RenderingReview/CapturedNativeMaterial/Textures/a76cc09d2e86f49ad14558f86495a2bf11346fb72724cdf87b957633e988d5e9.asset using Guid(d543bf478099c564da864d6ab289fca4) (NativeFormatImporter) -> (artifact id: '9a06248e4170bbf4d302846e191583f6') in 0.003602 seconds
Start importing Assets/RenderingReview/CapturedNativeMaterial/Textures/7909143fd2399ff01859e13fcc002a792ddad06d2b895bd7a73c9108a4493a5f.asset using Guid(16413df109daa4c4dbba1a72f986e254) (NativeFormatImporter) -> (artifact id: 'c2f707078aa40f06f127d1a135a0cb10') in 0.0078406 seconds
Start importing Assets/RenderingReview/CapturedNativeMaterial/Textures/fcb12d4537be0b1036cd881156f533e894e65f228a70aea69d6b356f7e3f487f.asset using Guid(2638d31ccf5bd924398d17e0baaab3be) (NativeFormatImporter) -> (artifact id: 'e3fc5ff7e7b84963885999f52f6e1a25') in 0.0032256 seconds
Start importing Assets/RenderingReview/CapturedNativeMaterial/Textures/8c999cf9223d8431854126fe48ff1e60a3068a41638b7fbcd3ae50e7ca121e07.asset using Guid(c6dd1b0c4b44a7e41b5c38282ca2f733) (NativeFormatImporter) -> (artifact id: '3738b0bc137bfea63475490e2926b1bc') in 0.0502629 seconds
Start importing Assets/RenderingReview/CapturedNativeMaterial/Textures/b1c1cb6f392333adead706443d0594ebb7de0ad2bc6e98441627cd6fce285d33.asset using Guid(f64dd29d902e3ca4bb1383bbcb3087ca) (NativeFormatImporter) -> (artifact id: '2cdb565b39bc8511153f840350d33e46') in 0.0233323 seconds
Start importing Assets/RenderingReview/CapturedNativeMaterial/Textures/f4fb43f78067d2326d5b09efe8ecc26c715f5822fdb0382bf6310536cdf93b0f.asset using Guid(18d35f439d1f16f4f83cf4a565abaff8) (NativeFormatImporter) -> (artifact id: '14b783c3c496b9e03042519b8f6b107f') in 0.0034042 seconds
Start importing Assets/RenderingReview/CapturedNativeMaterial/Textures/eacf6fabc72c7640b9e659910f24552adeecdf031a08e6b4a5588713399653b0.asset using Guid(1866cac24efcf1240adcfd620c6995cc) (NativeFormatImporter) -> (artifact id: '3e388264f8afa4ffe95a4d5c21721cc8') in 0.0402118 seconds
Start importing Assets/RenderingReview/CapturedNativeMaterial/Textures/2fa28279d75057ba431bc1459e3bd231fce373b2129c06eacd570017e8dfe2e9.asset using Guid(282667ae849c3254194f92f3e013bb0a) (NativeFormatImporter) -> (artifact id: '05ca3529a09b71355afdd827c74b6f94') in 0.0495918 seconds
Start importing Assets/RenderingReview/CapturedNativeMaterial/Textures/e4645a13cce7bbbdca7add70066d34c7805e57a0fa7deb9b1e169adc803beb4f.asset using Guid(38da447e2d92a3e4abfd0585f72a2988) (NativeFormatImporter) -> (artifact id: 'dd3aa52921cf5f4f97fffe35f22bad35') in 0.0478933 seconds
Start importing Assets/RenderingReview/CapturedNativeMaterial/Textures/ffc633cc581dc1b2121675ea7feff871dc6e99760389bc8dd2036a11916b9893.asset using Guid(48efe2eed25b2ac4bb283b4b2156b7ff) (NativeFormatImporter) -> (artifact id: '1f4ed2b239039c5cf86638b105420460') in 0.047115 seconds
Start importing Assets/RenderingReview/CapturedNativeMaterial/Textures/e07354a17c9a0db92f922f1a7d15c2a79b1048934befd6e8407c56d506f71906.asset using Guid(e8332d18eb6f58b4bb33e3b838d8e848) (NativeFormatImporter) -> (artifact id: '8136b8e6a1ae037d5913b1f1cf594b0f') in 0.0259887 seconds
Start importing Assets/RenderingReview/CapturedNativeMaterial/Textures/5d2fc4a7d47dd247a55a915cbd32e332c753e58861af2ec0bfc7bf9b253fe9b6.asset using Guid(7991b962d97334343b87b10a24e5be66) (NativeFormatImporter) -> (artifact id: 'ba634e504c72be8d70179141b2ec9822') in 0.0511348 seconds
Start importing Assets/RenderingReview/CapturedNativeMaterial/Textures/cc41f74da8cf86e7b3010a64a1ccfa41d8918c4b2c6ef7fb3074e88c565cec13.asset using Guid(99669ef17136aef4ea7690192d3b9fb8) (NativeFormatImporter) -> (artifact id: '69ac8a565b06311a49b27b5c04367166') in 0.0470748 seconds
Start importing Assets/RenderingReview/CapturedNativeMaterial/Textures/f133dccfe3ea007fed6866437799efb62eda3e39568f9a364d88b3342adf468a.asset using Guid(8a675b6d8193e7e4499d03f75914dd10) (NativeFormatImporter) -> (artifact id: '0d813869e7990e49e2df22d0102c7626') in 0.0483182 seconds
Start importing Assets/RenderingReview/CapturedNativeMaterial/Textures/43e46f09807facb1569705183c9675d42979a60b86dfea0932049b6aa3effff9.asset using Guid(9ad60591f0e0dd746a6c293b5bffbaf3) (NativeFormatImporter) -> (artifact id: 'a52be1853068ab424d8ea0c2f5fdb8fb') in 0.0483937 seconds
Start importing Assets/RenderingReview/CapturedNativeMaterial/Textures/7a13f121c0c9aaab287bdea41069f61faa4d7c93a1044396b3385abf5bf512be.asset using Guid(9adbd84cfd1d4204ba9fba9de3476d61) (NativeFormatImporter) -> (artifact id: '898ba36597d06566fa2b724411ff5984') in 0.0452831 seconds
Start importing Assets/RenderingReview/CapturedNativeMaterial/Textures/c42676284472b6f697b141463fdbddc43f9c7a0f77c1dd69d20a9f8cb18f5bb2.asset using Guid(4b474da8a89bfd84d918350af21c6507) (NativeFormatImporter) -> (artifact id: '87b265d2c9365791f9297738245024b1') in 0.051661 seconds
Start importing Assets/RenderingReview/CapturedNativeMaterial/Textures/378025e2fe3e03536823297b799859de26e0b4a5951d6c119de8163aa1408736.asset using Guid(9b49fd820124fae47bddd648472a7b39) (NativeFormatImporter) -> (artifact id: 'a9fbed2014ffa526fbeabd0552e88c2d') in 0.0086446 seconds
Start importing Assets/RenderingReview/CapturedNativeMaterial/Textures/348512cea6cd6bd70b896680fffe42313979923a2fa411bab9e922b105b07b87.asset using Guid(cbad03c7573e0de41a0cc7aac5795fd2) (NativeFormatImporter) -> (artifact id: '1a99ee2590a5e75205b793afa22592eb') in 0.0461607 seconds
Start importing Assets/RenderingReview/CapturedNativeMaterial/Textures/30cb05c5436311ec994cd28fe79f1ced3f856440e2d623b8dc375f8428f9824a.asset using Guid(3d074774c1099e3449614a200c969382) (NativeFormatImporter) -> (artifact id: 'b2e376656b87c40c95fa8fbaf3dec1ab') in 0.0058954 seconds
Start importing Assets/RenderingReview/CapturedNativeMaterial/Textures/9f8d9fac108d69142b2d2a839128468fe99f9cb6cc46d1a3ce7d31297673eb74.asset using Guid(adc26f303c643f848b282293f5e79d9a) (NativeFormatImporter) -> (artifact id: '87116e369f68d6f840b5f26065dc85c4') in 0.0246138 seconds
Start importing Assets/RenderingReview/CapturedNativeMaterial/Textures/6041da2974c40d8556141ed8ab4c12c177757da5ee128e57fc6af3207267efe5.asset using Guid(4e8f9462c36d803459ac639d0994a10f) (NativeFormatImporter) -> (artifact id: '630dc734affae2b2704534f995a60c3e') in 0.0434993 seconds
Start importing Assets/RenderingReview/CapturedNativeMaterial/Textures/13f366039de96a16756d4ca89dd79eef857baad8a1349cb7454c3468be1b54d1.asset using Guid(fe78bd6d51052b7419422818f030fad6) (NativeFormatImporter) -> (artifact id: '9b87e3f7c0ff26771ec421bf7e4ddbaa') in 0.0496538 seconds
Start importing Assets/RenderingReview/CapturedNativeMaterial/Textures/5e3c10ad9d34bf7140b6c203dbe5d9952f42153526f136229124df4d687048f4.asset using Guid(fe2bc835403fad04c86d4888e3af5857) (NativeFormatImporter) -> (artifact id: '73240326a443b03d5e7be1b1178d5626') in 0.0588761 seconds
Start importing Assets/RenderingReview/CapturedNativeMaterial/Textures/a9802c448a22b59b14b2587ef26f4255938905bcd1abad521c1e2c923ccd06b2.asset using Guid(2f3c63578b139ee4783f58551e7134f7) (NativeFormatImporter) -> (artifact id: '46d366b20cf5c7d9fe5f30e07a84fa2e') in 0.0325424 seconds
Start importing Assets/RenderingReview/CapturedNativeMaterial/Textures/6b007864f4739382b0e0da2d3bd6dbeaa0d9a4fc5f3ad7c760f1e339edf3a510.asset using Guid(bf76cc15c3ff43b46bd1a061a2565fb1) (NativeFormatImporter) -> (artifact id: '448239bf728ecc3331fa95dbf8639f48') in 0.0545547 seconds
Start importing Assets/RenderingReview/CapturedNativeMaterial/Textures/f4d5f7f5aac4e494592d1b540088f38fc80506ec179ca6ae6d3f61a64aea3b99.asset using Guid(bf1d8346263d70e409b6a627b82c0fc0) (NativeFormatImporter) -> (artifact id: '5629b087c613cd2feac7a0aff656ec1e') in 0.0543482 seconds
Refreshing native plugins compatible for Editor in 6.71 ms, found 7 plugins.
Preloading 0 native plugins for Editor in 0.00 ms.
Asset Pipeline Refresh (id=a1bf78b2a44652d46812b5b2a555a63e): Total: 3.569 seconds - Initiated by StopAssetImportingV2(NoUpdateAssetOptions)
	Summary:
		Imports: total=36 (actual=36, local cache=0, cache server=0)
		Asset DB Process Time: managed=9 ms, native=3317 ms
		Asset DB Callback time: managed=219 ms, native=22 ms
		Scripting: domain reloads=0, domain reload time=0 ms, compile time=0 ms, other=0 ms
		Project Asset Count: scripts=2309, non-scripts=4795
		Asset File Changes: new=0, changed=0, moved=0, deleted=0
		Scan Filter Count: 40
	InvokeCustomDependenciesCallbacks: 0.001ms
	InvokePackagesCallback: 0.002ms
	ApplyChangesToAssetFolders: 0.253ms
	Scan: 49.137ms
	OnSourceAssetsModified: 0.002ms
	CategorizeAssetsWithTransientArtifact: 0.098ms
	ProcessAssetsWithTransientArtifactChanges: 0.062ms
	CategorizeAssets: 5.698ms
	ImportOutOfDateAssets: 3264.204ms (0.589ms without children)
		ImportManagerImport: 3260.250ms (1897.364ms without children)
			ImportInProcess: 1362.376ms
			UpdateCategorizedAssets: 0.511ms
		ReloadNativeAssets: 0.118ms
		UnloadImportedAssets: 0.399ms
		ReloadImportedAssets: 0.023ms
		EnsureUptoDateAssetsAreRegisteredWithGuidPM: 2.068ms
		InitializingProgressBar: 0.010ms
		PostProcessAllAssetNotificationsAddChangedAssets: 0.002ms
		OnDemandSchedulerStart: 0.745ms
	PostProcessAllAssets: 234.820ms
	Hotreload: 7.815ms
	GatherAllCurrentPrimaryArtifactRevisions: 0.606ms
	UnloadStreamsBegin: 0.112ms
	PersistCurrentRevisions: 0.467ms
	UnloadStreamsEnd: 0.486ms
	Untracked: 5.529ms

REMIELLE_NATIVE_TEXTURE_IMPORT_PASS 36
UnityEngine.Debug:ExtractStackTraceNoAlloc (byte*,int,string)
UnityEngine.StackTraceUtility:ExtractStackTrace ()
UnityEngine.DebugLogHandler:Internal_Log (UnityEngine.LogType,UnityEngine.LogOption,string,UnityEngine.Object)
UnityEngine.DebugLogHandler:LogFormat (UnityEngine.LogType,UnityEngine.Object,string,object[])
UnityEngine.Logger:Log (UnityEngine.LogType,object)
UnityEngine.Debug:Log (object)
RemielleNativeTextureImportAudit:Run () (at Assets/Editor/RemielleNativeTextureImportAudit.cs:53)
RemielleSourceMipGpuAudit:Run () (at Assets/Editor/RemielleSourceMipGpuAudit.cs:18)

(Filename: Assets/Editor/RemielleNativeTextureImportAudit.cs Line: 53)

REMIELLE_SOURCE_MIP_READBACK_COMPLETE textures=8 mips=91 samples=17467
UnityEngine.Debug:ExtractStackTraceNoAlloc (byte*,int,string)
UnityEngine.StackTraceUtility:ExtractStackTrace ()
UnityEngine.DebugLogHandler:Internal_Log (UnityEngine.LogType,UnityEngine.LogOption,string,UnityEngine.Object)
UnityEngine.DebugLogHandler:LogFormat (UnityEngine.LogType,UnityEngine.Object,string,object[])
UnityEngine.Logger:Log (UnityEngine.LogType,object)
UnityEngine.Debug:Log (object)
RemielleSourceMipGpuAudit:Run () (at Assets/Editor/RemielleSourceMipGpuAudit.cs:69)

(Filename: Assets/Editor/RemielleSourceMipGpuAudit.cs Line: 69)

Batchmode quit successfully invoked - shutting down!
[Physics::Module] Cleanup current backend.
[Physics::Module] Id: 0xf2b8ea05
Input System module state changed to: ShutdownInProgress.
Input System polling thread exited.
Input System module state changed to: Shutdown.
[Licensing::IpcConnector] LicenseClient-Catlaxy-notifications channel disconnected successfully.
[Licensing::IpcConnector] LicenseClient-Catlaxy channel disconnected successfully.
AcceleratorClientConnectionCallback - disconnected - :0
Shut down.
Cleanup mono
abort_threads: Failed aborting id: 0000000000002BF4, mono_thread_manage will ignore it

abort_threads: Failed aborting id: 00000000000085B0, mono_thread_manage will ignore it

abort_threads: Failed aborting id: 0000000000002BF4, mono_thread_manage will ignore it

abort_threads: Failed aborting id: 00000000000085B0, mono_thread_manage will ignore it

debugger-agent: Unable to listen on 4608
Exiting batchmode successfully now!
Exiting without the bug reporter. Application will terminate with return code 0