[Licensing::Module] Trying to connect to existing licensing client channel...
Built from '6000.3/staging' branch; Version is '6000.3.17f1 (cf0352b38e81) revision 13566802'; Using compiler version '194234433'; Build Type 'Release'
[Licensing::IpcConnector] Channel LicenseClient-Catlaxy doesn't exist
OS: 'Windows 11  (10.0.26200) CoreCountrySpecific' Language: 'zh' Physical Memory: 31932 MB
BatchMode: 1, IsHumanControllingUs: 0, StartBugReporterOnCrash: 0, Is64bit: 1
System  architecture: x64
Process architecture: x64
Date: 2026-09-09T13:15:05Z
[Licensing::Module] Successfully launched the LicensingClient (PId: 36896)

COMMAND LINE ARGUMENTS:
E:\Unity\Editor\Unity 6000.3.17f1\Editor\Unity.exe
-batchmode
-quit
-projectPath
E:\ZZZ\ZCode\10_Unity\Remielle_Main
-logFile
E:\ZZZ\ZCode\90_Builds\unity-import-compile-check.log
Successfully changed project path to: E:\ZZZ\ZCode\10_Unity\Remielle_Main
E:/ZZZ/ZCode/10_Unity/Remielle_Main
[UnityMemory] Configuration Parameters - Can be set up in boot.config
    "memorysetup-temp-allocator-size-nav-mesh-worker=65536"
    "memorysetup-temp-allocator-size-audio-worker=65536"
    "memorysetup-temp-allocator-size-gfx=262144"
    "memorysetup-allocator-temp-initial-block-size-main=262144"
    "memorysetup-allocator-temp-initial-block-size-worker=262144"
    "memorysetup-temp-allocator-size-background-worker=32768"
    "memorysetup-temp-allocator-size-job-worker=262144"
    "memorysetup-temp-allocator-size-preload-manager=33554432"
    "memorysetup-temp-allocator-size-gi-baking-worker=262144"
    "memorysetup-temp-allocator-size-gi-baking-worker=262144"
    "memorysetup-temp-allocator-size-gi-baking-worker=262144"
    "memorysetup-temp-allocator-size-gi-baking-worker=262144"
    "memorysetup-temp-allocator-size-gi-baking-worker=262144"
    "memorysetup-bucket-allocator-granularity=16"
    "memorysetup-bucket-allocator-bucket-count=8"
    "memorysetup-bucket-allocator-block-size=33554432"
    "memorysetup-bucket-allocator-block-count=8"
    "memorysetup-main-allocator-block-size=16777216"
    "memorysetup-thread-allocator-block-size=16777216"
    "memorysetup-gfx-main-allocator-block-size=16777216"
    "memorysetup-gfx-thread-allocator-block-size=16777216"
    "memorysetup-cache-allocator-block-size=4194304"
    "memorysetup-typetree-allocator-block-size=2097152"
    "memorysetup-profiler-bucket-allocator-granularity=16"
    "memorysetup-profiler-bucket-allocator-bucket-count=8"
    "memorysetup-profiler-bucket-allocator-block-size=33554432"
    "memorysetup-profiler-bucket-allocator-block-count=8"
    "memorysetup-profiler-allocator-block-size=16777216"
    "memorysetup-profiler-editor-allocator-block-size=1048576"
    "memorysetup-temp-allocator-size-main=16777216"
    "memorysetup-job-temp-allocator-block-size=2097152"
    "memorysetup-job-temp-allocator-block-size-background=1048576"
    "memorysetup-job-temp-allocator-reduction-small-platforms=262144"
    "memorysetup-temp-allocator-size-cloud-worker=32768"
Player connection [36452]  Target information:

Player connection [36452]  * "[IP] 10.6.1.131 [Port] 55504 [Flags] 2 [Guid] 1365685237 [EditorId] 1365685237 [Version] 1048832 [Id] WindowsEditor(7,Catlaxy) [Debug] 1 [PackageName] WindowsEditor [ProjectName] Editor" 

Player connection [36452] Host joined multi-casting on [225.0.0.222:54997]...
Player connection [36452] Host joined alternative multi-casting on [225.0.0.222:34997]...
Input System module state changed to: Initialized.
[Physics::Module] Initialized fallback backend.
[Physics::Module] Id: 0xdecafbad
[Package Manager] Connected to IPC stream "Upm-38528" after 0.4 seconds.
[Licensing::Module] Licensing is not yet initialized.
Starting IPC server.
Waiting for clients to connect on \\.\pipe\Unity-LicenseClient-Catlaxy, press Ctrl-C to exit.
[Licensing::IpcConnector] Successfully connected to: "LicenseClient-Catlaxy" at "2026-09-09T13:15:12.492476Z"
[Licensing::Client] Code 10 while verifying Licensing Client signature (process Id: 36896, path: "E:/Unity/Editor/Unity 6000.3.17f1/Editor/Data/Resources/Licensing/Client/Unity.Licensing.Client.exe")
[Licensing::Module] LicensingClient has failed validation; ignoring
[Licensing::Client] Handshaking with LicensingClient:
  Version:                 1.18.1+9fbee8e
  Session Id:              74008ef4ff734602b7916fd361b5bd10
  Correlation Id:          aa8a310b1d23ea7ba1da3bd9730b3b32
  External correlation Id: 3724120040279638972
  Machine Id:              Wq6DjxQJzu/D9N9icyr2lUgH8QM=
[Licensing::Module] Successfully connected to LicensingClient on channel: "LicenseClient-Catlaxy" (connect: 6.56s, validation: 0.43s, handshake: 0.15s)
[Licensing::IpcConnector] Successfully connected to: "LicenseClient-Catlaxy-notifications" at "2026-09-09T13:15:13.0690036Z"
[Licensing::Module] Connected to LicensingClient (PId: 36896, launch time: 0.02, total connection time: 7.13s)
[Licensing::Module] Error: Access token is unavailable; failed to update
[Licensing::Client] Successfully resolved entitlement details
[Licensing::Module] License group:
  Id: ewogICJzdWJzR3JvdXAiIDogInVuaXR5IGVkaXRvciIsCiAgIm5hbWVzcGFjZSIgOiAidW5pdHlfZWRpdG9yIiwKICAidHlwZSIgOiAiRURJVE9SIiwKICAidGFnIiA6ICJVbml0eVBlcnNvbmFsXXXX
  Product: Unity Personal Version
  Type: Assigned
  Expiration: Unlimited
[Licensing::Client] Successfully updated license, isAsync: True, time: 0.03
[Licensing::Client] Successfully resolved entitlement details
[Licensing::Module] Licensing Background thread has ended after 7.23s
[Licensing::Module] Licensing is initialized (took 5.64s).
[Licensing::Client] Successfully resolved entitlement details
Library Redirect Path: Library/
Rebuilding Library because the asset database could not be found!
[Physics::Module] Selected backend.
[Physics::Module] Name: PhysX
[Physics::Module] Id: 0xf2b8ea05
[Physics::Module] SDK Version: 4.1.2
[Physics::Module] Integration Version: 1.0.0
[Physics::Module] Threading Mode: Multi-Threaded
Refreshing native plugins compatible for Editor in 0.00 ms, found 0 plugins.
Preloading 0 native plugins for Editor in 0.00 ms.
Initialize engine version: 6000.3.17f1 (cf0352b38e81)
[Subsystems] Discovering subsystems at path E:/Unity/Editor/Unity 6000.3.17f1/Editor/Data/Resources/UnitySubsystems
[Subsystems] Discovering subsystems at path E:/ZZZ/ZCode/10_Unity/Remielle_Main/Assets
GfxDevice: creating device client; kGfxThreadingModeNonThreaded
Direct3D:
    Version:  Direct3D 11.0 [level 11.1]
    Renderer: NVIDIA GeForce RTX 5070 Ti Laptop GPU (ID=0x2f18)
    Vendor:   NVIDIA
    VRAM:     11944 MB
    Driver:   32.0.16.1047
Initialize mono
Mono path[0] = 'E:/Unity/Editor/Unity 6000.3.17f1/Editor/Data/Managed'
Mono path[1] = 'E:/Unity/Editor/Unity 6000.3.17f1/Editor/Data/MonoBleedingEdge/lib/mono/unityjit-win32'
Mono config path = 'E:/Unity/Editor/Unity 6000.3.17f1/Editor/Data/MonoBleedingEdge/etc'
Using monoOptions --debugger-agent=transport=dt_socket,embedding=1,server=y,suspend=n,address=127.0.0.1:56528
Using cacheserver namespaces - metadata:defaultmetadata, artifacts:defaultartifacts
Using cacheserver namespaces - metadata:defaultmetadata, artifacts:defaultartifacts
ImportWorker Server TCP listen port: 0
AcceleratorClientConnectionCallback - disconnected - :0
Begin MonoManager ReloadAssembly
Registering precompiled unity dll's ...
Register platform support module: E:/Unity/Editor/Unity 6000.3.17f1/Editor/Data/PlaybackEngines/WindowsStandaloneSupport/UnityEditor.WindowsStandalone.Extensions.dll
Registered in 0.429127 seconds.
- Loaded All Assemblies, in 18.316 seconds
Native extension for WindowsStandalone target not found
Package Manager log level set to [2]
ScheduleIndexationOnStartup MainProcess:False IndexOnStartup:False
Mono: successfully reloaded assembly
- Finished resetting the current domain, in  1.075 seconds
Domain Reload Profiling: 19394ms
	BeginReloadAssembly (14517ms)
		ExecutionOrderSort (0ms)
		DisableScriptedObjects (0ms)
		BackupInstance (0ms)
		ReleaseScriptingObjects (0ms)
		CreateAndSetChildDomain (5ms)
	RebuildCommonClasses (801ms)
	RebuildNativeTypeToScriptingClass (27ms)
	initialDomainReloadingComplete (548ms)
	LoadAllAssembliesAndSetupDomain (2421ms)
		LoadAssemblies (14522ms)
		RebuildTransferFunctionScriptingTraits (0ms)
		AnalyzeDomain (2402ms)
			TypeCache.Refresh (2396ms)
				TypeCache.ScanAssembly (1926ms)
			BuildScriptInfoCaches (1ms)
			ResolveRequiredComponents (3ms)
	FinalizeReload (1079ms)
		ReleaseScriptCaches (0ms)
		RebuildScriptCaches (0ms)
		SetupLoadedEditorAssemblies (969ms)
			LogAssemblyErrors (0ms)
			InitializePlatformSupportModulesInManaged (115ms)
			SetLoadedEditorAssemblies (8ms)
			BeforeProcessingInitializeOnLoad (180ms)
			ProcessInitializeOnLoadAttributes (398ms)
			ProcessInitializeOnLoadMethodAttributes (266ms)
			AfterProcessingInitializeOnLoad (0ms)
			EditorAssembliesLoaded (2ms)
		ExecutionOrderSort2 (0ms)
		AwakeInstancesAfterBackupRestoration (0ms)
[Licensing::Client] Successfully resolved entitlement details
Application.AssetDatabase Initial Refresh Start
[Package Manager] Done resolving packages in 46.71 seconds
[Licensing::Client] Successfully resolved entitlement details
[Package Manager] Registered 73 packages:
  Packages from [https://packages.unity.com]:
    com.unity.ads@4.16.4 (location: E:\ZZZ\ZCode\10_Unity\Remielle_Main\Library\PackageCache\com.unity.ads@e89225828059)
    com.unity.ai.navigation@2.0.12 (location: E:\ZZZ\ZCode\10_Unity\Remielle_Main\Library\PackageCache\com.unity.ai.navigation@734c2c4c5591)
    com.unity.analytics@3.8.2 (location: E:\ZZZ\ZCode\10_Unity\Remielle_Main\Library\PackageCache\com.unity.analytics@c9d14a6bdec6)
    com.unity.collab-proxy@2.12.4 (location: E:\ZZZ\ZCode\10_Unity\Remielle_Main\Library\PackageCache\com.unity.collab-proxy@0b1559bcd34e)
    com.unity.ide.rider@3.0.40 (location: E:\ZZZ\ZCode\10_Unity\Remielle_Main\Library\PackageCache\com.unity.ide.rider@e4950c6d131b)
    com.unity.ide.visualstudio@2.0.26 (location: E:\ZZZ\ZCode\10_Unity\Remielle_Main\Library\PackageCache\com.unity.ide.visualstudio@a99d56dec63f)
    com.unity.inputsystem@1.19.0 (location: E:\ZZZ\ZCode\10_Unity\Remielle_Main\Library\PackageCache\com.unity.inputsystem@21a28c3a6c83)
    com.unity.purchasing@4.15.0 (location: E:\ZZZ\ZCode\10_Unity\Remielle_Main\Library\PackageCache\com.unity.purchasing@ffbc76639aab)
    com.unity.timeline@1.8.12 (location: E:\ZZZ\ZCode\10_Unity\Remielle_Main\Library\PackageCache\com.unity.timeline@8cd8509afae5)
    com.unity.xr.legacyinputhelpers@2.1.13 (location: E:\ZZZ\ZCode\10_Unity\Remielle_Main\Library\PackageCache\com.unity.xr.legacyinputhelpers@9535ff2c27ac)
    com.unity.editorcoroutines@1.1.0 (location: E:\ZZZ\ZCode\10_Unity\Remielle_Main\Library\PackageCache\com.unity.editorcoroutines@87a15ed012c2)
    com.unity.nuget.newtonsoft-json@3.2.2 (location: E:\ZZZ\ZCode\10_Unity\Remielle_Main\Library\PackageCache\com.unity.nuget.newtonsoft-json@4dfd81071c64)
    com.unity.splines@2.8.4 (location: E:\ZZZ\ZCode\10_Unity\Remielle_Main\Library\PackageCache\com.unity.splines@9b00833aca09)
    com.unity.mathematics@1.3.3 (location: E:\ZZZ\ZCode\10_Unity\Remielle_Main\Library\PackageCache\com.unity.mathematics@19a9377c4ffa)
    com.unity.collections@2.6.6 (location: E:\ZZZ\ZCode\10_Unity\Remielle_Main\Library\PackageCache\com.unity.collections@9796e5ee0d9e)
    com.unity.services.core@1.17.0 (location: E:\ZZZ\ZCode\10_Unity\Remielle_Main\Library\PackageCache\com.unity.services.core@517695160ac6)
    com.unity.services.analytics@6.3.0 (location: E:\ZZZ\ZCode\10_Unity\Remielle_Main\Library\PackageCache\com.unity.services.analytics@cde4e6cf92f9)
    com.unity.settings-manager@2.1.1 (location: E:\ZZZ\ZCode\10_Unity\Remielle_Main\Library\PackageCache\com.unity.settings-manager@0b8638c5ce86)
    com.unity.burst@1.8.29 (location: E:\ZZZ\ZCode\10_Unity\Remielle_Main\Library\PackageCache\com.unity.burst@6bb9aca3ef38)
    com.unity.nuget.mono-cecil@1.11.6 (location: E:\ZZZ\ZCode\10_Unity\Remielle_Main\Library\PackageCache\com.unity.nuget.mono-cecil@ecb9724e46ff)
    com.unity.test-framework.performance@3.5.0 (location: E:\ZZZ\ZCode\10_Unity\Remielle_Main\Library\PackageCache\com.unity.test-framework.performance@8b56083ec0f0)
    com.unity.searcher@4.9.4 (location: E:\ZZZ\ZCode\10_Unity\Remielle_Main\Library\PackageCache\com.unity.searcher@d45a78918735)
  Built-in packages:
    com.unity.2d.sprite@1.0.0 (location: E:\ZZZ\ZCode\10_Unity\Remielle_Main\Library\PackageCache\com.unity.2d.sprite@3cb28db060cf)
    com.unity.2d.tilemap@1.0.0 (location: E:\ZZZ\ZCode\10_Unity\Remielle_Main\Library\PackageCache\com.unity.2d.tilemap@7538f229e26c)
    com.unity.multiplayer.center@1.0.1 (location: E:\ZZZ\ZCode\10_Unity\Remielle_Main\Library\PackageCache\com.unity.multiplayer.center@f01f4ba8d00a)
    com.unity.test-framework@1.6.0 (location: E:\ZZZ\ZCode\10_Unity\Remielle_Main\Library\PackageCache\com.unity.test-framework@ecf40a72f8c1)
    com.unity.ugui@2.0.0 (location: E:\ZZZ\ZCode\10_Unity\Remielle_Main\Library\PackageCache\com.unity.ugui@05e8dec4ac02)
    com.unity.modules.accessibility@1.0.0 (location: E:\ZZZ\ZCode\10_Unity\Remielle_Main\Library\PackageCache\com.unity.modules.accessibility)
    com.unity.modules.adaptiveperformance@1.0.0 (location: E:\ZZZ\ZCode\10_Unity\Remielle_Main\Library\PackageCache\com.unity.modules.adaptiveperformance)
    com.unity.modules.ai@1.0.0 (location: E:\ZZZ\ZCode\10_Unity\Remielle_Main\Library\PackageCache\com.unity.modules.ai)
    com.unity.modules.androidjni@1.0.0 (location: E:\ZZZ\ZCode\10_Unity\Remielle_Main\Library\PackageCache\com.unity.modules.androidjni)
    com.unity.modules.animation@1.0.0 (location: E:\ZZZ\ZCode\10_Unity\Remielle_Main\Library\PackageCache\com.unity.modules.animation)
    com.unity.modules.assetbundle@1.0.0 (location: E:\ZZZ\ZCode\10_Unity\Remielle_Main\Library\PackageCache\com.unity.modules.assetbundle)
    com.unity.modules.audio@1.0.0 (location: E:\ZZZ\ZCode\10_Unity\Remielle_Main\Library\PackageCache\com.unity.modules.audio)
    com.unity.modules.cloth@1.0.0 (location: E:\ZZZ\ZCode\10_Unity\Remielle_Main\Library\PackageCache\com.unity.modules.cloth)
    com.unity.modules.director@1.0.0 (location: E:\ZZZ\ZCode\10_Unity\Remielle_Main\Library\PackageCache\com.unity.modules.director)
    com.unity.modules.imageconversion@1.0.0 (location: E:\ZZZ\ZCode\10_Unity\Remielle_Main\Library\PackageCache\com.unity.modules.imageconversion)
    com.unity.modules.imgui@1.0.0 (location: E:\ZZZ\ZCode\10_Unity\Remielle_Main\Library\PackageCache\com.unity.modules.imgui)
    com.unity.modules.jsonserialize@1.0.0 (location: E:\ZZZ\ZCode\10_Unity\Remielle_Main\Library\PackageCache\com.unity.modules.jsonserialize)
    com.unity.modules.particlesystem@1.0.0 (location: E:\ZZZ\ZCode\10_Unity\Remielle_Main\Library\PackageCache\com.unity.modules.particlesystem)
    com.unity.modules.physics@1.0.0 (location: E:\ZZZ\ZCode\10_Unity\Remielle_Main\Library\PackageCache\com.unity.modules.physics)
    com.unity.modules.physics2d@1.0.0 (location: E:\ZZZ\ZCode\10_Unity\Remielle_Main\Library\PackageCache\com.unity.modules.physics2d)
    com.unity.modules.screencapture@1.0.0 (location: E:\ZZZ\ZCode\10_Unity\Remielle_Main\Library\PackageCache\com.unity.modules.screencapture)
    com.unity.modules.terrain@1.0.0 (location: E:\ZZZ\ZCode\10_Unity\Remielle_Main\Library\PackageCache\com.unity.modules.terrain)
    com.unity.modules.terrainphysics@1.0.0 (location: E:\ZZZ\ZCode\10_Unity\Remielle_Main\Library\PackageCache\com.unity.modules.terrainphysics)
    com.unity.modules.tilemap@1.0.0 (location: E:\ZZZ\ZCode\10_Unity\Remielle_Main\Library\PackageCache\com.unity.modules.tilemap)
    com.unity.modules.ui@1.0.0 (location: E:\ZZZ\ZCode\10_Unity\Remielle_Main\Library\PackageCache\com.unity.modules.ui)
    com.unity.modules.uielements@1.0.0 (location: E:\ZZZ\ZCode\10_Unity\Remielle_Main\Library\PackageCache\com.unity.modules.uielements)
    com.unity.modules.umbra@1.0.0 (location: E:\ZZZ\ZCode\10_Unity\Remielle_Main\Library\PackageCache\com.unity.modules.umbra)
    com.unity.modules.unityanalytics@1.0.0 (location: E:\ZZZ\ZCode\10_Unity\Remielle_Main\Library\PackageCache\com.unity.modules.unityanalytics)
    com.unity.modules.unitywebrequest@1.0.0 (location: E:\ZZZ\ZCode\10_Unity\Remielle_Main\Library\PackageCache\com.unity.modules.unitywebrequest)
    com.unity.modules.unitywebrequestassetbundle@1.0.0 (location: E:\ZZZ\ZCode\10_Unity\Remielle_Main\Library\PackageCache\com.unity.modules.unitywebrequestassetbundle)
    com.unity.modules.unitywebrequestaudio@1.0.0 (location: E:\ZZZ\ZCode\10_Unity\Remielle_Main\Library\PackageCache\com.unity.modules.unitywebrequestaudio)
    com.unity.modules.unitywebrequesttexture@1.0.0 (location: E:\ZZZ\ZCode\10_Unity\Remielle_Main\Library\PackageCache\com.unity.modules.unitywebrequesttexture)
    com.unity.modules.unitywebrequestwww@1.0.0 (location: E:\ZZZ\ZCode\10_Unity\Remielle_Main\Library\PackageCache\com.unity.modules.unitywebrequestwww)
    com.unity.modules.vectorgraphics@1.0.0 (location: E:\ZZZ\ZCode\10_Unity\Remielle_Main\Library\PackageCache\com.unity.modules.vectorgraphics)
    com.unity.modules.vehicles@1.0.0 (location: E:\ZZZ\ZCode\10_Unity\Remielle_Main\Library\PackageCache\com.unity.modules.vehicles)
    com.unity.modules.video@1.0.0 (location: E:\ZZZ\ZCode\10_Unity\Remielle_Main\Library\PackageCache\com.unity.modules.video)
    com.unity.modules.vr@1.0.0 (location: E:\ZZZ\ZCode\10_Unity\Remielle_Main\Library\PackageCache\com.unity.modules.vr)
    com.unity.modules.wind@1.0.0 (location: E:\ZZZ\ZCode\10_Unity\Remielle_Main\Library\PackageCache\com.unity.modules.wind)
    com.unity.modules.xr@1.0.0 (location: E:\ZZZ\ZCode\10_Unity\Remielle_Main\Library\PackageCache\com.unity.modules.xr)
    com.unity.shadergraph@17.3.0 (location: E:\ZZZ\ZCode\10_Unity\Remielle_Main\Library\PackageCache\com.unity.shadergraph@4892040ec25e)
    com.unity.modules.subsystems@1.0.0 (location: E:\ZZZ\ZCode\10_Unity\Remielle_Main\Library\PackageCache\com.unity.modules.subsystems)
    com.unity.modules.hierarchycore@1.0.0 (location: E:\ZZZ\ZCode\10_Unity\Remielle_Main\Library\PackageCache\com.unity.modules.hierarchycore)
    com.unity.ext.nunit@2.0.5 (location: E:\ZZZ\ZCode\10_Unity\Remielle_Main\Library\PackageCache\com.unity.ext.nunit@d8c07649098d)
    com.unity.render-pipelines.core@17.3.0 (location: E:\ZZZ\ZCode\10_Unity\Remielle_Main\Library\PackageCache\com.unity.render-pipelines.core@0cc60402ef53)
  Embedded packages:
    com.unity.cinemachine@file:E:\ZZZ\ZCode\10_Unity\Remielle_Main\Packages\com.unity.cinemachine (location: E:\ZZZ\ZCode\10_Unity\Remielle_Main\Packages\com.unity.cinemachine)
    com.meliverse.hoyotoon@file:E:\ZZZ\ZCode\10_Unity\Remielle_Main\Packages\com.meliverse.hoyotoon (location: E:\ZZZ\ZCode\10_Unity\Remielle_Main\Packages\com.meliverse.hoyotoon)
    com.nickmaltbie.openkcc@file:E:\ZZZ\ZCode\10_Unity\Remielle_Main\Packages\com.nickmaltbie.openkcc (location: E:\ZZZ\ZCode\10_Unity\Remielle_Main\Packages\com.nickmaltbie.openkcc)
    com.nickmaltbie.screenmanager@file:E:\ZZZ\ZCode\10_Unity\Remielle_Main\Packages\com.nickmaltbie.screenmanager (location: E:\ZZZ\ZCode\10_Unity\Remielle_Main\Packages\com.nickmaltbie.screenmanager)
    com.nickmaltbie.statemachineunity@file:E:\ZZZ\ZCode\10_Unity\Remielle_Main\Packages\com.nickmaltbie.statemachineunity (location: E:\ZZZ\ZCode\10_Unity\Remielle_Main\Packages\com.nickmaltbie.statemachineunity)
    com.nickmaltbie.testutilsunity@file:E:\ZZZ\ZCode\10_Unity\Remielle_Main\Packages\com.nickmaltbie.testutilsunity (location: E:\ZZZ\ZCode\10_Unity\Remielle_Main\Packages\com.nickmaltbie.testutilsunity)
  Git packages:
    org.khronos.unitygltf@https://github.com/KhronosGroup/UnityGLTF.git#release/2.20.0 (location: E:\ZZZ\ZCode\10_Unity\Remielle_Main\Library\PackageCache\org.khronos.unitygltf@74d7064fa339)
[Package Manager] com.unity.purchasing@4.15.0 is deprecated: Unity IAP 4 is unsupported as of June 8, 2026. IAP 5 is the supported version going forward.
[Subsystems] No new subsystems found in resolved package list.
[Package Manager] Done registering packages in 0.01 seconds
