[Licensing::Module] Trying to connect to existing licensing client channel...
Built from '6000.3/staging' branch; Version is '6000.3.17f1 (cf0352b38e81) revision 13566802'; Using compiler version '194234433'; Build Type 'Release'
[Licensing::IpcConnector] Channel LicenseClient-Catlaxy doesn't exist
OS: 'Windows 11  (10.0.26200) CoreCountrySpecific' Language: 'zh' Physical Memory: 31932 MB
BatchMode: 1, IsHumanControllingUs: 0, StartBugReporterOnCrash: 0, Is64bit: 1
System  architecture: x64
Process architecture: x64
Date: 2026-09-09T17:56:21Z
[Licensing::Module] Successfully launched the LicensingClient (PId: 36172)

COMMAND LINE ARGUMENTS:
E:\Unity\Editor\Unity 6000.3.17f1\Editor\Unity.exe
-batchmode
-quit
-projectPath
E:\ZZZ\ZCode\10_Unity\Remielle_Main
-executeMethod
Remielle.Controller.Editor.SourceWalkToRunAudit.Run
-logFile
E:\ZZZ/ZCode/90_Builds/walktorun-policy.log
Successfully changed project path to: E:\ZZZ\ZCode\10_Unity\Remielle_Main
E:/ZZZ/ZCode/10_Unity/Remielle_Main
[UnityMemory] Configuration Parameters - Can be set up in boot.config
    "memorysetup-temp-allocator-size-nav-mesh-worker=65536"
    "memorysetup-temp-allocator-size-audio-worker=65536"
    "memorysetup-temp-allocator-size-gfx=262144"
    "memorysetup-allocator-temp-initial-block-size-main=262144"
    "memorysetup-allocator-temp-initial-block-size-worker=262144"
    "memorysetup-temp-allocator-size-background-worker=32768"
    "memorysetup-temp-allocator-size-job-worker=262144"
    "memorysetup-temp-allocator-size-preload-manager=33554432"
    "memorysetup-temp-allocator-size-gi-baking-worker=262144"
    "memorysetup-temp-allocator-size-gi-baking-worker=262144"
    "memorysetup-temp-allocator-size-gi-baking-worker=262144"
    "memorysetup-temp-allocator-size-gi-baking-worker=262144"
    "memorysetup-temp-allocator-size-gi-baking-worker=262144"
    "memorysetup-bucket-allocator-granularity=16"
    "memorysetup-bucket-allocator-bucket-count=8"
    "memorysetup-bucket-allocator-block-size=33554432"
    "memorysetup-bucket-allocator-block-count=8"
    "memorysetup-main-allocator-block-size=16777216"
    "memorysetup-thread-allocator-block-size=16777216"
    "memorysetup-gfx-main-allocator-block-size=16777216"
    "memorysetup-gfx-thread-allocator-block-size=16777216"
    "memorysetup-cache-allocator-block-size=4194304"
    "memorysetup-typetree-allocator-block-size=2097152"
    "memorysetup-profiler-bucket-allocator-granularity=16"
    "memorysetup-profiler-bucket-allocator-bucket-count=8"
    "memorysetup-profiler-bucket-allocator-block-size=33554432"
    "memorysetup-profiler-bucket-allocator-block-count=8"
    "memorysetup-profiler-allocator-block-size=16777216"
    "memorysetup-profiler-editor-allocator-block-size=1048576"
    "memorysetup-temp-allocator-size-main=16777216"
    "memorysetup-job-temp-allocator-block-size=2097152"
    "memorysetup-job-temp-allocator-block-size-background=1048576"
    "memorysetup-job-temp-allocator-reduction-small-platforms=262144"
    "memorysetup-temp-allocator-size-cloud-worker=32768"
Player connection [32988]  Target information:

Player connection [32988]  * "[IP] 10.6.1.131 [Port] 55504 [Flags] 2 [Guid] 1293928091 [EditorId] 1293928091 [Version] 1048832 [Id] WindowsEditor(7,Catlaxy) [Debug] 1 [PackageName] WindowsEditor [ProjectName] Editor" 

Player connection [32988] Host joined multi-casting on [225.0.0.222:54997]...
Player connection [32988] Host joined alternative multi-casting on [225.0.0.222:34997]...
Input System module state changed to: Initialized.
[Physics::Module] Initialized fallback backend.
[Physics::Module] Id: 0xdecafbad
Starting IPC server.
Waiting for clients to connect on \\.\pipe\Unity-LicenseClient-Catlaxy, press Ctrl-C to exit.
[Licensing::IpcConnector] Successfully connected to: "LicenseClient-Catlaxy" at "2026-09-09T17:56:21.5682073Z"
[Licensing::Client] Code 10 while verifying Licensing Client signature (process Id: 36172, path: "E:/Unity/Editor/Unity 6000.3.17f1/Editor/Data/Resources/Licensing/Client/Unity.Licensing.Client.exe")
[Licensing::Module] LicensingClient has failed validation; ignoring
[Package Manager] Connected to IPC stream "Upm-27360" after 0.2 seconds.
[Licensing::Module] Licensing is not yet initialized.
[Licensing::Client] Handshaking with LicensingClient:
  Version:                 1.18.1+9fbee8e
  Session Id:              c42a855d8d9a4b69a17eab66599d5e15
  Correlation Id:          4f6135f077376ee2346b2dcc80f63f9a
  External correlation Id: 6657394175749126316
  Machine Id:              Wq6DjxQJzu/D9N9icyr2lUgH8QM=
[Licensing::Module] Successfully connected to LicensingClient on channel: "LicenseClient-Catlaxy" (connect: 0.24s, validation: 0.11s, handshake: 0.04s)
[Licensing::IpcConnector] Successfully connected to: "LicenseClient-Catlaxy-notifications" at "2026-09-09T17:56:21.7152381Z"
[Licensing::Module] Connected to LicensingClient (PId: 36172, launch time: 0.00, total connection time: 0.39s)
[Licensing::Module] Error: Access token is unavailable; failed to update
[Licensing::Client] Successfully resolved entitlement details
[Licensing::Module] License group:
  Id: ewogICJzdWJzR3JvdXAiIDogInVuaXR5IGVkaXRvciIsCiAgIm5hbWVzcGFjZSIgOiAidW5pdHlfZWRpdG9yIiwKICAidHlwZSIgOiAiRURJVE9SIiwKICAidGFnIiA6ICJVbml0eVBlcnNvbmFsXXXX
  Product: Unity Personal Version
  Type: Assigned
  Expiration: Unlimited
[Licensing::Client] Successfully updated license, isAsync: True, time: 0.01
[Licensing::Client] Successfully resolved entitlement details
[Licensing::Module] Licensing Background thread has ended after 0.42s
[Licensing::Module] Licensing is initialized (took 0.06s).
[Licensing::Client] Successfully resolved entitlement details
Library Redirect Path: Library/
[Physics::Module] Selected backend.
[Physics::Module] Name: PhysX
[Physics::Module] Id: 0xf2b8ea05
[Physics::Module] SDK Version: 4.1.2
[Physics::Module] Integration Version: 1.0.0
[Physics::Module] Threading Mode: Multi-Threaded
Refreshing native plugins compatible for Editor in 1.22 ms, found 4 plugins.
Preloading 0 native plugins for Editor in 0.00 ms.
Initialize engine version: 6000.3.17f1 (cf0352b38e81)
[Subsystems] Discovering subsystems at path E:/Unity/Editor/Unity 6000.3.17f1/Editor/Data/Resources/UnitySubsystems
[Subsystems] Discovering subsystems at path E:/ZZZ/ZCode/10_Unity/Remielle_Main/Assets
GfxDevice: creating device client; kGfxThreadingModeNonThreaded
Direct3D:
    Version:  Direct3D 11.0 [level 11.1]
    Renderer: NVIDIA GeForce RTX 5070 Ti Laptop GPU (ID=0x2f18)
    Vendor:   NVIDIA
    VRAM:     11944 MB
    Driver:   32.0.16.1047
Initialize mono
Mono path[0] = 'E:/Unity/Editor/Unity 6000.3.17f1/Editor/Data/Managed'
Mono path[1] = 'E:/Unity/Editor/Unity 6000.3.17f1/Editor/Data/MonoBleedingEdge/lib/mono/unityjit-win32'
Mono config path = 'E:/Unity/Editor/Unity 6000.3.17f1/Editor/Data/MonoBleedingEdge/etc'
Using monoOptions --debugger-agent=transport=dt_socket,embedding=1,server=y,suspend=n,address=127.0.0.1:56360
Using cacheserver namespaces - metadata:defaultmetadata, artifacts:defaultartifacts
Using cacheserver namespaces - metadata:defaultmetadata, artifacts:defaultartifacts
ImportWorker Server TCP listen port: 0
AcceleratorClientConnectionCallback - disconnected - :0
Begin MonoManager ReloadAssembly
Registering precompiled unity dll's ...
Register platform support module: E:/Unity/Editor/Unity 6000.3.17f1/Editor/Data/PlaybackEngines/WindowsStandaloneSupport/UnityEditor.WindowsStandalone.Extensions.dll
Registered in 0.000856 seconds.
- Loaded All Assemblies, in  0.259 seconds
Native extension for WindowsStandalone target not found
Package Manager log level set to [2]
ScheduleIndexationOnStartup MainProcess:False IndexOnStartup:False
Mono: successfully reloaded assembly
- Finished resetting the current domain, in  0.251 seconds
Domain Reload Profiling: 509ms
	BeginReloadAssembly (90ms)
		ExecutionOrderSort (0ms)
		DisableScriptedObjects (0ms)
		BackupInstance (0ms)
		ReleaseScriptingObjects (0ms)
		CreateAndSetChildDomain (14ms)
	RebuildCommonClasses (24ms)
	RebuildNativeTypeToScriptingClass (8ms)
	initialDomainReloadingComplete (28ms)
	LoadAllAssembliesAndSetupDomain (108ms)
		LoadAssemblies (76ms)
		RebuildTransferFunctionScriptingTraits (0ms)
		AnalyzeDomain (106ms)
			TypeCache.Refresh (104ms)
				TypeCache.ScanAssembly (95ms)
			BuildScriptInfoCaches (0ms)
			ResolveRequiredComponents (0ms)
	FinalizeReload (251ms)
		ReleaseScriptCaches (0ms)
		RebuildScriptCaches (0ms)
		SetupLoadedEditorAssemblies (224ms)
			LogAssemblyErrors (0ms)
			InitializePlatformSupportModulesInManaged (31ms)
			SetLoadedEditorAssemblies (3ms)
			BeforeProcessingInitializeOnLoad (52ms)
			ProcessInitializeOnLoadAttributes (86ms)
			ProcessInitializeOnLoadMethodAttributes (52ms)
			AfterProcessingInitializeOnLoad (0ms)
			EditorAssembliesLoaded (0ms)
		ExecutionOrderSort2 (0ms)
		AwakeInstancesAfterBackupRestoration (0ms)
[Licensing::Client] Successfully resolved entitlement details
Application.AssetDatabase Initial Refresh Start
[Package Manager] Restoring resolved packages state from cache
[Licensing::Client] Successfully resolved entitlement details
[Package Manager] Registered 73 packages:
  Packages from [https://packages.unity.com]:
    com.unity.ads@4.16.4 (location: E:\ZZZ\ZCode\10_Unity\Remielle_Main\Library\PackageCache\com.unity.ads@e89225828059)
    com.unity.ai.navigation@2.0.12 (location: E:\ZZZ\ZCode\10_Unity\Remielle_Main\Library\PackageCache\com.unity.ai.navigation@734c2c4c5591)
    com.unity.analytics@3.8.2 (location: E:\ZZZ\ZCode\10_Unity\Remielle_Main\Library\PackageCache\com.unity.analytics@c9d14a6bdec6)
    com.unity.collab-proxy@2.12.4 (location: E:\ZZZ\ZCode\10_Unity\Remielle_Main\Library\PackageCache\com.unity.collab-proxy@0b1559bcd34e)
    com.unity.ide.rider@3.0.40 (location: E:\ZZZ\ZCode\10_Unity\Remielle_Main\Library\PackageCache\com.unity.ide.rider@e4950c6d131b)
    com.unity.ide.visualstudio@2.0.26 (location: E:\ZZZ\ZCode\10_Unity\Remielle_Main\Library\PackageCache\com.unity.ide.visualstudio@a99d56dec63f)
    com.unity.inputsystem@1.19.0 (location: E:\ZZZ\ZCode\10_Unity\Remielle_Main\Library\PackageCache\com.unity.inputsystem@21a28c3a6c83)
    com.unity.purchasing@4.15.0 (location: E:\ZZZ\ZCode\10_Unity\Remielle_Main\Library\PackageCache\com.unity.purchasing@ffbc76639aab)
    com.unity.timeline@1.8.12 (location: E:\ZZZ\ZCode\10_Unity\Remielle_Main\Library\PackageCache\com.unity.timeline@8cd8509afae5)
    com.unity.xr.legacyinputhelpers@2.1.13 (location: E:\ZZZ\ZCode\10_Unity\Remielle_Main\Library\PackageCache\com.unity.xr.legacyinputhelpers@9535ff2c27ac)
    com.unity.editorcoroutines@1.1.0 (location: E:\ZZZ\ZCode\10_Unity\Remielle_Main\Library\PackageCache\com.unity.editorcoroutines@87a15ed012c2)
    com.unity.nuget.newtonsoft-json@3.2.2 (location: E:\ZZZ\ZCode\10_Unity\Remielle_Main\Library\PackageCache\com.unity.nuget.newtonsoft-json@4dfd81071c64)
    com.unity.splines@2.8.4 (location: E:\ZZZ\ZCode\10_Unity\Remielle_Main\Library\PackageCache\com.unity.splines@9b00833aca09)
    com.unity.mathematics@1.3.3 (location: E:\ZZZ\ZCode\10_Unity\Remielle_Main\Library\PackageCache\com.unity.mathematics@19a9377c4ffa)
    com.unity.collections@2.6.6 (location: E:\ZZZ\ZCode\10_Unity\Remielle_Main\Library\PackageCache\com.unity.collections@9796e5ee0d9e)
    com.unity.services.core@1.17.0 (location: E:\ZZZ\ZCode\10_Unity\Remielle_Main\Library\PackageCache\com.unity.services.core@517695160ac6)
    com.unity.services.analytics@6.3.0 (location: E:\ZZZ\ZCode\10_Unity\Remielle_Main\Library\PackageCache\com.unity.services.analytics@cde4e6cf92f9)
    com.unity.settings-manager@2.1.1 (location: E:\ZZZ\ZCode\10_Unity\Remielle_Main\Library\PackageCache\com.unity.settings-manager@0b8638c5ce86)
    com.unity.burst@1.8.29 (location: E:\ZZZ\ZCode\10_Unity\Remielle_Main\Library\PackageCache\com.unity.burst@6bb9aca3ef38)
    com.unity.nuget.mono-cecil@1.11.6 (location: E:\ZZZ\ZCode\10_Unity\Remielle_Main\Library\PackageCache\com.unity.nuget.mono-cecil@ecb9724e46ff)
    com.unity.test-framework.performance@3.5.0 (location: E:\ZZZ\ZCode\10_Unity\Remielle_Main\Library\PackageCache\com.unity.test-framework.performance@8b56083ec0f0)
    com.unity.searcher@4.9.4 (location: E:\ZZZ\ZCode\10_Unity\Remielle_Main\Library\PackageCache\com.unity.searcher@d45a78918735)
  Built-in packages:
    com.unity.2d.sprite@1.0.0 (location: E:\ZZZ\ZCode\10_Unity\Remielle_Main\Library\PackageCache\com.unity.2d.sprite@3cb28db060cf)
    com.unity.2d.tilemap@1.0.0 (location: E:\ZZZ\ZCode\10_Unity\Remielle_Main\Library\PackageCache\com.unity.2d.tilemap@7538f229e26c)
    com.unity.multiplayer.center@1.0.1 (location: E:\ZZZ\ZCode\10_Unity\Remielle_Main\Library\PackageCache\com.unity.multiplayer.center@f01f4ba8d00a)
    com.unity.test-framework@1.6.0 (location: E:\ZZZ\ZCode\10_Unity\Remielle_Main\Library\PackageCache\com.unity.test-framework@ecf40a72f8c1)
    com.unity.ugui@2.0.0 (location: E:\ZZZ\ZCode\10_Unity\Remielle_Main\Library\PackageCache\com.unity.ugui@05e8dec4ac02)
    com.unity.modules.accessibility@1.0.0 (location: E:\ZZZ\ZCode\10_Unity\Remielle_Main\Library\PackageCache\com.unity.modules.accessibility)
    com.unity.modules.adaptiveperformance@1.0.0 (location: E:\ZZZ\ZCode\10_Unity\Remielle_Main\Library\PackageCache\com.unity.modules.adaptiveperformance)
    com.unity.modules.ai@1.0.0 (location: E:\ZZZ\ZCode\10_Unity\Remielle_Main\Library\PackageCache\com.unity.modules.ai)
    com.unity.modules.androidjni@1.0.0 (location: E:\ZZZ\ZCode\10_Unity\Remielle_Main\Library\PackageCache\com.unity.modules.androidjni)
    com.unity.modules.animation@1.0.0 (location: E:\ZZZ\ZCode\10_Unity\Remielle_Main\Library\PackageCache\com.unity.modules.animation)
    com.unity.modules.assetbundle@1.0.0 (location: E:\ZZZ\ZCode\10_Unity\Remielle_Main\Library\PackageCache\com.unity.modules.assetbundle)
    com.unity.modules.audio@1.0.0 (location: E:\ZZZ\ZCode\10_Unity\Remielle_Main\Library\PackageCache\com.unity.modules.audio)
    com.unity.modules.cloth@1.0.0 (location: E:\ZZZ\ZCode\10_Unity\Remielle_Main\Library\PackageCache\com.unity.modules.cloth)
    com.unity.modules.director@1.0.0 (location: E:\ZZZ\ZCode\10_Unity\Remielle_Main\Library\PackageCache\com.unity.modules.director)
    com.unity.modules.imageconversion@1.0.0 (location: E:\ZZZ\ZCode\10_Unity\Remielle_Main\Library\PackageCache\com.unity.modules.imageconversion)
    com.unity.modules.imgui@1.0.0 (location: E:\ZZZ\ZCode\10_Unity\Remielle_Main\Library\PackageCache\com.unity.modules.imgui)
    com.unity.modules.jsonserialize@1.0.0 (location: E:\ZZZ\ZCode\10_Unity\Remielle_Main\Library\PackageCache\com.unity.modules.jsonserialize)
    com.unity.modules.particlesystem@1.0.0 (location: E:\ZZZ\ZCode\10_Unity\Remielle_Main\Library\PackageCache\com.unity.modules.particlesystem)
    com.unity.modules.physics@1.0.0 (location: E:\ZZZ\ZCode\10_Unity\Remielle_Main\Library\PackageCache\com.unity.modules.physics)
    com.unity.modules.physics2d@1.0.0 (location: E:\ZZZ\ZCode\10_Unity\Remielle_Main\Library\PackageCache\com.unity.modules.physics2d)
    com.unity.modules.screencapture@1.0.0 (location: E:\ZZZ\ZCode\10_Unity\Remielle_Main\Library\PackageCache\com.unity.modules.screencapture)
    com.unity.modules.terrain@1.0.0 (location: E:\ZZZ\ZCode\10_Unity\Remielle_Main\Library\PackageCache\com.unity.modules.terrain)
    com.unity.modules.terrainphysics@1.0.0 (location: E:\ZZZ\ZCode\10_Unity\Remielle_Main\Library\PackageCache\com.unity.modules.terrainphysics)
    com.unity.modules.tilemap@1.0.0 (location: E:\ZZZ\ZCode\10_Unity\Remielle_Main\Library\PackageCache\com.unity.modules.tilemap)
    com.unity.modules.ui@1.0.0 (location: E:\ZZZ\ZCode\10_Unity\Remielle_Main\Library\PackageCache\com.unity.modules.ui)
    com.unity.modules.uielements@1.0.0 (location: E:\ZZZ\ZCode\10_Unity\Remielle_Main\Library\PackageCache\com.unity.modules.uielements)
    com.unity.modules.umbra@1.0.0 (location: E:\ZZZ\ZCode\10_Unity\Remielle_Main\Library\PackageCache\com.unity.modules.umbra)
    com.unity.modules.unityanalytics@1.0.0 (location: E:\ZZZ\ZCode\10_Unity\Remielle_Main\Library\PackageCache\com.unity.modules.unityanalytics)
    com.unity.modules.unitywebrequest@1.0.0 (location: E:\ZZZ\ZCode\10_Unity\Remielle_Main\Library\PackageCache\com.unity.modules.unitywebrequest)
    com.unity.modules.unitywebrequestassetbundle@1.0.0 (location: E:\ZZZ\ZCode\10_Unity\Remielle_Main\Library\PackageCache\com.unity.modules.unitywebrequestassetbundle)
    com.unity.modules.unitywebrequestaudio@1.0.0 (location: E:\ZZZ\ZCode\10_Unity\Remielle_Main\Library\PackageCache\com.unity.modules.unitywebrequestaudio)
    com.unity.modules.unitywebrequesttexture@1.0.0 (location: E:\ZZZ\ZCode\10_Unity\Remielle_Main\Library\PackageCache\com.unity.modules.unitywebrequesttexture)
    com.unity.modules.unitywebrequestwww@1.0.0 (location: E:\ZZZ\ZCode\10_Unity\Remielle_Main\Library\PackageCache\com.unity.modules.unitywebrequestwww)
    com.unity.modules.vectorgraphics@1.0.0 (location: E:\ZZZ\ZCode\10_Unity\Remielle_Main\Library\PackageCache\com.unity.modules.vectorgraphics)
    com.unity.modules.vehicles@1.0.0 (location: E:\ZZZ\ZCode\10_Unity\Remielle_Main\Library\PackageCache\com.unity.modules.vehicles)
    com.unity.modules.video@1.0.0 (location: E:\ZZZ\ZCode\10_Unity\Remielle_Main\Library\PackageCache\com.unity.modules.video)
    com.unity.modules.vr@1.0.0 (location: E:\ZZZ\ZCode\10_Unity\Remielle_Main\Library\PackageCache\com.unity.modules.vr)
    com.unity.modules.wind@1.0.0 (location: E:\ZZZ\ZCode\10_Unity\Remielle_Main\Library\PackageCache\com.unity.modules.wind)
    com.unity.modules.xr@1.0.0 (location: E:\ZZZ\ZCode\10_Unity\Remielle_Main\Library\PackageCache\com.unity.modules.xr)
    com.unity.shadergraph@17.3.0 (location: E:\ZZZ\ZCode\10_Unity\Remielle_Main\Library\PackageCache\com.unity.shadergraph@4892040ec25e)
    com.unity.modules.subsystems@1.0.0 (location: E:\ZZZ\ZCode\10_Unity\Remielle_Main\Library\PackageCache\com.unity.modules.subsystems)
    com.unity.modules.hierarchycore@1.0.0 (location: E:\ZZZ\ZCode\10_Unity\Remielle_Main\Library\PackageCache\com.unity.modules.hierarchycore)
    com.unity.ext.nunit@2.0.5 (location: E:\ZZZ\ZCode\10_Unity\Remielle_Main\Library\PackageCache\com.unity.ext.nunit@d8c07649098d)
    com.unity.render-pipelines.core@17.3.0 (location: E:\ZZZ\ZCode\10_Unity\Remielle_Main\Library\PackageCache\com.unity.render-pipelines.core@0cc60402ef53)
  Embedded packages:
    com.unity.cinemachine@file:E:\ZZZ\ZCode\10_Unity\Remielle_Main\Packages\com.unity.cinemachine (location: E:\ZZZ\ZCode\10_Unity\Remielle_Main\Packages\com.unity.cinemachine)
    com.meliverse.hoyotoon@file:E:\ZZZ\ZCode\10_Unity\Remielle_Main\Packages\com.meliverse.hoyotoon (location: E:\ZZZ\ZCode\10_Unity\Remielle_Main\Packages\com.meliverse.hoyotoon)
    com.nickmaltbie.openkcc@file:E:\ZZZ\ZCode\10_Unity\Remielle_Main\Packages\com.nickmaltbie.openkcc (location: E:\ZZZ\ZCode\10_Unity\Remielle_Main\Packages\com.nickmaltbie.openkcc)
    com.nickmaltbie.screenmanager@file:E:\ZZZ\ZCode\10_Unity\Remielle_Main\Packages\com.nickmaltbie.screenmanager (location: E:\ZZZ\ZCode\10_Unity\Remielle_Main\Packages\com.nickmaltbie.screenmanager)
    com.nickmaltbie.statemachineunity@file:E:\ZZZ\ZCode\10_Unity\Remielle_Main\Packages\com.nickmaltbie.statemachineunity (location: E:\ZZZ\ZCode\10_Unity\Remielle_Main\Packages\com.nickmaltbie.statemachineunity)
    com.nickmaltbie.testutilsunity@file:E:\ZZZ\ZCode\10_Unity\Remielle_Main\Packages\com.nickmaltbie.testutilsunity (location: E:\ZZZ\ZCode\10_Unity\Remielle_Main\Packages\com.nickmaltbie.testutilsunity)
  Git packages:
    org.khronos.unitygltf@https://github.com/KhronosGroup/UnityGLTF.git#release/2.20.0 (location: E:\ZZZ\ZCode\10_Unity\Remielle_Main\Library\PackageCache\org.khronos.unitygltf@74d7064fa339)
[Package Manager] com.unity.purchasing@4.15.0 is deprecated: Unity IAP 4 is unsupported as of June 8, 2026. IAP 5 is the supported version going forward.
[Subsystems] No new subsystems found in resolved package list.
[Package Manager] Done registering packages in 0.01 seconds
Assembly reference Packages/com.unity.cinemachine/Editor/Samples/ExposeHDRPInternals/HDRP-Editor-ref.asmref has no target assembly definition
Assembly reference Packages/org.khronos.unitygltf/Editor/Scripts/ShaderGraph/InternalURP/UnityGLTF.URP.Internal.asmref has no target assembly definition
Assembly reference Packages/org.khronos.unitygltf/Runtime/Scripts/Interactivity/VisualScripting/Units/Unity.VisualScripting.asmref has no target assembly definition
Assembly reference Packages/com.unity.cinemachine/Editor/Samples/ExposeHDRPInternals/HDRP-Editor-ref.asmref has no target assembly definition
Assembly reference Packages/org.khronos.unitygltf/Editor/Scripts/ShaderGraph/InternalURP/UnityGLTF.URP.Internal.asmref has no target assembly definition
Assembly reference Packages/org.khronos.unitygltf/Runtime/Scripts/Interactivity/VisualScripting/Units/Unity.VisualScripting.asmref has no target assembly definition
[ScriptCompilation] Requested script compilation because: Assetdatabase observed changes in script compilation related files
info: Microsoft.Hosting.Lifetime[14]
      Now listening on: http://localhost:80
info: Microsoft.Hosting.Lifetime[0]
      Application started. Press Ctrl+C to shut down.
info: Microsoft.Hosting.Lifetime[0]
      Hosting environment: Production
info: Microsoft.Hosting.Lifetime[0]
      Content root path: E:\ZZZ\ZCode\10_Unity\Remielle_Main\
info: Microsoft.AspNetCore.Hosting.Diagnostics[1]
      Request starting HTTP/2 POST http://ilpp/UnityILPP.PostProcessing/Ping application/grpc -
info: Microsoft.AspNetCore.Routing.EndpointMiddleware[0]
      Executing endpoint 'gRPC - /UnityILPP.PostProcessing/Ping'
info: Microsoft.AspNetCore.Routing.EndpointMiddleware[1]
      Executed endpoint 'gRPC - /UnityILPP.PostProcessing/Ping'
info: Microsoft.AspNetCore.Hosting.Diagnostics[2]
      Request finished HTTP/2 POST http://ilpp/UnityILPP.PostProcessing/Ping application/grpc - - 200 - application/grpc 26.3709ms
Starting: E:\Unity\Editor\Unity 6000.3.17f1\Editor\Data\Tools\BuildPipeline\bee_backend.exe --ipc --defer-dag-verification --dagfile="Library/Bee/1900b0aE.dag" --continue-on-failure --profile="Library/Bee/backend1.traceevents" ScriptAssemblies
WorkingDir: E:/ZZZ/ZCode/10_Unity/Remielle_Main
DisplayProgressbar: Compiling Scripts
info: Microsoft.AspNetCore.Hosting.Diagnostics[1]
      Request starting HTTP/2 POST http://ilpp/UnityILPP.PostProcessing/ConfigurePostProcessors application/grpc -
info: Microsoft.AspNetCore.Routing.EndpointMiddleware[0]
      Executing endpoint 'gRPC - /UnityILPP.PostProcessing/ConfigurePostProcessors'
warn: Unity.ILPP.Runner.PostProcessingAssemblyLoadContext[0]
      Assembly system.runtime.interopservices.windowsruntime has duplicate hint path. Ignoring "E:\Unity\Editor\Unity 6000.3.17f1\Editor\Data\UnityReferenceAssemblies\unity-4.8-api\Facades\System.Runtime.InteropServices.WindowsRuntime.dll" in favor of "E:\Unity\Editor\Unity 6000.3.17f1\Editor\Data\NetStandard\Extensions\2.0.0\System.Runtime.InteropServices.WindowsRuntime.dll"
warn: Unity.ILPP.Runner.PostProcessingAssemblyLoadContext[0]
      Assembly system.componentmodel.composition has duplicate hint path. Ignoring "E:\Unity\Editor\Unity 6000.3.17f1\Editor\Data\UnityReferenceAssemblies\unity-4.8-api\System.ComponentModel.Composition.dll" in favor of "E:\Unity\Editor\Unity 6000.3.17f1\Editor\Data\NetStandard\compat\2.1.0\shims\netfx\System.ComponentModel.Composition.dll"
info: Unity.ILPP.Runner.PostProcessingAssemblyLoadContext[0]
      Resolved Unity.Burst.Cecil, Version=0.11.6.0, Culture=neutral, PublicKeyToken=50cebf1cceb9d05e with Library\PackageCache\com.unity.burst@6bb9aca3ef38\Unity.Burst.CodeGen\Unity.Burst.Cecil.dll
info: Unity.ILPP.Runner.PostProcessingAssemblyLoadContext[0]
      Resolved Mono.Cecil, Version=0.11.5.0, Culture=neutral, PublicKeyToken=50cebf1cceb9d05e with Library\PackageCache\com.unity.nuget.mono-cecil@ecb9724e46ff\Mono.Cecil.dll
info: Microsoft.AspNetCore.Routing.EndpointMiddleware[1]
      Executed endpoint 'gRPC - /UnityILPP.PostProcessing/ConfigurePostProcessors'
info: Microsoft.AspNetCore.Hosting.Diagnostics[2]
      Request finished HTTP/2 POST http://ilpp/UnityILPP.PostProcessing/ConfigurePostProcessors application/grpc - - 200 - application/grpc 33.9778ms
info: Microsoft.AspNetCore.Hosting.Diagnostics[1]
      Request starting HTTP/2 POST http://ilpp/UnityILPP.PostProcessing/PostProcessAssembly application/grpc -
info: Microsoft.AspNetCore.Routing.EndpointMiddleware[0]
      Executing endpoint 'gRPC - /UnityILPP.PostProcessing/PostProcessAssembly'
info: Unity.ILPP.Runner.PostProcessingPipeline[0]
      Processing assembly Library/Bee/artifacts/1900b0aE.dag/Assembly-CSharp-Editor.dll, with 136 defines and 368 references
info: Unity.ILPP.Runner.PostProcessingPipeline[0]
      processors: Unity.Jobs.CodeGen.JobsILPostProcessor, zzzUnity.Burst.CodeGen.BurstILPostProcessor
info: Unity.ILPP.Runner.PostProcessingPipeline[0]
      running Unity.Jobs.CodeGen.JobsILPostProcessor
info: Unity.ILPP.Runner.PostProcessingAssemblyLoadContext[0]
      Resolved Unity.Collections, Version=0.0.0.0, Culture=neutral, PublicKeyToken=null with Library\Bee\artifacts\1900b0aE.dag\Unity.Collections.dll
info: Unity.ILPP.Runner.PostProcessingAssemblyLoadContext[0]
      Resolved UnityEditor.CoreModule, Version=0.0.0.0, Culture=neutral, PublicKeyToken=null with E:\Unity\Editor\Unity 6000.3.17f1\Editor\Data\Managed\UnityEngine\UnityEditor.CoreModule.dll
info: Unity.ILPP.Runner.PostProcessingAssemblyLoadContext[0]
      Resolved UnityEngine.CoreModule, Version=0.0.0.0, Culture=neutral, PublicKeyToken=null with E:\Unity\Editor\Unity 6000.3.17f1\Editor\Data\Managed\UnityEngine\UnityEngine.CoreModule.dll
info: Unity.ILPP.Runner.PostProcessingPipeline[0]
      running zzzUnity.Burst.CodeGen.BurstILPostProcessor
info: Unity.ILPP.Runner.PostProcessingAssemblyLoadContext[0]
      Resolved Unity.Burst.Cecil.Rocks, Version=0.11.6.0, Culture=neutral, PublicKeyToken=50cebf1cceb9d05e with Library\PackageCache\com.unity.burst@6bb9aca3ef38\Unity.Burst.CodeGen\Unity.Burst.Cecil.Rocks.dll
info: Microsoft.AspNetCore.Routing.EndpointMiddleware[1]
      Executed endpoint 'gRPC - /UnityILPP.PostProcessing/PostProcessAssembly'
info: Microsoft.AspNetCore.Hosting.Diagnostics[2]
      Request finished HTTP/2 POST http://ilpp/UnityILPP.PostProcessing/PostProcessAssembly application/grpc - - 200 - application/grpc 327.6625ms
ExitCode: 0 Duration: 1s552ms
[1067/1402  0s] ILPP-Configuration Library/ilpp-configuration.nevergeneratedoutput
[1398/1402  0s] Csc Library/Bee/artifacts/1900b0aE.dag/Assembly-CSharp-Editor.dll (+2 others)
Assets\Editor\RemielleNativeMrtCapabilityAudit.cs(169,65): warning CS0618: 'FormatUsage' is obsolete: 'Use GraphicsFormatUsage instead'

Assets\Editor\RemielleNativeMrtCapabilityAudit.cs(168,43): warning CS0618: 'SystemInfo.IsFormatSupported(GraphicsFormat, FormatUsage)' is obsolete: 'Use overload with a GraphicsFormatUsage parameter instead'

Assets\Editor\RemielleNativeMrtCapabilityAudit.cs(171,65): warning CS0618: 'FormatUsage' is obsolete: 'Use GraphicsFormatUsage instead'

Assets\Editor\RemielleNativeMrtCapabilityAudit.cs(170,43): warning CS0618: 'SystemInfo.IsFormatSupported(GraphicsFormat, FormatUsage)' is obsolete: 'Use overload with a GraphicsFormatUsage parameter instead'

Assets\Editor\RemielleNativeMrtCapabilityAudit.cs(173,64): warning CS0618: 'FormatUsage' is obsolete: 'Use GraphicsFormatUsage instead'

Assets\Editor\RemielleNativeMrtCapabilityAudit.cs(172,43): warning CS0618: 'SystemInfo.IsFormatSupported(GraphicsFormat, FormatUsage)' is obsolete: 'Use overload with a GraphicsFormatUsage parameter instead'

Assets\Editor\RemielleNativeMrtCapabilityAudit.cs(175,64): warning CS0618: 'FormatUsage' is obsolete: 'Use GraphicsFormatUsage instead'

Assets\Editor\RemielleNativeMrtCapabilityAudit.cs(174,43): warning CS0618: 'SystemInfo.IsFormatSupported(GraphicsFormat, FormatUsage)' is obsolete: 'Use overload with a GraphicsFormatUsage parameter instead'

Assets\Editor\RemielleNativeMrtCapabilityAudit.cs(177,49): warning CS0618: 'FormatUsage' is obsolete: 'Use GraphicsFormatUsage instead'

Assets\Editor\RemielleNativeMrtCapabilityAudit.cs(176,43): warning CS0618: 'SystemInfo.IsFormatSupported(GraphicsFormat, FormatUsage)' is obsolete: 'Use overload with a GraphicsFormatUsage parameter instead'
[1399/1402  0s] ILPostProcess Library/Bee/artifacts/1900b0aE.dag/post-processed/Assembly-CSharp-Editor.dll (+pdb)
Processing assembly Library/Bee/artifacts/1900b0aE.dag/Assembly-CSharp-Editor.dll, with 136 defines and 368 references

processors: Unity.Jobs.CodeGen.JobsILPostProcessor, zzzUnity.Burst.CodeGen.BurstILPostProcessor

running Unity.Jobs.CodeGen.JobsILPostProcessor

running zzzUnity.Burst.CodeGen.BurstILPostProcessor
[1400/1402  0s] CopyFiles Library/ScriptAssemblies/Assembly-CSharp-Editor.pdb
[1401/1402  0s] CopyFiles Library/ScriptAssemblies/Assembly-CSharp-Editor.dll
*** Tundra build success (1.53 seconds), 5 items updated, 1402 evaluated
Assets\Editor\RemielleNativeMrtCapabilityAudit.cs(169,65): warning CS0618: 'FormatUsage' is obsolete: 'Use GraphicsFormatUsage instead'
Assets\Editor\RemielleNativeMrtCapabilityAudit.cs(168,43): warning CS0618: 'SystemInfo.IsFormatSupported(GraphicsFormat, FormatUsage)' is obsolete: 'Use overload with a GraphicsFormatUsage parameter instead'
Assets\Editor\RemielleNativeMrtCapabilityAudit.cs(171,65): warning CS0618: 'FormatUsage' is obsolete: 'Use GraphicsFormatUsage instead'
Assets\Editor\RemielleNativeMrtCapabilityAudit.cs(170,43): warning CS0618: 'SystemInfo.IsFormatSupported(GraphicsFormat, FormatUsage)' is obsolete: 'Use overload with a GraphicsFormatUsage parameter instead'
Assets\Editor\RemielleNativeMrtCapabilityAudit.cs(173,64): warning CS0618: 'FormatUsage' is obsolete: 'Use GraphicsFormatUsage instead'
Assets\Editor\RemielleNativeMrtCapabilityAudit.cs(172,43): warning CS0618: 'SystemInfo.IsFormatSupported(GraphicsFormat, FormatUsage)' is obsolete: 'Use overload with a GraphicsFormatUsage parameter instead'
Assets\Editor\RemielleNativeMrtCapabilityAudit.cs(175,64): warning CS0618: 'FormatUsage' is obsolete: 'Use GraphicsFormatUsage instead'
Assets\Editor\RemielleNativeMrtCapabilityAudit.cs(174,43): warning CS0618: 'SystemInfo.IsFormatSupported(GraphicsFormat, FormatUsage)' is obsolete: 'Use overload with a GraphicsFormatUsage parameter instead'
Assets\Editor\RemielleNativeMrtCapabilityAudit.cs(177,49): warning CS0618: 'FormatUsage' is obsolete: 'Use GraphicsFormatUsage instead'
Assets\Editor\RemielleNativeMrtCapabilityAudit.cs(176,43): warning CS0618: 'SystemInfo.IsFormatSupported(GraphicsFormat, FormatUsage)' is obsolete: 'Use overload with a GraphicsFormatUsage parameter instead'
AssetDatabase: script compilation time: 1.876044s
Begin MonoManager ReloadAssembly
Symbol file LoadedFromMemory is not a mono symbol file
- Loaded All Assemblies, in  1.055 seconds
'Packages/com.unity.cinemachine/Editor/Editors/CinemachineVirtualCameraBaseEditor.cs' contains partial class of Unity.Object, exactly 1 of the partial classes needs to be in a file with the same filename. This is to know the one that can be referenced from ie. GameObjects
'Packages/com.unity.cinemachine/Editor/Obsolete/CinemachineVirtualCameraBaseEditor.cs' contains partial class of Unity.Object, exactly 1 of the partial classes needs to be in a file with the same filename. This is to know the one that can be referenced from ie. GameObjects
Refreshing native plugins compatible for Editor in 2.91 ms, found 7 plugins.
Native extension for WindowsStandalone target not found
Assembly reference Packages/com.unity.cinemachine/Editor/Samples/ExposeHDRPInternals/HDRP-Editor-ref.asmref has no target assembly definition
Assembly reference Packages/org.khronos.unitygltf/Editor/Scripts/ShaderGraph/InternalURP/UnityGLTF.URP.Internal.asmref has no target assembly definition
Assembly reference Packages/org.khronos.unitygltf/Runtime/Scripts/Interactivity/VisualScripting/Units/Unity.VisualScripting.asmref has no target assembly definition
Refreshing native plugins compatible for Editor in 2.29 ms, found 7 plugins.
ScheduleIndexationOnStartup MainProcess:True IndexOnStartup:True
Mono: successfully reloaded assembly
- Finished resetting the current domain, in  2.718 seconds
Domain Reload Profiling: 3773ms
	BeginReloadAssembly (253ms)
		ExecutionOrderSort (0ms)
		DisableScriptedObjects (15ms)
		BackupInstance (0ms)
		ReleaseScriptingObjects (0ms)
		CreateAndSetChildDomain (158ms)
	RebuildCommonClasses (25ms)
	RebuildNativeTypeToScriptingClass (9ms)
	initialDomainReloadingComplete (19ms)
	LoadAllAssembliesAndSetupDomain (747ms)
		LoadAssemblies (634ms)
		RebuildTransferFunctionScriptingTraits (0ms)
		AnalyzeDomain (170ms)
			TypeCache.Refresh (116ms)
				TypeCache.ScanAssembly (106ms)
			BuildScriptInfoCaches (47ms)
			ResolveRequiredComponents (3ms)
	FinalizeReload (2719ms)
		ReleaseScriptCaches (0ms)
		RebuildScriptCaches (0ms)
		SetupLoadedEditorAssemblies (2603ms)
			LogAssemblyErrors (0ms)
			InitializePlatformSupportModulesInManaged (14ms)
			SetLoadedEditorAssemblies (3ms)
			BeforeProcessingInitializeOnLoad (135ms)
			ProcessInitializeOnLoadAttributes (2114ms)
			ProcessInitializeOnLoadMethodAttributes (335ms)
			AfterProcessingInitializeOnLoad (1ms)
			EditorAssembliesLoaded (0ms)
		ExecutionOrderSort2 (0ms)
		AwakeInstancesAfterBackupRestoration (14ms)
Refreshing native plugins compatible for Editor in 2.31 ms, found 7 plugins.
Preloading 0 native plugins for Editor in 0.00 ms.
Asset Pipeline Refresh (id=d2462e1f6cd0b734d93e03fd9c3f6396): Total: 6.284 seconds - Initiated by InitialRefreshV2(ForceSynchronousImport)
	Summary:
		Imports: total=0 (actual=0, local cache=0, cache server=0)
		Asset DB Process Time: managed=0 ms, native=3136 ms
		Asset DB Callback time: managed=135 ms, native=20 ms
		Scripting: domain reloads=1, domain reload time=1055 ms, compile time=1877 ms, other=59 ms
		Project Asset Count: scripts=2309, non-scripts=4796
		Asset File Changes: new=0, changed=1, moved=0, deleted=0
		Scan Filter Count: 0
	InvokeCustomDependenciesCallbacks: 0.002ms
	InvokePackagesCallback: 16.752ms
	ApplyChangesToAssetFolders: 0.870ms
	Scan: 134.931ms
	OnSourceAssetsModified: 0.876ms
	CategorizeAssetsWithTransientArtifact: 30.395ms
	ProcessAssetsWithTransientArtifactChanges: 65.734ms
	CategorizeAssets: 51.104ms
	ImportOutOfDateAssets: 2729.874ms (851.054ms without children)
		CompileScripts: 1877.356ms
		ReloadNativeAssets: 0.001ms
		UnloadImportedAssets: 0.171ms
		EnsureUptoDateAssetsAreRegisteredWithGuidPM: 0.645ms
		InitializingProgressBar: 0.001ms
		PostProcessAllAssetNotificationsAddChangedAssets: 0.001ms
		OnDemandSchedulerStart: 0.647ms
	PostProcessAllAssets: 136.874ms
	Hotreload: 3.533ms
	GatherAllCurrentPrimaryArtifactRevisions: 0.002ms
	UnloadStreamsBegin: 1.726ms
	PersistCurrentRevisions: 0.181ms
	UnloadStreamsEnd: 0.002ms
	GenerateScriptTypeHashes: 3.041ms
	Untracked: 3110.983ms

Application.AssetDatabase Initial Refresh End
Launched and connected shader compiler UnityShaderCompiler.exe after 0.01 seconds
Scanning for USB devices : 11.451ms
Initializing Unity extensions:
[MODES] ModeService[none].Initialize
[MODES] ModeService[none].LoadModes
[MODES] Loading mode Default (0) for mode-current-id-com.unity.template.urp-blank
Unloading 38 Unused Serialized files (Serialized files now loaded: 0)
Unloading 7006 unused Assets / (8.0 MB). Loaded Objects now: 7617.
Memory consumption went from 230.4 MB to 222.4 MB.
Total: 14.579900 ms (FindLiveObjects: 0.711500 ms CreateObjectMapping: 0.286400 ms MarkObjects: 10.905200 ms  DeleteObjects: 2.675500 ms)

REMIELLE_WALK_TO_RUN_POLICY_PASS 31
UnityEngine.Debug:ExtractStackTraceNoAlloc (byte*,int,string)
UnityEngine.StackTraceUtility:ExtractStackTrace ()
UnityEngine.DebugLogHandler:Internal_Log (UnityEngine.LogType,UnityEngine.LogOption,string,UnityEngine.Object)
UnityEngine.DebugLogHandler:LogFormat (UnityEngine.LogType,UnityEngine.Object,string,object[])
UnityEngine.Logger:Log (UnityEngine.LogType,object)
UnityEngine.Debug:Log (object)
Remielle.Controller.Editor.SourceWalkToRunAudit:Run () (at Assets/ControllerIntegration/Editor/SourceWalkToRunAudit.cs:179)

(Filename: Assets/ControllerIntegration/Editor/SourceWalkToRunAudit.cs Line: 179)

Batchmode quit successfully invoked - shutting down!
[Physics::Module] Cleanup current backend.
[Physics::Module] Id: 0xf2b8ea05
Input System module state changed to: ShutdownInProgress.
Input System polling thread exited.
Input System module state changed to: Shutdown.
[Licensing::IpcConnector] LicenseClient-Catlaxy-notifications channel disconnected successfully.
[Licensing::IpcConnector] LicenseClient-Catlaxy channel disconnected successfully.
AcceleratorClientConnectionCallback - disconnected - :0
Shut down.
Cleanup mono
abort_threads: Failed aborting id: 0000000000008DD0, mono_thread_manage will ignore it

abort_threads: Failed aborting id: 000000000000813C, mono_thread_manage will ignore it

abort_threads: Failed aborting id: 0000000000008DD0, mono_thread_manage will ignore it

abort_threads: Failed aborting id: 000000000000813C, mono_thread_manage will ignore it

debugger-agent: Unable to listen on 4604
Exiting batchmode successfully now!
Exiting without the bug reporter. Application will terminate with return code 0