[Licensing::Module] Trying to connect to existing licensing client channel...
[Licensing::IpcConnector] Channel LicenseClient-Catlaxy doesn't exist
Built from '6000.3/staging' branch; Version is '6000.3.17f1 (cf0352b38e81) revision 13566802'; Using compiler version '194234433'; Build Type 'Release'
OS: 'Windows 11  (10.0.26200) CoreCountrySpecific' Language: 'zh' Physical Memory: 31932 MB
BatchMode: 1, IsHumanControllingUs: 0, StartBugReporterOnCrash: 0, Is64bit: 1
System  architecture: x64
Process architecture: x64
Date: 2026-09-09T17:59:05Z
[Licensing::Module] Successfully launched the LicensingClient (PId: 26980)

COMMAND LINE ARGUMENTS:
E:\Unity\Editor\Unity 6000.3.17f1\Editor\Unity.exe
-batchmode
-projectPath
E:\ZZZ\ZCode\10_Unity\Remielle_Main
-executeMethod
Remielle.Controller.Editor.SourceWalkToRunAudit.RunFrames
-logFile
E:\ZZZ\ZCode\90_Builds\walktorun-playmode.log
Successfully changed project path to: E:\ZZZ\ZCode\10_Unity\Remielle_Main
E:/ZZZ/ZCode/10_Unity/Remielle_Main
[UnityMemory] Configuration Parameters - Can be set up in boot.config
    "memorysetup-temp-allocator-size-nav-mesh-worker=65536"
    "memorysetup-temp-allocator-size-audio-worker=65536"
    "memorysetup-temp-allocator-size-gfx=262144"
    "memorysetup-allocator-temp-initial-block-size-main=262144"
    "memorysetup-allocator-temp-initial-block-size-worker=262144"
    "memorysetup-temp-allocator-size-background-worker=32768"
    "memorysetup-temp-allocator-size-job-worker=262144"
    "memorysetup-temp-allocator-size-preload-manager=33554432"
    "memorysetup-temp-allocator-size-gi-baking-worker=262144"
    "memorysetup-temp-allocator-size-gi-baking-worker=262144"
    "memorysetup-temp-allocator-size-gi-baking-worker=262144"
    "memorysetup-temp-allocator-size-gi-baking-worker=262144"
    "memorysetup-temp-allocator-size-gi-baking-worker=262144"
    "memorysetup-bucket-allocator-granularity=16"
    "memorysetup-bucket-allocator-bucket-count=8"
    "memorysetup-bucket-allocator-block-size=33554432"
    "memorysetup-bucket-allocator-block-count=8"
    "memorysetup-main-allocator-block-size=16777216"
    "memorysetup-thread-allocator-block-size=16777216"
    "memorysetup-gfx-main-allocator-block-size=16777216"
    "memorysetup-gfx-thread-allocator-block-size=16777216"
    "memorysetup-cache-allocator-block-size=4194304"
    "memorysetup-typetree-allocator-block-size=2097152"
    "memorysetup-profiler-bucket-allocator-granularity=16"
    "memorysetup-profiler-bucket-allocator-bucket-count=8"
    "memorysetup-profiler-bucket-allocator-block-size=33554432"
    "memorysetup-profiler-bucket-allocator-block-count=8"
    "memorysetup-profiler-allocator-block-size=16777216"
    "memorysetup-profiler-editor-allocator-block-size=1048576"
    "memorysetup-temp-allocator-size-main=16777216"
    "memorysetup-job-temp-allocator-block-size=2097152"
    "memorysetup-job-temp-allocator-block-size-background=1048576"
    "memorysetup-job-temp-allocator-reduction-small-platforms=262144"
    "memorysetup-temp-allocator-size-cloud-worker=32768"
Player connection [41576]  Target information:

Player connection [41576]  * "[IP] 10.6.1.131 [Port] 55504 [Flags] 2 [Guid] 1907405273 [EditorId] 1907405273 [Version] 1048832 [Id] WindowsEditor(7,Catlaxy) [Debug] 1 [PackageName] WindowsEditor [ProjectName] Editor" 

Player connection [41576] Host joined multi-casting on [225.0.0.222:54997]...
Player connection [41576] Host joined alternative multi-casting on [225.0.0.222:34997]...
Input System module state changed to: Initialized.
[Physics::Module] Initialized fallback backend.
[Physics::Module] Id: 0xdecafbad
Starting IPC server.
Waiting for clients to connect on \\.\pipe\Unity-LicenseClient-Catlaxy, press Ctrl-C to exit.
[Licensing::IpcConnector] Successfully connected to: "LicenseClient-Catlaxy" at "2026-09-09T17:59:05.3100174Z"
[Licensing::Client] Code 10 while verifying Licensing Client signature (process Id: 26980, path: "E:/Unity/Editor/Unity 6000.3.17f1/Editor/Data/Resources/Licensing/Client/Unity.Licensing.Client.exe")
[Licensing::Module] LicensingClient has failed validation; ignoring
[Package Manager] Connected to IPC stream "Upm-10940" after 0.2 seconds.
[Licensing::Module] Licensing is not yet initialized.
[Licensing::Client] Handshaking with LicensingClient:
  Version:                 1.18.1+9fbee8e
  Session Id:              e4c4868917eb4713ba580d402602b9ed
  Correlation Id:          6c4c8bf438651051c639ad9f77d1fed6
  External correlation Id: 3732768516656428823
  Machine Id:              Wq6DjxQJzu/D9N9icyr2lUgH8QM=
[Licensing::Module] Successfully connected to LicensingClient on channel: "LicenseClient-Catlaxy" (connect: 0.24s, validation: 0.12s, handshake: 0.04s)
[Licensing::IpcConnector] Successfully connected to: "LicenseClient-Catlaxy-notifications" at "2026-09-09T17:59:05.4654666Z"
[Licensing::Module] Connected to LicensingClient (PId: 26980, launch time: 0.00, total connection time: 0.40s)
[Licensing::Module] Error: Access token is unavailable; failed to update
[Licensing::Client] Successfully resolved entitlement details
[Licensing::Module] License group:
  Id: ewogICJzdWJzR3JvdXAiIDogInVuaXR5IGVkaXRvciIsCiAgIm5hbWVzcGFjZSIgOiAidW5pdHlfZWRpdG9yIiwKICAidHlwZSIgOiAiRURJVE9SIiwKICAidGFnIiA6ICJVbml0eVBlcnNvbmFsXXXX
  Product: Unity Personal Version
  Type: Assigned
  Expiration: Unlimited
[Licensing::Client] Successfully updated license, isAsync: True, time: 0.01
[Licensing::Client] Successfully resolved entitlement details
[Licensing::Module] Licensing Background thread has ended after 0.43s
[Licensing::Module] Licensing is initialized (took 0.08s).
[Licensing::Client] Successfully resolved entitlement details
Library Redirect Path: Library/
[Physics::Module] Selected backend.
[Physics::Module] Name: PhysX
[Physics::Module] Id: 0xf2b8ea05
[Physics::Module] SDK Version: 4.1.2
[Physics::Module] Integration Version: 1.0.0
[Physics::Module] Threading Mode: Multi-Threaded
Refreshing native plugins compatible for Editor in 1.00 ms, found 4 plugins.
Preloading 0 native plugins for Editor in 0.00 ms.
Initialize engine version: 6000.3.17f1 (cf0352b38e81)
[Subsystems] Discovering subsystems at path E:/Unity/Editor/Unity 6000.3.17f1/Editor/Data/Resources/UnitySubsystems
[Subsystems] Discovering subsystems at path E:/ZZZ/ZCode/10_Unity/Remielle_Main/Assets
GfxDevice: creating device client; kGfxThreadingModeNonThreaded
Direct3D:
    Version:  Direct3D 11.0 [level 11.1]
    Renderer: NVIDIA GeForce RTX 5070 Ti Laptop GPU (ID=0x2f18)
    Vendor:   NVIDIA
    VRAM:     11944 MB
    Driver:   32.0.16.1047
Initialize mono
Mono path[0] = 'E:/Unity/Editor/Unity 6000.3.17f1/Editor/Data/Managed'
Mono path[1] = 'E:/Unity/Editor/Unity 6000.3.17f1/Editor/Data/MonoBleedingEdge/lib/mono/unityjit-win32'
Mono config path = 'E:/Unity/Editor/Unity 6000.3.17f1/Editor/Data/MonoBleedingEdge/etc'
Using monoOptions --debugger-agent=transport=dt_socket,embedding=1,server=y,suspend=n,address=127.0.0.1:56940
Using cacheserver namespaces - metadata:defaultmetadata, artifacts:defaultartifacts
Using cacheserver namespaces - metadata:defaultmetadata, artifacts:defaultartifacts
ImportWorker Server TCP listen port: 0
AcceleratorClientConnectionCallback - disconnected - :0
Begin MonoManager ReloadAssembly
Registering precompiled unity dll's ...
Register platform support module: E:/Unity/Editor/Unity 6000.3.17f1/Editor/Data/PlaybackEngines/WindowsStandaloneSupport/UnityEditor.WindowsStandalone.Extensions.dll
Registered in 0.000944 seconds.
- Loaded All Assemblies, in  0.265 seconds
Native extension for WindowsStandalone target not found
Package Manager log level set to [2]
ScheduleIndexationOnStartup MainProcess:False IndexOnStartup:False
Mono: successfully reloaded assembly
- Finished resetting the current domain, in  0.243 seconds
Domain Reload Profiling: 509ms
	BeginReloadAssembly (96ms)
		ExecutionOrderSort (0ms)
		DisableScriptedObjects (0ms)
		BackupInstance (0ms)
		ReleaseScriptingObjects (0ms)
		CreateAndSetChildDomain (19ms)
	RebuildCommonClasses (25ms)
	RebuildNativeTypeToScriptingClass (9ms)
	initialDomainReloadingComplete (29ms)
	LoadAllAssembliesAndSetupDomain (107ms)
		LoadAssemblies (76ms)
		RebuildTransferFunctionScriptingTraits (0ms)
		AnalyzeDomain (105ms)
			TypeCache.Refresh (103ms)
				TypeCache.ScanAssembly (94ms)
			BuildScriptInfoCaches (0ms)
			ResolveRequiredComponents (0ms)
	FinalizeReload (244ms)
		ReleaseScriptCaches (0ms)
		RebuildScriptCaches (0ms)
		SetupLoadedEditorAssemblies (219ms)
			LogAssemblyErrors (0ms)
			InitializePlatformSupportModulesInManaged (32ms)
			SetLoadedEditorAssemblies (3ms)
			BeforeProcessingInitializeOnLoad (50ms)
			ProcessInitializeOnLoadAttributes (84ms)
			ProcessInitializeOnLoadMethodAttributes (50ms)
			AfterProcessingInitializeOnLoad (0ms)
			EditorAssembliesLoaded (0ms)
		ExecutionOrderSort2 (0ms)
		AwakeInstancesAfterBackupRestoration (0ms)
[Licensing::Client] Successfully resolved entitlement details
Application.AssetDatabase Initial Refresh Start
[Package Manager] Restoring resolved packages state from cache
[Licensing::Client] Successfully resolved entitlement details
[Package Manager] Registered 73 packages:
  Packages from [https://packages.unity.com]:
    com.unity.ads@4.16.4 (location: E:\ZZZ\ZCode\10_Unity\Remielle_Main\Library\PackageCache\com.unity.ads@e89225828059)
    com.unity.ai.navigation@2.0.12 (location: E:\ZZZ\ZCode\10_Unity\Remielle_Main\Library\PackageCache\com.unity.ai.navigation@734c2c4c5591)
    com.unity.analytics@3.8.2 (location: E:\ZZZ\ZCode\10_Unity\Remielle_Main\Library\PackageCache\com.unity.analytics@c9d14a6bdec6)
    com.unity.collab-proxy@2.12.4 (location: E:\ZZZ\ZCode\10_Unity\Remielle_Main\Library\PackageCache\com.unity.collab-proxy@0b1559bcd34e)
    com.unity.ide.rider@3.0.40 (location: E:\ZZZ\ZCode\10_Unity\Remielle_Main\Library\PackageCache\com.unity.ide.rider@e4950c6d131b)
    com.unity.ide.visualstudio@2.0.26 (location: E:\ZZZ\ZCode\10_Unity\Remielle_Main\Library\PackageCache\com.unity.ide.visualstudio@a99d56dec63f)
    com.unity.inputsystem@1.19.0 (location: E:\ZZZ\ZCode\10_Unity\Remielle_Main\Library\PackageCache\com.unity.inputsystem@21a28c3a6c83)
    com.unity.purchasing@4.15.0 (location: E:\ZZZ\ZCode\10_Unity\Remielle_Main\Library\PackageCache\com.unity.purchasing@ffbc76639aab)
    com.unity.timeline@1.8.12 (location: E:\ZZZ\ZCode\10_Unity\Remielle_Main\Library\PackageCache\com.unity.timeline@8cd8509afae5)
    com.unity.xr.legacyinputhelpers@2.1.13 (location: E:\ZZZ\ZCode\10_Unity\Remielle_Main\Library\PackageCache\com.unity.xr.legacyinputhelpers@9535ff2c27ac)
    com.unity.editorcoroutines@1.1.0 (location: E:\ZZZ\ZCode\10_Unity\Remielle_Main\Library\PackageCache\com.unity.editorcoroutines@87a15ed012c2)
    com.unity.nuget.newtonsoft-json@3.2.2 (location: E:\ZZZ\ZCode\10_Unity\Remielle_Main\Library\PackageCache\com.unity.nuget.newtonsoft-json@4dfd81071c64)
    com.unity.splines@2.8.4 (location: E:\ZZZ\ZCode\10_Unity\Remielle_Main\Library\PackageCache\com.unity.splines@9b00833aca09)
    com.unity.mathematics@1.3.3 (location: E:\ZZZ\ZCode\10_Unity\Remielle_Main\Library\PackageCache\com.unity.mathematics@19a9377c4ffa)
    com.unity.collections@2.6.6 (location: E:\ZZZ\ZCode\10_Unity\Remielle_Main\Library\PackageCache\com.unity.collections@9796e5ee0d9e)
    com.unity.services.core@1.17.0 (location: E:\ZZZ\ZCode\10_Unity\Remielle_Main\Library\PackageCache\com.unity.services.core@517695160ac6)
    com.unity.services.analytics@6.3.0 (location: E:\ZZZ\ZCode\10_Unity\Remielle_Main\Library\PackageCache\com.unity.services.analytics@cde4e6cf92f9)
    com.unity.settings-manager@2.1.1 (location: E:\ZZZ\ZCode\10_Unity\Remielle_Main\Library\PackageCache\com.unity.settings-manager@0b8638c5ce86)
    com.unity.burst@1.8.29 (location: E:\ZZZ\ZCode\10_Unity\Remielle_Main\Library\PackageCache\com.unity.burst@6bb9aca3ef38)
    com.unity.nuget.mono-cecil@1.11.6 (location: E:\ZZZ\ZCode\10_Unity\Remielle_Main\Library\PackageCache\com.unity.nuget.mono-cecil@ecb9724e46ff)
    com.unity.test-framework.performance@3.5.0 (location: E:\ZZZ\ZCode\10_Unity\Remielle_Main\Library\PackageCache\com.unity.test-framework.performance@8b56083ec0f0)
    com.unity.searcher@4.9.4 (location: E:\ZZZ\ZCode\10_Unity\Remielle_Main\Library\PackageCache\com.unity.searcher@d45a78918735)
  Built-in packages:
    com.unity.2d.sprite@1.0.0 (location: E:\ZZZ\ZCode\10_Unity\Remielle_Main\Library\PackageCache\com.unity.2d.sprite@3cb28db060cf)
    com.unity.2d.tilemap@1.0.0 (location: E:\ZZZ\ZCode\10_Unity\Remielle_Main\Library\PackageCache\com.unity.2d.tilemap@7538f229e26c)
    com.unity.multiplayer.center@1.0.1 (location: E:\ZZZ\ZCode\10_Unity\Remielle_Main\Library\PackageCache\com.unity.multiplayer.center@f01f4ba8d00a)
    com.unity.test-framework@1.6.0 (location: E:\ZZZ\ZCode\10_Unity\Remielle_Main\Library\PackageCache\com.unity.test-framework@ecf40a72f8c1)
    com.unity.ugui@2.0.0 (location: E:\ZZZ\ZCode\10_Unity\Remielle_Main\Library\PackageCache\com.unity.ugui@05e8dec4ac02)
    com.unity.modules.accessibility@1.0.0 (location: E:\ZZZ\ZCode\10_Unity\Remielle_Main\Library\PackageCache\com.unity.modules.accessibility)
    com.unity.modules.adaptiveperformance@1.0.0 (location: E:\ZZZ\ZCode\10_Unity\Remielle_Main\Library\PackageCache\com.unity.modules.adaptiveperformance)
    com.unity.modules.ai@1.0.0 (location: E:\ZZZ\ZCode\10_Unity\Remielle_Main\Library\PackageCache\com.unity.modules.ai)
    com.unity.modules.androidjni@1.0.0 (location: E:\ZZZ\ZCode\10_Unity\Remielle_Main\Library\PackageCache\com.unity.modules.androidjni)
    com.unity.modules.animation@1.0.0 (location: E:\ZZZ\ZCode\10_Unity\Remielle_Main\Library\PackageCache\com.unity.modules.animation)
    com.unity.modules.assetbundle@1.0.0 (location: E:\ZZZ\ZCode\10_Unity\Remielle_Main\Library\PackageCache\com.unity.modules.assetbundle)
    com.unity.modules.audio@1.0.0 (location: E:\ZZZ\ZCode\10_Unity\Remielle_Main\Library\PackageCache\com.unity.modules.audio)
    com.unity.modules.cloth@1.0.0 (location: E:\ZZZ\ZCode\10_Unity\Remielle_Main\Library\PackageCache\com.unity.modules.cloth)
    com.unity.modules.director@1.0.0 (location: E:\ZZZ\ZCode\10_Unity\Remielle_Main\Library\PackageCache\com.unity.modules.director)
    com.unity.modules.imageconversion@1.0.0 (location: E:\ZZZ\ZCode\10_Unity\Remielle_Main\Library\PackageCache\com.unity.modules.imageconversion)
    com.unity.modules.imgui@1.0.0 (location: E:\ZZZ\ZCode\10_Unity\Remielle_Main\Library\PackageCache\com.unity.modules.imgui)
    com.unity.modules.jsonserialize@1.0.0 (location: E:\ZZZ\ZCode\10_Unity\Remielle_Main\Library\PackageCache\com.unity.modules.jsonserialize)
    com.unity.modules.particlesystem@1.0.0 (location: E:\ZZZ\ZCode\10_Unity\Remielle_Main\Library\PackageCache\com.unity.modules.particlesystem)
    com.unity.modules.physics@1.0.0 (location: E:\ZZZ\ZCode\10_Unity\Remielle_Main\Library\PackageCache\com.unity.modules.physics)
    com.unity.modules.physics2d@1.0.0 (location: E:\ZZZ\ZCode\10_Unity\Remielle_Main\Library\PackageCache\com.unity.modules.physics2d)
    com.unity.modules.screencapture@1.0.0 (location: E:\ZZZ\ZCode\10_Unity\Remielle_Main\Library\PackageCache\com.unity.modules.screencapture)
    com.unity.modules.terrain@1.0.0 (location: E:\ZZZ\ZCode\10_Unity\Remielle_Main\Library\PackageCache\com.unity.modules.terrain)
    com.unity.modules.terrainphysics@1.0.0 (location: E:\ZZZ\ZCode\10_Unity\Remielle_Main\Library\PackageCache\com.unity.modules.terrainphysics)
    com.unity.modules.tilemap@1.0.0 (location: E:\ZZZ\ZCode\10_Unity\Remielle_Main\Library\PackageCache\com.unity.modules.tilemap)
    com.unity.modules.ui@1.0.0 (location: E:\ZZZ\ZCode\10_Unity\Remielle_Main\Library\PackageCache\com.unity.modules.ui)
    com.unity.modules.uielements@1.0.0 (location: E:\ZZZ\ZCode\10_Unity\Remielle_Main\Library\PackageCache\com.unity.modules.uielements)
    com.unity.modules.umbra@1.0.0 (location: E:\ZZZ\ZCode\10_Unity\Remielle_Main\Library\PackageCache\com.unity.modules.umbra)
    com.unity.modules.unityanalytics@1.0.0 (location: E:\ZZZ\ZCode\10_Unity\Remielle_Main\Library\PackageCache\com.unity.modules.unityanalytics)
    com.unity.modules.unitywebrequest@1.0.0 (location: E:\ZZZ\ZCode\10_Unity\Remielle_Main\Library\PackageCache\com.unity.modules.unitywebrequest)
    com.unity.modules.unitywebrequestassetbundle@1.0.0 (location: E:\ZZZ\ZCode\10_Unity\Remielle_Main\Library\PackageCache\com.unity.modules.unitywebrequestassetbundle)
    com.unity.modules.unitywebrequestaudio@1.0.0 (location: E:\ZZZ\ZCode\10_Unity\Remielle_Main\Library\PackageCache\com.unity.modules.unitywebrequestaudio)
    com.unity.modules.unitywebrequesttexture@1.0.0 (location: E:\ZZZ\ZCode\10_Unity\Remielle_Main\Library\PackageCache\com.unity.modules.unitywebrequesttexture)
    com.unity.modules.unitywebrequestwww@1.0.0 (location: E:\ZZZ\ZCode\10_Unity\Remielle_Main\Library\PackageCache\com.unity.modules.unitywebrequestwww)
    com.unity.modules.vectorgraphics@1.0.0 (location: E:\ZZZ\ZCode\10_Unity\Remielle_Main\Library\PackageCache\com.unity.modules.vectorgraphics)
    com.unity.modules.vehicles@1.0.0 (location: E:\ZZZ\ZCode\10_Unity\Remielle_Main\Library\PackageCache\com.unity.modules.vehicles)
    com.unity.modules.video@1.0.0 (location: E:\ZZZ\ZCode\10_Unity\Remielle_Main\Library\PackageCache\com.unity.modules.video)
    com.unity.modules.vr@1.0.0 (location: E:\ZZZ\ZCode\10_Unity\Remielle_Main\Library\PackageCache\com.unity.modules.vr)
    com.unity.modules.wind@1.0.0 (location: E:\ZZZ\ZCode\10_Unity\Remielle_Main\Library\PackageCache\com.unity.modules.wind)
    com.unity.modules.xr@1.0.0 (location: E:\ZZZ\ZCode\10_Unity\Remielle_Main\Library\PackageCache\com.unity.modules.xr)
    com.unity.shadergraph@17.3.0 (location: E:\ZZZ\ZCode\10_Unity\Remielle_Main\Library\PackageCache\com.unity.shadergraph@4892040ec25e)
    com.unity.modules.subsystems@1.0.0 (location: E:\ZZZ\ZCode\10_Unity\Remielle_Main\Library\PackageCache\com.unity.modules.subsystems)
    com.unity.modules.hierarchycore@1.0.0 (location: E:\ZZZ\ZCode\10_Unity\Remielle_Main\Library\PackageCache\com.unity.modules.hierarchycore)
    com.unity.ext.nunit@2.0.5 (location: E:\ZZZ\ZCode\10_Unity\Remielle_Main\Library\PackageCache\com.unity.ext.nunit@d8c07649098d)
    com.unity.render-pipelines.core@17.3.0 (location: E:\ZZZ\ZCode\10_Unity\Remielle_Main\Library\PackageCache\com.unity.render-pipelines.core@0cc60402ef53)
  Embedded packages:
    com.unity.cinemachine@file:E:\ZZZ\ZCode\10_Unity\Remielle_Main\Packages\com.unity.cinemachine (location: E:\ZZZ\ZCode\10_Unity\Remielle_Main\Packages\com.unity.cinemachine)
    com.meliverse.hoyotoon@file:E:\ZZZ\ZCode\10_Unity\Remielle_Main\Packages\com.meliverse.hoyotoon (location: E:\ZZZ\ZCode\10_Unity\Remielle_Main\Packages\com.meliverse.hoyotoon)
    com.nickmaltbie.openkcc@file:E:\ZZZ\ZCode\10_Unity\Remielle_Main\Packages\com.nickmaltbie.openkcc (location: E:\ZZZ\ZCode\10_Unity\Remielle_Main\Packages\com.nickmaltbie.openkcc)
    com.nickmaltbie.screenmanager@file:E:\ZZZ\ZCode\10_Unity\Remielle_Main\Packages\com.nickmaltbie.screenmanager (location: E:\ZZZ\ZCode\10_Unity\Remielle_Main\Packages\com.nickmaltbie.screenmanager)
    com.nickmaltbie.statemachineunity@file:E:\ZZZ\ZCode\10_Unity\Remielle_Main\Packages\com.nickmaltbie.statemachineunity (location: E:\ZZZ\ZCode\10_Unity\Remielle_Main\Packages\com.nickmaltbie.statemachineunity)
    com.nickmaltbie.testutilsunity@file:E:\ZZZ\ZCode\10_Unity\Remielle_Main\Packages\com.nickmaltbie.testutilsunity (location: E:\ZZZ\ZCode\10_Unity\Remielle_Main\Packages\com.nickmaltbie.testutilsunity)
  Git packages:
    org.khronos.unitygltf@https://github.com/KhronosGroup/UnityGLTF.git#release/2.20.0 (location: E:\ZZZ\ZCode\10_Unity\Remielle_Main\Library\PackageCache\org.khronos.unitygltf@74d7064fa339)
[Package Manager] com.unity.purchasing@4.15.0 is deprecated: Unity IAP 4 is unsupported as of June 8, 2026. IAP 5 is the supported version going forward.
[Subsystems] No new subsystems found in resolved package list.
[Package Manager] Done registering packages in 0.01 seconds
Assembly reference Packages/com.unity.cinemachine/Editor/Samples/ExposeHDRPInternals/HDRP-Editor-ref.asmref has no target assembly definition
Assembly reference Packages/org.khronos.unitygltf/Editor/Scripts/ShaderGraph/InternalURP/UnityGLTF.URP.Internal.asmref has no target assembly definition
Assembly reference Packages/org.khronos.unitygltf/Runtime/Scripts/Interactivity/VisualScripting/Units/Unity.VisualScripting.asmref has no target assembly definition
Assembly reference Packages/com.unity.cinemachine/Editor/Samples/ExposeHDRPInternals/HDRP-Editor-ref.asmref has no target assembly definition
Assembly reference Packages/org.khronos.unitygltf/Editor/Scripts/ShaderGraph/InternalURP/UnityGLTF.URP.Internal.asmref has no target assembly definition
Assembly reference Packages/org.khronos.unitygltf/Runtime/Scripts/Interactivity/VisualScripting/Units/Unity.VisualScripting.asmref has no target assembly definition
info: Microsoft.Hosting.Lifetime[14]
      Now listening on: http://localhost:80
info: Microsoft.Hosting.Lifetime[0]
      Application started. Press Ctrl+C to shut down.
info: Microsoft.Hosting.Lifetime[0]
      Hosting environment: Production
info: Microsoft.Hosting.Lifetime[0]
      Content root path: E:\ZZZ\ZCode\10_Unity\Remielle_Main\
info: Microsoft.AspNetCore.Hosting.Diagnostics[1]
      Request starting HTTP/2 POST http://ilpp/UnityILPP.PostProcessing/Ping application/grpc -
info: Microsoft.AspNetCore.Routing.EndpointMiddleware[0]
      Executing endpoint 'gRPC - /UnityILPP.PostProcessing/Ping'
info: Microsoft.AspNetCore.Routing.EndpointMiddleware[1]
      Executed endpoint 'gRPC - /UnityILPP.PostProcessing/Ping'
info: Microsoft.AspNetCore.Hosting.Diagnostics[2]
      Request finished HTTP/2 POST http://ilpp/UnityILPP.PostProcessing/Ping application/grpc - - 200 - application/grpc 28.6136ms
Starting: E:\Unity\Editor\Unity 6000.3.17f1\Editor\Data\Tools\BuildPipeline\bee_backend.exe --ipc --defer-dag-verification --dagfile="Library/Bee/1900b0aE.dag" --continue-on-failure --profile="Library/Bee/backend1.traceevents" ScriptAssemblies
WorkingDir: E:/ZZZ/ZCode/10_Unity/Remielle_Main
DisplayProgressbar: Compiling Scripts
info: Microsoft.AspNetCore.Hosting.Diagnostics[1]
      Request starting HTTP/2 POST http://ilpp/UnityILPP.PostProcessing/ConfigurePostProcessors application/grpc -
info: Microsoft.AspNetCore.Routing.EndpointMiddleware[0]
      Executing endpoint 'gRPC - /UnityILPP.PostProcessing/ConfigurePostProcessors'
warn: Unity.ILPP.Runner.PostProcessingAssemblyLoadContext[0]
      Assembly system.runtime.interopservices.windowsruntime has duplicate hint path. Ignoring "E:\Unity\Editor\Unity 6000.3.17f1\Editor\Data\UnityReferenceAssemblies\unity-4.8-api\Facades\System.Runtime.InteropServices.WindowsRuntime.dll" in favor of "E:\Unity\Editor\Unity 6000.3.17f1\Editor\Data\NetStandard\Extensions\2.0.0\System.Runtime.InteropServices.WindowsRuntime.dll"
warn: Unity.ILPP.Runner.PostProcessingAssemblyLoadContext[0]
      Assembly system.componentmodel.composition has duplicate hint path. Ignoring "E:\Unity\Editor\Unity 6000.3.17f1\Editor\Data\UnityReferenceAssemblies\unity-4.8-api\System.ComponentModel.Composition.dll" in favor of "E:\Unity\Editor\Unity 6000.3.17f1\Editor\Data\NetStandard\compat\2.1.0\shims\netfx\System.ComponentModel.Composition.dll"
info: Unity.ILPP.Runner.PostProcessingAssemblyLoadContext[0]
      Resolved Unity.Burst.Cecil, Version=0.11.6.0, Culture=neutral, PublicKeyToken=50cebf1cceb9d05e with Library\PackageCache\com.unity.burst@6bb9aca3ef38\Unity.Burst.CodeGen\Unity.Burst.Cecil.dll
info: Unity.ILPP.Runner.PostProcessingAssemblyLoadContext[0]
      Resolved Mono.Cecil, Version=0.11.5.0, Culture=neutral, PublicKeyToken=50cebf1cceb9d05e with Library\PackageCache\com.unity.nuget.mono-cecil@ecb9724e46ff\Mono.Cecil.dll
info: Microsoft.AspNetCore.Routing.EndpointMiddleware[1]
      Executed endpoint 'gRPC - /UnityILPP.PostProcessing/ConfigurePostProcessors'
info: Microsoft.AspNetCore.Hosting.Diagnostics[2]
      Request finished HTTP/2 POST http://ilpp/UnityILPP.PostProcessing/ConfigurePostProcessors application/grpc - - 200 - application/grpc 29.7482ms
ExitCode: 0 Duration: 0s232ms
[1068/1402  0s] ILPP-Configuration Library/ilpp-configuration.nevergeneratedoutput
*** Tundra build success (0.21 seconds), 1 items updated, 1402 evaluated
AssetDatabase: script compilation time: 0.558492s
Begin MonoManager ReloadAssembly
Symbol file LoadedFromMemory is not a mono symbol file
- Loaded All Assemblies, in  0.639 seconds
'Packages/com.unity.cinemachine/Editor/Editors/CinemachineVirtualCameraBaseEditor.cs' contains partial class of Unity.Object, exactly 1 of the partial classes needs to be in a file with the same filename. This is to know the one that can be referenced from ie. GameObjects
'Packages/com.unity.cinemachine/Editor/Obsolete/CinemachineVirtualCameraBaseEditor.cs' contains partial class of Unity.Object, exactly 1 of the partial classes needs to be in a file with the same filename. This is to know the one that can be referenced from ie. GameObjects
Refreshing native plugins compatible for Editor in 2.92 ms, found 7 plugins.
Native extension for WindowsStandalone target not found
Assembly reference Packages/com.unity.cinemachine/Editor/Samples/ExposeHDRPInternals/HDRP-Editor-ref.asmref has no target assembly definition
Assembly reference Packages/org.khronos.unitygltf/Editor/Scripts/ShaderGraph/InternalURP/UnityGLTF.URP.Internal.asmref has no target assembly definition
Assembly reference Packages/org.khronos.unitygltf/Runtime/Scripts/Interactivity/VisualScripting/Units/Unity.VisualScripting.asmref has no target assembly definition
Refreshing native plugins compatible for Editor in 2.81 ms, found 7 plugins.
ScheduleIndexationOnStartup MainProcess:True IndexOnStartup:True
Mono: successfully reloaded assembly
- Finished resetting the current domain, in  2.760 seconds
Domain Reload Profiling: 3398ms
	BeginReloadAssembly (247ms)
		ExecutionOrderSort (0ms)
		DisableScriptedObjects (18ms)
		BackupInstance (0ms)
		ReleaseScriptingObjects (0ms)
		CreateAndSetChildDomain (148ms)
	RebuildCommonClasses (23ms)
	RebuildNativeTypeToScriptingClass (8ms)
	initialDomainReloadingComplete (17ms)
	LoadAllAssembliesAndSetupDomain (343ms)
		LoadAssemblies (226ms)
		RebuildTransferFunctionScriptingTraits (0ms)
		AnalyzeDomain (176ms)
			TypeCache.Refresh (121ms)
				TypeCache.ScanAssembly (111ms)
			BuildScriptInfoCaches (47ms)
			ResolveRequiredComponents (4ms)
	FinalizeReload (2760ms)
		ReleaseScriptCaches (0ms)
		RebuildScriptCaches (0ms)
		SetupLoadedEditorAssemblies (2484ms)
			LogAssemblyErrors (0ms)
			InitializePlatformSupportModulesInManaged (16ms)
			SetLoadedEditorAssemblies (3ms)
			BeforeProcessingInitializeOnLoad (131ms)
			ProcessInitializeOnLoadAttributes (2114ms)
			ProcessInitializeOnLoadMethodAttributes (218ms)
			AfterProcessingInitializeOnLoad (2ms)
			EditorAssembliesLoaded (1ms)
		ExecutionOrderSort2 (0ms)
		AwakeInstancesAfterBackupRestoration (91ms)
Asset Pipeline Refresh (id=daaa0ff796431a040b63df14e456bf27): Total: 4.466 seconds - Initiated by InitialRefreshV2(ForceSynchronousImport)
	Summary:
		Imports: total=0 (actual=0, local cache=0, cache server=0)
		Asset DB Process Time: managed=0 ms, native=3183 ms
		Asset DB Callback time: managed=13 ms, native=14 ms
		Scripting: domain reloads=1, domain reload time=639 ms, compile time=560 ms, other=54 ms
		Project Asset Count: scripts=2309, non-scripts=4796
		Asset File Changes: new=0, changed=0, moved=0, deleted=0
		Scan Filter Count: 0
	InvokeCustomDependenciesCallbacks: 0.002ms
	InvokePackagesCallback: 16.349ms
	ApplyChangesToAssetFolders: 0.862ms
	Scan: 140.081ms
	OnSourceAssetsModified: 0.003ms
	CategorizeAssetsWithTransientArtifact: 30.381ms
	ProcessAssetsWithTransientArtifactChanges: 63.546ms
	CategorizeAssets: 51.261ms
	ImportOutOfDateAssets: 2772.219ms (2210.820ms without children)
		CompileScripts: 559.859ms
		ReloadNativeAssets: 0.001ms
		UnloadImportedAssets: 0.207ms
		EnsureUptoDateAssetsAreRegisteredWithGuidPM: 0.697ms
		InitializingProgressBar: 0.000ms
		PostProcessAllAssetNotificationsAddChangedAssets: 0.001ms
		OnDemandSchedulerStart: 0.634ms
	PostProcessAllAssets: 13.771ms
	GatherAllCurrentPrimaryArtifactRevisions: 0.002ms
	UnloadStreamsBegin: 1.711ms
	PersistCurrentRevisions: 0.196ms
	UnloadStreamsEnd: 0.002ms
	GenerateScriptTypeHashes: 2.063ms
	Untracked: 1375.179ms

Application.AssetDatabase Initial Refresh End
Launched and connected shader compiler UnityShaderCompiler.exe after 0.01 seconds
Scanning for USB devices : 6.489ms
Initializing Unity extensions:
[MODES] ModeService[none].Initialize
[MODES] ModeService[none].LoadModes
[MODES] Loading mode Default (0) for mode-current-id-com.unity.template.urp-blank
Unloading 38 Unused Serialized files (Serialized files now loaded: 0)
Unloading 7006 unused Assets / (8.4 MB). Loaded Objects now: 7613.
Memory consumption went from 221.4 MB to 213.0 MB.
Total: 14.709700 ms (FindLiveObjects: 0.742200 ms CreateObjectMapping: 0.340700 ms MarkObjects: 9.862700 ms  DeleteObjects: 3.762500 ms)

Unloading 2 Unused Serialized files (Serialized files now loaded: 0)
Unloading 1 unused Assets / (4.9 KB). Loaded Objects now: 7615.
Memory consumption went from 203.7 MB to 203.7 MB.
Total: 11.969500 ms (FindLiveObjects: 0.368400 ms CreateObjectMapping: 0.099300 ms MarkObjects: 11.466800 ms  DeleteObjects: 0.033500 ms)

Start importing Assets/ControllerIntegration/Scenes/Remielle_WalkToRunProbe.unity using Guid(2459ea13eaaac8e41803ece5927d06d1) (DefaultImporter) -> (artifact id: 'f3f1f7171eece3154f06cc6bf2a9ccc1') in 0.0048772 seconds
Refreshing native plugins compatible for Editor in 2.28 ms, found 7 plugins.
Preloading 0 native plugins for Editor in 0.00 ms.
Asset Pipeline Refresh (id=9a8615c19de94b949ae071a0e8996957): Total: 0.118 seconds - Initiated by StopAssetImportingV2(NoUpdateAssetOptions)
[Project] Loading completed in 30.505 seconds
	Project init time: 				6.203 seconds
		Template init time: 		0.000 seconds
		Package Manager init time: 		0.255 seconds
		Asset Database init time: 		0.191 seconds
		Global illumination init time: 	0.002 seconds
		Assemblies load time: 			0.519 seconds
		Unity extensions init time: 	0.008 seconds
		Asset Database refresh time: 	4.466 seconds
	Scene opening time: 			24.111 seconds
##utp:{"type":"ProjectInfo","version":2,"phase":"Immediate","time":1788976775552,"processId":10940,"projectLoad":30.5053896,"projectInit":6.203414,"templateInit":0.0,"packageManagerInit":0.2551686,"assetDatabaseInit":0.1906362,"globalIlluminationInit":0.0022234,"assembliesLoad":0.519302,"unityExtensionsInit":0.0078026,"assetDatabaseRefresh":4.4656915,"sceneOpening":24.1111089}
##utp:{"type":"EditorInfo","version":2,"phase":"Immediate","time":1788976775552,"processId":10940,"editorVersion":"6000.3.17f1 (cf0352b38e81)","branch":"6000.3/staging","buildType":"Release","platform":"Windows"}
Reloading assemblies for play mode.
Reloading assemblies after forced synchronous recompile.
Begin MonoManager ReloadAssembly
Symbol file LoadedFromMemory is not a mono symbol file
- Loaded All Assemblies, in  0.560 seconds
Refreshing native plugins compatible for Editor in 2.26 ms, found 7 plugins.
Native extension for WindowsStandalone target not found
Assembly reference Packages/com.unity.cinemachine/Editor/Samples/ExposeHDRPInternals/HDRP-Editor-ref.asmref has no target assembly definition
Assembly reference Packages/org.khronos.unitygltf/Editor/Scripts/ShaderGraph/InternalURP/UnityGLTF.URP.Internal.asmref has no target assembly definition
Assembly reference Packages/org.khronos.unitygltf/Runtime/Scripts/Interactivity/VisualScripting/Units/Unity.VisualScripting.asmref has no target assembly definition
ScheduleIndexationOnStartup MainProcess:True IndexOnStartup:True
Mono: successfully reloaded assembly
- Finished resetting the current domain, in  0.841 seconds
Domain Reload Profiling: 1405ms
	BeginReloadAssembly (342ms)
		ExecutionOrderSort (0ms)
		DisableScriptedObjects (13ms)
		BackupInstance (0ms)
		ReleaseScriptingObjects (0ms)
		CreateAndSetChildDomain (256ms)
	RebuildCommonClasses (25ms)
	RebuildNativeTypeToScriptingClass (10ms)
	initialDomainReloadingComplete (18ms)
	LoadAllAssembliesAndSetupDomain (169ms)
		LoadAssemblies (88ms)
		RebuildTransferFunctionScriptingTraits (0ms)
		AnalyzeDomain (131ms)
			TypeCache.Refresh (5ms)
				TypeCache.ScanAssembly (0ms)
			BuildScriptInfoCaches (117ms)
			ResolveRequiredComponents (4ms)
	FinalizeReload (842ms)
		ReleaseScriptCaches (0ms)
		RebuildScriptCaches (0ms)
		SetupLoadedEditorAssemblies (648ms)
			LogAssemblyErrors (0ms)
			InitializePlatformSupportModulesInManaged (17ms)
			SetLoadedEditorAssemblies (3ms)
			BeforeProcessingInitializeOnLoad (134ms)
			ProcessInitializeOnLoadAttributes (375ms)
			ProcessInitializeOnLoadMethodAttributes (118ms)
			AfterProcessingInitializeOnLoad (1ms)
			EditorAssembliesLoaded (0ms)
		ExecutionOrderSort2 (0ms)
		AwakeInstancesAfterBackupRestoration (14ms)
Asset Pipeline Refresh (id=4a6a935533b4d3d41aadc73af986654d): Total: 1.501 seconds - Initiated by StopAssetImportingV2(ForceSynchronousImport | ForceDomainReload)
	Summary:
		Imports: total=0 (actual=0, local cache=0, cache server=0)
		Asset DB Process Time: managed=0 ms, native=918 ms
		Asset DB Callback time: managed=10 ms, native=0 ms
		Scripting: domain reloads=1, domain reload time=570 ms, compile time=1 ms, other=0 ms
		Project Asset Count: scripts=2309, non-scripts=4796
		Asset File Changes: new=0, changed=0, moved=0, deleted=0
		Scan Filter Count: 0
	InvokeCustomDependenciesCallbacks: 0.001ms
	InvokePackagesCallback: 2.155ms
	ApplyChangesToAssetFolders: 0.320ms
	Scan: 0.001ms
	OnSourceAssetsModified: 0.003ms
	CategorizeAssetsWithTransientArtifact: 0.005ms
	ProcessAssetsWithTransientArtifactChanges: 3.931ms
	CategorizeAssets: 42.322ms
	ImportOutOfDateAssets: 849.209ms (846.620ms without children)
		CompileScripts: 1.180ms
		CollectScriptTypesHashes: 0.016ms
		ReloadNativeAssets: 0.047ms
		UnloadImportedAssets: 0.065ms
		EnsureUptoDateAssetsAreRegisteredWithGuidPM: 0.926ms
		InitializingProgressBar: 0.000ms
		PostProcessAllAssetNotificationsAddChangedAssets: 0.001ms
		OnDemandSchedulerStart: 0.354ms
	PostProcessAllAssets: 10.588ms
	GatherAllCurrentPrimaryArtifactRevisions: 0.173ms
	UnloadStreamsBegin: 0.071ms
	PersistCurrentRevisions: 0.159ms
	UnloadStreamsEnd: 0.001ms
	GenerateScriptTypeHashes: 2.507ms
	Untracked: 591.868ms

Loaded scene 'Temp/__Backupscenes/0.backup'
	Deserialize:            5.143 ms
	Integration:            278.245 ms
	Integration of assets:  0.002 ms
	Thread Wait Time:       0.013 ms
	Total Operation Time:   283.404 ms
[MODES] ModeService[none].Initialize
[MODES] ModeService[none].LoadModes
[Licensing::Client] Successfully resolved entitlement details
[Licensing::Client] Successfully resolved entitlement details
[Licensing::Client] Successfully resolved entitlement details
[Licensing::Client] Successfully resolved entitlement details
Start Indexing on Editor startup
ArgumentOutOfRangeException: Index was out of range. Must be non-negative and less than the size of the collection.
Parameter name: index
  at System.Collections.Generic.List`1[T].get_Item (System.Int32 index) [0x00009] in <41d29b352f6a475ab1bf7c6628b82790>:0 
  at UnityEditor.Search.SearchDatabase+<EnumerateAll>d__80.MoveNext () [0x00106] in <017e53516fa14b77992185faa1c1dd92>:0 
  at System.Linq.Enumerable.TryGetFirst[TSource] (System.Collections.Generic.IEnumerable`1[T] source, System.Boolean& found) [0x00045] in <80564d689e48448fa2a7101993ee7201>:0 
  at System.Linq.Enumerable.First[TSource] (System.Collections.Generic.IEnumerable`1[T] source) [0x00000] in <80564d689e48448fa2a7101993ee7201>:0 
  at UnityEditor.Search.SearchDatabase.GetDefaultSearchDatabase () [0x00006] in <017e53516fa14b77992185faa1c1dd92>:0 
  at UnityEditor.Search.SearchInit.IndexationOnStartup () [0x0000c] in <017e53516fa14b77992185faa1c1dd92>:0 
  at UnityEditor.EditorApplication.Internal_CallDelayFunctions () [0x0002c] in <8740d1a42447456fb4d6b16f148b70d3>:0 

Created GICache directory at C:/Users/Catlaxy/AppData/LocalLow/Unity/Caches/GiCache. Took: 0.007s, timestamps: [39.583 - 39.590]
[Licensing::Client] Successfully resolved entitlement details
TrimDiskCacheJob: Current cache size 0mb
[Physics::Module] Cleanup current backend.
[Physics::Module] Id: 0xf2b8ea05
Input System module state changed to: ShutdownInProgress.
Input System polling thread exited.
Input System module state changed to: Shutdown.
[Licensing::IpcConnector] LicenseClient-Catlaxy-notifications channel disconnected successfully.
[Licensing::IpcConnector] LicenseClient-Catlaxy channel disconnected successfully.
AcceleratorClientConnectionCallback - disconnected - :0
Shut down.
Cleanup mono
abort_threads: Failed aborting id: 0000000000008F4C, mono_thread_manage will ignore it

abort_threads: Failed aborting id: 000000000000892C, mono_thread_manage will ignore it

abort_threads: Failed aborting id: 0000000000008F4C, mono_thread_manage will ignore it

abort_threads: Failed aborting id: 000000000000892C, mono_thread_manage will ignore it

debugger-agent: Unable to listen on 4604
Checking for leaked weakptr:
  Found no leaked weakptrs.
[Package Manager] Server process was shutdown
##utp:{"type":"MemoryLeaks","version":2,"phase":"Immediate","time":1788977017799,"processId":10940,"allocatedMemory":22708721,"memoryLabels":[{"Default":29313},{"Permanent":15236},{"NewDelete":69003},{"Thread":4230344},{"Manager":39933},{"VertexData":8},{"Geometry":816},{"Texture":296},{"Shader":153085},{"Material":24},{"GfxDevice":55872},{"Animation":392},{"Audio":2664},{"FreeType":8},{"FontEngine":736},{"Physics":2090},{"Physics2D":16},{"Serialization":720},{"Input":14984},{"JobScheduler":33024},{"TextLib":216},{"Mono":32},{"ScriptingNativeRuntime":155060},{"BaseObject":1620208},{"Resource":1336},{"Renderer":3000},{"Transform":4685},{"File":24480},{"WebCam":616},{"Culling":32},{"Terrain":11394},{"Wind":24},{"STL":40},{"String":14446},{"DynamicArray":128927},{"HashMap":3869790},{"Utility":2662998},{"Curl":3328},{"PoolAlloc":2152},{"AI":80},{"TypeTree":5341},{"ScriptManager":512},{"RuntimeInitializeOnLoadManager":64},{"SpriteAtlas":112},{"GI":7792},{"Director":8240},{"CloudService":6480},{"WebRequest":8311},{"VR":47994},{"SceneManager":504},{"Video":208},{"LazyScriptCache":32},{"Camera":17},{"Secure":2377},{"SerializationCache":1576},{"APIUpdating":10320},{"Subsystems":336},{"VirtualTexturing":57888},{"StaticSafetyDebugInfo":278528},{"Analytics":384},{"Hierarchy":608},{"CoreStats":13112},{"Identifiers":12960},{"Gui":96},{"EditorUtility":119833},{"VersionControl":4},{"Undo":947},{"AssetDatabase":8927119},{"EditorGi":328},{"UnityConnect":29232},{"Upm":1896},{"AssetCompliance":64},{"DrivenProperties":72},{"LocalIPC":213},{"ProfilerEditor":9746},{"CoreBusinessMetrics":2875},{"Licensing":1232},{"AssetReference":32},{"IPCStream":32}]}
