[Licensing::Module] Trying to connect to existing licensing client channel...
Built from '6000.3/staging' branch; Version is '6000.3.17f1 (cf0352b38e81) revision 13566802'; Using compiler version '194234433'; Build Type 'Release'
[Licensing::IpcConnector] Channel LicenseClient-Catlaxy doesn't exist
OS: 'Windows 11  (10.0.26200) CoreCountrySpecific' Language: 'zh' Physical Memory: 31932 MB
BatchMode: 1, IsHumanControllingUs: 0, StartBugReporterOnCrash: 0, Is64bit: 1
System  architecture: x64
Process architecture: x64
Date: 2026-09-09T17:57:42Z
[Licensing::Module] Successfully launched the LicensingClient (PId: 38736)

COMMAND LINE ARGUMENTS:
E:\Unity\Editor\Unity 6000.3.17f1\Editor\Unity.exe
-batchmode
-quit
-projectPath
E:\ZZZ\ZCode\10_Unity\Remielle_Main
-executeMethod
Remielle.Controller.Editor.SourceControllerBuild.BuildPlayer
-logFile
E:\ZZZ\ZCode\90_Builds\wtr-demo-build.log
Successfully changed project path to: E:\ZZZ\ZCode\10_Unity\Remielle_Main
E:/ZZZ/ZCode/10_Unity/Remielle_Main
[UnityMemory] Configuration Parameters - Can be set up in boot.config
    "memorysetup-temp-allocator-size-nav-mesh-worker=65536"
    "memorysetup-temp-allocator-size-audio-worker=65536"
    "memorysetup-temp-allocator-size-gfx=262144"
    "memorysetup-allocator-temp-initial-block-size-main=262144"
    "memorysetup-allocator-temp-initial-block-size-worker=262144"
    "memorysetup-temp-allocator-size-background-worker=32768"
    "memorysetup-temp-allocator-size-job-worker=262144"
    "memorysetup-temp-allocator-size-preload-manager=33554432"
    "memorysetup-temp-allocator-size-gi-baking-worker=262144"
    "memorysetup-temp-allocator-size-gi-baking-worker=262144"
    "memorysetup-temp-allocator-size-gi-baking-worker=262144"
    "memorysetup-temp-allocator-size-gi-baking-worker=262144"
    "memorysetup-temp-allocator-size-gi-baking-worker=262144"
    "memorysetup-bucket-allocator-granularity=16"
    "memorysetup-bucket-allocator-bucket-count=8"
    "memorysetup-bucket-allocator-block-size=33554432"
    "memorysetup-bucket-allocator-block-count=8"
    "memorysetup-main-allocator-block-size=16777216"
    "memorysetup-thread-allocator-block-size=16777216"
    "memorysetup-gfx-main-allocator-block-size=16777216"
    "memorysetup-gfx-thread-allocator-block-size=16777216"
    "memorysetup-cache-allocator-block-size=4194304"
    "memorysetup-typetree-allocator-block-size=2097152"
    "memorysetup-profiler-bucket-allocator-granularity=16"
    "memorysetup-profiler-bucket-allocator-bucket-count=8"
    "memorysetup-profiler-bucket-allocator-block-size=33554432"
    "memorysetup-profiler-bucket-allocator-block-count=8"
    "memorysetup-profiler-allocator-block-size=16777216"
    "memorysetup-profiler-editor-allocator-block-size=1048576"
    "memorysetup-temp-allocator-size-main=16777216"
    "memorysetup-job-temp-allocator-block-size=2097152"
    "memorysetup-job-temp-allocator-block-size-background=1048576"
    "memorysetup-job-temp-allocator-reduction-small-platforms=262144"
    "memorysetup-temp-allocator-size-cloud-worker=32768"
Player connection [37440]  Target information:

Player connection [37440]  * "[IP] 10.6.1.131 [Port] 55504 [Flags] 2 [Guid] 119554806 [EditorId] 119554806 [Version] 1048832 [Id] WindowsEditor(7,Catlaxy) [Debug] 1 [PackageName] WindowsEditor [ProjectName] Editor" 

Player connection [37440] Host joined multi-casting on [225.0.0.222:54997]...
Player connection [37440] Host joined alternative multi-casting on [225.0.0.222:34997]...
Input System module state changed to: Initialized.
[Physics::Module] Initialized fallback backend.
[Physics::Module] Id: 0xdecafbad
Starting IPC server.
Waiting for clients to connect on \\.\pipe\Unity-LicenseClient-Catlaxy, press Ctrl-C to exit.
[Licensing::IpcConnector] Successfully connected to: "LicenseClient-Catlaxy" at "2026-09-09T17:57:42.7355002Z"
[Licensing::Client] Code 10 while verifying Licensing Client signature (process Id: 38736, path: "E:/Unity/Editor/Unity 6000.3.17f1/Editor/Data/Resources/Licensing/Client/Unity.Licensing.Client.exe")
[Licensing::Module] LicensingClient has failed validation; ignoring
[Licensing::Client] Handshaking with LicensingClient:
  Version:                 1.18.1+9fbee8e
  Session Id:              e7cba341dddc4e6a9e7afaaf9056f90f
  Correlation Id:          95d75dd6e637600c84870bbc9de6f0f4
  External correlation Id: 8752460533954511886
  Machine Id:              Wq6DjxQJzu/D9N9icyr2lUgH8QM=
[Licensing::Module] Successfully connected to LicensingClient on channel: "LicenseClient-Catlaxy" (connect: 0.25s, validation: 0.06s, handshake: 0.04s)
[Licensing::IpcConnector] Successfully connected to: "LicenseClient-Catlaxy-notifications" at "2026-09-09T17:57:42.8332942Z"
[Licensing::Module] Connected to LicensingClient (PId: 38736, launch time: 0.00, total connection time: 0.34s)
[Licensing::Module] Error: Access token is unavailable; failed to update
[Licensing::Client] Successfully resolved entitlement details
[Licensing::Module] License group:
  Id: ewogICJzdWJzR3JvdXAiIDogInVuaXR5IGVkaXRvciIsCiAgIm5hbWVzcGFjZSIgOiAidW5pdHlfZWRpdG9yIiwKICAidHlwZSIgOiAiRURJVE9SIiwKICAidGFnIiA6ICJVbml0eVBlcnNvbmFsXXXX
  Product: Unity Personal Version
  Type: Assigned
  Expiration: Unlimited
[Licensing::Client] Successfully updated license, isAsync: True, time: 0.01
[Package Manager] Connected to IPC stream "Upm-37880" after 0.2 seconds.
[Licensing::Module] Licensing is not yet initialized.
[Licensing::Client] Successfully resolved entitlement details
[Licensing::Module] Licensing Background thread has ended after 0.38s
[Licensing::Module] Licensing is initialized (took 0.00s).
[Licensing::Client] Successfully resolved entitlement details
Library Redirect Path: Library/
[Physics::Module] Selected backend.
[Physics::Module] Name: PhysX
[Physics::Module] Id: 0xf2b8ea05
[Physics::Module] SDK Version: 4.1.2
[Physics::Module] Integration Version: 1.0.0
[Physics::Module] Threading Mode: Multi-Threaded
Refreshing native plugins compatible for Editor in 1.23 ms, found 4 plugins.
Preloading 0 native plugins for Editor in 0.00 ms.
Initialize engine version: 6000.3.17f1 (cf0352b38e81)
[Subsystems] Discovering subsystems at path E:/Unity/Editor/Unity 6000.3.17f1/Editor/Data/Resources/UnitySubsystems
[Subsystems] Discovering subsystems at path E:/ZZZ/ZCode/10_Unity/Remielle_Main/Assets
GfxDevice: creating device client; kGfxThreadingModeNonThreaded
Direct3D:
    Version:  Direct3D 11.0 [level 11.1]
    Renderer: NVIDIA GeForce RTX 5070 Ti Laptop GPU (ID=0x2f18)
    Vendor:   NVIDIA
    VRAM:     11944 MB
    Driver:   32.0.16.1047
Initialize mono
Mono path[0] = 'E:/Unity/Editor/Unity 6000.3.17f1/Editor/Data/Managed'
Mono path[1] = 'E:/Unity/Editor/Unity 6000.3.17f1/Editor/Data/MonoBleedingEdge/lib/mono/unityjit-win32'
Mono config path = 'E:/Unity/Editor/Unity 6000.3.17f1/Editor/Data/MonoBleedingEdge/etc'
Using monoOptions --debugger-agent=transport=dt_socket,embedding=1,server=y,suspend=n,address=127.0.0.1:56880
Using cacheserver namespaces - metadata:defaultmetadata, artifacts:defaultartifacts
Using cacheserver namespaces - metadata:defaultmetadata, artifacts:defaultartifacts
ImportWorker Server TCP listen port: 0
AcceleratorClientConnectionCallback - disconnected - :0
Begin MonoManager ReloadAssembly
Registering precompiled unity dll's ...
Register platform support module: E:/Unity/Editor/Unity 6000.3.17f1/Editor/Data/PlaybackEngines/WindowsStandaloneSupport/UnityEditor.WindowsStandalone.Extensions.dll
Registered in 0.000754 seconds.
- Loaded All Assemblies, in  0.260 seconds
Native extension for WindowsStandalone target not found
Package Manager log level set to [2]
ScheduleIndexationOnStartup MainProcess:False IndexOnStartup:False
Mono: successfully reloaded assembly
- Finished resetting the current domain, in  0.245 seconds
Domain Reload Profiling: 505ms
	BeginReloadAssembly (90ms)
		ExecutionOrderSort (0ms)
		DisableScriptedObjects (0ms)
		BackupInstance (0ms)
		ReleaseScriptingObjects (0ms)
		CreateAndSetChildDomain (15ms)
	RebuildCommonClasses (25ms)
	RebuildNativeTypeToScriptingClass (8ms)
	initialDomainReloadingComplete (26ms)
	LoadAllAssembliesAndSetupDomain (111ms)
		LoadAssemblies (74ms)
		RebuildTransferFunctionScriptingTraits (0ms)
		AnalyzeDomain (109ms)
			TypeCache.Refresh (107ms)
				TypeCache.ScanAssembly (98ms)
			BuildScriptInfoCaches (0ms)
			ResolveRequiredComponents (0ms)
	FinalizeReload (245ms)
		ReleaseScriptCaches (0ms)
		RebuildScriptCaches (0ms)
		SetupLoadedEditorAssemblies (219ms)
			LogAssemblyErrors (0ms)
			InitializePlatformSupportModulesInManaged (29ms)
			SetLoadedEditorAssemblies (2ms)
			BeforeProcessingInitializeOnLoad (51ms)
			ProcessInitializeOnLoadAttributes (84ms)
			ProcessInitializeOnLoadMethodAttributes (52ms)
			AfterProcessingInitializeOnLoad (0ms)
			EditorAssembliesLoaded (0ms)
		ExecutionOrderSort2 (0ms)
		AwakeInstancesAfterBackupRestoration (0ms)
[Licensing::Client] Successfully resolved entitlement details
Application.AssetDatabase Initial Refresh Start
[Package Manager] Restoring resolved packages state from cache
[Licensing::Client] Successfully resolved entitlement details
[Package Manager] Registered 73 packages:
  Packages from [https://packages.unity.com]:
    com.unity.ads@4.16.4 (location: E:\ZZZ\ZCode\10_Unity\Remielle_Main\Library\PackageCache\com.unity.ads@e89225828059)
    com.unity.ai.navigation@2.0.12 (location: E:\ZZZ\ZCode\10_Unity\Remielle_Main\Library\PackageCache\com.unity.ai.navigation@734c2c4c5591)
    com.unity.analytics@3.8.2 (location: E:\ZZZ\ZCode\10_Unity\Remielle_Main\Library\PackageCache\com.unity.analytics@c9d14a6bdec6)
    com.unity.collab-proxy@2.12.4 (location: E:\ZZZ\ZCode\10_Unity\Remielle_Main\Library\PackageCache\com.unity.collab-proxy@0b1559bcd34e)
    com.unity.ide.rider@3.0.40 (location: E:\ZZZ\ZCode\10_Unity\Remielle_Main\Library\PackageCache\com.unity.ide.rider@e4950c6d131b)
    com.unity.ide.visualstudio@2.0.26 (location: E:\ZZZ\ZCode\10_Unity\Remielle_Main\Library\PackageCache\com.unity.ide.visualstudio@a99d56dec63f)
    com.unity.inputsystem@1.19.0 (location: E:\ZZZ\ZCode\10_Unity\Remielle_Main\Library\PackageCache\com.unity.inputsystem@21a28c3a6c83)
    com.unity.purchasing@4.15.0 (location: E:\ZZZ\ZCode\10_Unity\Remielle_Main\Library\PackageCache\com.unity.purchasing@ffbc76639aab)
    com.unity.timeline@1.8.12 (location: E:\ZZZ\ZCode\10_Unity\Remielle_Main\Library\PackageCache\com.unity.timeline@8cd8509afae5)
    com.unity.xr.legacyinputhelpers@2.1.13 (location: E:\ZZZ\ZCode\10_Unity\Remielle_Main\Library\PackageCache\com.unity.xr.legacyinputhelpers@9535ff2c27ac)
    com.unity.editorcoroutines@1.1.0 (location: E:\ZZZ\ZCode\10_Unity\Remielle_Main\Library\PackageCache\com.unity.editorcoroutines@87a15ed012c2)
    com.unity.nuget.newtonsoft-json@3.2.2 (location: E:\ZZZ\ZCode\10_Unity\Remielle_Main\Library\PackageCache\com.unity.nuget.newtonsoft-json@4dfd81071c64)
    com.unity.splines@2.8.4 (location: E:\ZZZ\ZCode\10_Unity\Remielle_Main\Library\PackageCache\com.unity.splines@9b00833aca09)
    com.unity.mathematics@1.3.3 (location: E:\ZZZ\ZCode\10_Unity\Remielle_Main\Library\PackageCache\com.unity.mathematics@19a9377c4ffa)
    com.unity.collections@2.6.6 (location: E:\ZZZ\ZCode\10_Unity\Remielle_Main\Library\PackageCache\com.unity.collections@9796e5ee0d9e)
    com.unity.services.core@1.17.0 (location: E:\ZZZ\ZCode\10_Unity\Remielle_Main\Library\PackageCache\com.unity.services.core@517695160ac6)
    com.unity.services.analytics@6.3.0 (location: E:\ZZZ\ZCode\10_Unity\Remielle_Main\Library\PackageCache\com.unity.services.analytics@cde4e6cf92f9)
    com.unity.settings-manager@2.1.1 (location: E:\ZZZ\ZCode\10_Unity\Remielle_Main\Library\PackageCache\com.unity.settings-manager@0b8638c5ce86)
    com.unity.burst@1.8.29 (location: E:\ZZZ\ZCode\10_Unity\Remielle_Main\Library\PackageCache\com.unity.burst@6bb9aca3ef38)
    com.unity.nuget.mono-cecil@1.11.6 (location: E:\ZZZ\ZCode\10_Unity\Remielle_Main\Library\PackageCache\com.unity.nuget.mono-cecil@ecb9724e46ff)
    com.unity.test-framework.performance@3.5.0 (location: E:\ZZZ\ZCode\10_Unity\Remielle_Main\Library\PackageCache\com.unity.test-framework.performance@8b56083ec0f0)
    com.unity.searcher@4.9.4 (location: E:\ZZZ\ZCode\10_Unity\Remielle_Main\Library\PackageCache\com.unity.searcher@d45a78918735)
  Built-in packages:
    com.unity.2d.sprite@1.0.0 (location: E:\ZZZ\ZCode\10_Unity\Remielle_Main\Library\PackageCache\com.unity.2d.sprite@3cb28db060cf)
    com.unity.2d.tilemap@1.0.0 (location: E:\ZZZ\ZCode\10_Unity\Remielle_Main\Library\PackageCache\com.unity.2d.tilemap@7538f229e26c)
    com.unity.multiplayer.center@1.0.1 (location: E:\ZZZ\ZCode\10_Unity\Remielle_Main\Library\PackageCache\com.unity.multiplayer.center@f01f4ba8d00a)
    com.unity.test-framework@1.6.0 (location: E:\ZZZ\ZCode\10_Unity\Remielle_Main\Library\PackageCache\com.unity.test-framework@ecf40a72f8c1)
    com.unity.ugui@2.0.0 (location: E:\ZZZ\ZCode\10_Unity\Remielle_Main\Library\PackageCache\com.unity.ugui@05e8dec4ac02)
    com.unity.modules.accessibility@1.0.0 (location: E:\ZZZ\ZCode\10_Unity\Remielle_Main\Library\PackageCache\com.unity.modules.accessibility)
    com.unity.modules.adaptiveperformance@1.0.0 (location: E:\ZZZ\ZCode\10_Unity\Remielle_Main\Library\PackageCache\com.unity.modules.adaptiveperformance)
    com.unity.modules.ai@1.0.0 (location: E:\ZZZ\ZCode\10_Unity\Remielle_Main\Library\PackageCache\com.unity.modules.ai)
    com.unity.modules.androidjni@1.0.0 (location: E:\ZZZ\ZCode\10_Unity\Remielle_Main\Library\PackageCache\com.unity.modules.androidjni)
    com.unity.modules.animation@1.0.0 (location: E:\ZZZ\ZCode\10_Unity\Remielle_Main\Library\PackageCache\com.unity.modules.animation)
    com.unity.modules.assetbundle@1.0.0 (location: E:\ZZZ\ZCode\10_Unity\Remielle_Main\Library\PackageCache\com.unity.modules.assetbundle)
    com.unity.modules.audio@1.0.0 (location: E:\ZZZ\ZCode\10_Unity\Remielle_Main\Library\PackageCache\com.unity.modules.audio)
    com.unity.modules.cloth@1.0.0 (location: E:\ZZZ\ZCode\10_Unity\Remielle_Main\Library\PackageCache\com.unity.modules.cloth)
    com.unity.modules.director@1.0.0 (location: E:\ZZZ\ZCode\10_Unity\Remielle_Main\Library\PackageCache\com.unity.modules.director)
    com.unity.modules.imageconversion@1.0.0 (location: E:\ZZZ\ZCode\10_Unity\Remielle_Main\Library\PackageCache\com.unity.modules.imageconversion)
    com.unity.modules.imgui@1.0.0 (location: E:\ZZZ\ZCode\10_Unity\Remielle_Main\Library\PackageCache\com.unity.modules.imgui)
    com.unity.modules.jsonserialize@1.0.0 (location: E:\ZZZ\ZCode\10_Unity\Remielle_Main\Library\PackageCache\com.unity.modules.jsonserialize)
    com.unity.modules.particlesystem@1.0.0 (location: E:\ZZZ\ZCode\10_Unity\Remielle_Main\Library\PackageCache\com.unity.modules.particlesystem)
    com.unity.modules.physics@1.0.0 (location: E:\ZZZ\ZCode\10_Unity\Remielle_Main\Library\PackageCache\com.unity.modules.physics)
    com.unity.modules.physics2d@1.0.0 (location: E:\ZZZ\ZCode\10_Unity\Remielle_Main\Library\PackageCache\com.unity.modules.physics2d)
    com.unity.modules.screencapture@1.0.0 (location: E:\ZZZ\ZCode\10_Unity\Remielle_Main\Library\PackageCache\com.unity.modules.screencapture)
    com.unity.modules.terrain@1.0.0 (location: E:\ZZZ\ZCode\10_Unity\Remielle_Main\Library\PackageCache\com.unity.modules.terrain)
    com.unity.modules.terrainphysics@1.0.0 (location: E:\ZZZ\ZCode\10_Unity\Remielle_Main\Library\PackageCache\com.unity.modules.terrainphysics)
    com.unity.modules.tilemap@1.0.0 (location: E:\ZZZ\ZCode\10_Unity\Remielle_Main\Library\PackageCache\com.unity.modules.tilemap)
    com.unity.modules.ui@1.0.0 (location: E:\ZZZ\ZCode\10_Unity\Remielle_Main\Library\PackageCache\com.unity.modules.ui)
    com.unity.modules.uielements@1.0.0 (location: E:\ZZZ\ZCode\10_Unity\Remielle_Main\Library\PackageCache\com.unity.modules.uielements)
    com.unity.modules.umbra@1.0.0 (location: E:\ZZZ\ZCode\10_Unity\Remielle_Main\Library\PackageCache\com.unity.modules.umbra)
    com.unity.modules.unityanalytics@1.0.0 (location: E:\ZZZ\ZCode\10_Unity\Remielle_Main\Library\PackageCache\com.unity.modules.unityanalytics)
    com.unity.modules.unitywebrequest@1.0.0 (location: E:\ZZZ\ZCode\10_Unity\Remielle_Main\Library\PackageCache\com.unity.modules.unitywebrequest)
    com.unity.modules.unitywebrequestassetbundle@1.0.0 (location: E:\ZZZ\ZCode\10_Unity\Remielle_Main\Library\PackageCache\com.unity.modules.unitywebrequestassetbundle)
    com.unity.modules.unitywebrequestaudio@1.0.0 (location: E:\ZZZ\ZCode\10_Unity\Remielle_Main\Library\PackageCache\com.unity.modules.unitywebrequestaudio)
    com.unity.modules.unitywebrequesttexture@1.0.0 (location: E:\ZZZ\ZCode\10_Unity\Remielle_Main\Library\PackageCache\com.unity.modules.unitywebrequesttexture)
    com.unity.modules.unitywebrequestwww@1.0.0 (location: E:\ZZZ\ZCode\10_Unity\Remielle_Main\Library\PackageCache\com.unity.modules.unitywebrequestwww)
    com.unity.modules.vectorgraphics@1.0.0 (location: E:\ZZZ\ZCode\10_Unity\Remielle_Main\Library\PackageCache\com.unity.modules.vectorgraphics)
    com.unity.modules.vehicles@1.0.0 (location: E:\ZZZ\ZCode\10_Unity\Remielle_Main\Library\PackageCache\com.unity.modules.vehicles)
    com.unity.modules.video@1.0.0 (location: E:\ZZZ\ZCode\10_Unity\Remielle_Main\Library\PackageCache\com.unity.modules.video)
    com.unity.modules.vr@1.0.0 (location: E:\ZZZ\ZCode\10_Unity\Remielle_Main\Library\PackageCache\com.unity.modules.vr)
    com.unity.modules.wind@1.0.0 (location: E:\ZZZ\ZCode\10_Unity\Remielle_Main\Library\PackageCache\com.unity.modules.wind)
    com.unity.modules.xr@1.0.0 (location: E:\ZZZ\ZCode\10_Unity\Remielle_Main\Library\PackageCache\com.unity.modules.xr)
    com.unity.shadergraph@17.3.0 (location: E:\ZZZ\ZCode\10_Unity\Remielle_Main\Library\PackageCache\com.unity.shadergraph@4892040ec25e)
    com.unity.modules.subsystems@1.0.0 (location: E:\ZZZ\ZCode\10_Unity\Remielle_Main\Library\PackageCache\com.unity.modules.subsystems)
    com.unity.modules.hierarchycore@1.0.0 (location: E:\ZZZ\ZCode\10_Unity\Remielle_Main\Library\PackageCache\com.unity.modules.hierarchycore)
    com.unity.ext.nunit@2.0.5 (location: E:\ZZZ\ZCode\10_Unity\Remielle_Main\Library\PackageCache\com.unity.ext.nunit@d8c07649098d)
    com.unity.render-pipelines.core@17.3.0 (location: E:\ZZZ\ZCode\10_Unity\Remielle_Main\Library\PackageCache\com.unity.render-pipelines.core@0cc60402ef53)
  Embedded packages:
    com.unity.cinemachine@file:E:\ZZZ\ZCode\10_Unity\Remielle_Main\Packages\com.unity.cinemachine (location: E:\ZZZ\ZCode\10_Unity\Remielle_Main\Packages\com.unity.cinemachine)
    com.meliverse.hoyotoon@file:E:\ZZZ\ZCode\10_Unity\Remielle_Main\Packages\com.meliverse.hoyotoon (location: E:\ZZZ\ZCode\10_Unity\Remielle_Main\Packages\com.meliverse.hoyotoon)
    com.nickmaltbie.openkcc@file:E:\ZZZ\ZCode\10_Unity\Remielle_Main\Packages\com.nickmaltbie.openkcc (location: E:\ZZZ\ZCode\10_Unity\Remielle_Main\Packages\com.nickmaltbie.openkcc)
    com.nickmaltbie.screenmanager@file:E:\ZZZ\ZCode\10_Unity\Remielle_Main\Packages\com.nickmaltbie.screenmanager (location: E:\ZZZ\ZCode\10_Unity\Remielle_Main\Packages\com.nickmaltbie.screenmanager)
    com.nickmaltbie.statemachineunity@file:E:\ZZZ\ZCode\10_Unity\Remielle_Main\Packages\com.nickmaltbie.statemachineunity (location: E:\ZZZ\ZCode\10_Unity\Remielle_Main\Packages\com.nickmaltbie.statemachineunity)
    com.nickmaltbie.testutilsunity@file:E:\ZZZ\ZCode\10_Unity\Remielle_Main\Packages\com.nickmaltbie.testutilsunity (location: E:\ZZZ\ZCode\10_Unity\Remielle_Main\Packages\com.nickmaltbie.testutilsunity)
  Git packages:
    org.khronos.unitygltf@https://github.com/KhronosGroup/UnityGLTF.git#release/2.20.0 (location: E:\ZZZ\ZCode\10_Unity\Remielle_Main\Library\PackageCache\org.khronos.unitygltf@74d7064fa339)
[Package Manager] com.unity.purchasing@4.15.0 is deprecated: Unity IAP 4 is unsupported as of June 8, 2026. IAP 5 is the supported version going forward.
[Subsystems] No new subsystems found in resolved package list.
[Package Manager] Done registering packages in 0.01 seconds
Assembly reference Packages/com.unity.cinemachine/Editor/Samples/ExposeHDRPInternals/HDRP-Editor-ref.asmref has no target assembly definition
Assembly reference Packages/org.khronos.unitygltf/Editor/Scripts/ShaderGraph/InternalURP/UnityGLTF.URP.Internal.asmref has no target assembly definition
Assembly reference Packages/org.khronos.unitygltf/Runtime/Scripts/Interactivity/VisualScripting/Units/Unity.VisualScripting.asmref has no target assembly definition
Assembly reference Packages/com.unity.cinemachine/Editor/Samples/ExposeHDRPInternals/HDRP-Editor-ref.asmref has no target assembly definition
Assembly reference Packages/org.khronos.unitygltf/Editor/Scripts/ShaderGraph/InternalURP/UnityGLTF.URP.Internal.asmref has no target assembly definition
Assembly reference Packages/org.khronos.unitygltf/Runtime/Scripts/Interactivity/VisualScripting/Units/Unity.VisualScripting.asmref has no target assembly definition
info: Microsoft.Hosting.Lifetime[14]
      Now listening on: http://localhost:80
info: Microsoft.Hosting.Lifetime[0]
      Application started. Press Ctrl+C to shut down.
info: Microsoft.Hosting.Lifetime[0]
      Hosting environment: Production
info: Microsoft.Hosting.Lifetime[0]
      Content root path: E:\ZZZ\ZCode\10_Unity\Remielle_Main\
info: Microsoft.AspNetCore.Hosting.Diagnostics[1]
      Request starting HTTP/2 POST http://ilpp/UnityILPP.PostProcessing/Ping application/grpc -
info: Microsoft.AspNetCore.Routing.EndpointMiddleware[0]
      Executing endpoint 'gRPC - /UnityILPP.PostProcessing/Ping'
info: Microsoft.AspNetCore.Routing.EndpointMiddleware[1]
      Executed endpoint 'gRPC - /UnityILPP.PostProcessing/Ping'
info: Microsoft.AspNetCore.Hosting.Diagnostics[2]
      Request finished HTTP/2 POST http://ilpp/UnityILPP.PostProcessing/Ping application/grpc - - 200 - application/grpc 24.5100ms
Starting: E:\Unity\Editor\Unity 6000.3.17f1\Editor\Data\Tools\BuildPipeline\bee_backend.exe --ipc --defer-dag-verification --dagfile="Library/Bee/1900b0aE.dag" --continue-on-failure --profile="Library/Bee/backend1.traceevents" ScriptAssemblies
WorkingDir: E:/ZZZ/ZCode/10_Unity/Remielle_Main
info: Microsoft.AspNetCore.Hosting.Diagnostics[1]
      Request starting HTTP/2 POST http://ilpp/UnityILPP.PostProcessing/ConfigurePostProcessors application/grpc -
info: Microsoft.AspNetCore.Routing.EndpointMiddleware[0]
      Executing endpoint 'gRPC - /UnityILPP.PostProcessing/ConfigurePostProcessors'
DisplayProgressbar: Compiling Scripts
warn: Unity.ILPP.Runner.PostProcessingAssemblyLoadContext[0]
      Assembly system.runtime.interopservices.windowsruntime has duplicate hint path. Ignoring "E:\Unity\Editor\Unity 6000.3.17f1\Editor\Data\UnityReferenceAssemblies\unity-4.8-api\Facades\System.Runtime.InteropServices.WindowsRuntime.dll" in favor of "E:\Unity\Editor\Unity 6000.3.17f1\Editor\Data\NetStandard\Extensions\2.0.0\System.Runtime.InteropServices.WindowsRuntime.dll"
warn: Unity.ILPP.Runner.PostProcessingAssemblyLoadContext[0]
      Assembly system.componentmodel.composition has duplicate hint path. Ignoring "E:\Unity\Editor\Unity 6000.3.17f1\Editor\Data\UnityReferenceAssemblies\unity-4.8-api\System.ComponentModel.Composition.dll" in favor of "E:\Unity\Editor\Unity 6000.3.17f1\Editor\Data\NetStandard\compat\2.1.0\shims\netfx\System.ComponentModel.Composition.dll"
info: Unity.ILPP.Runner.PostProcessingAssemblyLoadContext[0]
      Resolved Unity.Burst.Cecil, Version=0.11.6.0, Culture=neutral, PublicKeyToken=50cebf1cceb9d05e with Library\PackageCache\com.unity.burst@6bb9aca3ef38\Unity.Burst.CodeGen\Unity.Burst.Cecil.dll
info: Unity.ILPP.Runner.PostProcessingAssemblyLoadContext[0]
      Resolved Mono.Cecil, Version=0.11.5.0, Culture=neutral, PublicKeyToken=50cebf1cceb9d05e with Library\PackageCache\com.unity.nuget.mono-cecil@ecb9724e46ff\Mono.Cecil.dll
info: Microsoft.AspNetCore.Routing.EndpointMiddleware[1]
      Executed endpoint 'gRPC - /UnityILPP.PostProcessing/ConfigurePostProcessors'
info: Microsoft.AspNetCore.Hosting.Diagnostics[2]
      Request finished HTTP/2 POST http://ilpp/UnityILPP.PostProcessing/ConfigurePostProcessors application/grpc - - 200 - application/grpc 31.4691ms
ExitCode: 0 Duration: 0s211ms
[1068/1402  0s] ILPP-Configuration Library/ilpp-configuration.nevergeneratedoutput
*** Tundra build success (0.18 seconds), 1 items updated, 1402 evaluated
AssetDatabase: script compilation time: 0.529639s
Begin MonoManager ReloadAssembly
Symbol file LoadedFromMemory is not a mono symbol file
- Loaded All Assemblies, in  0.608 seconds
'Packages/com.unity.cinemachine/Editor/Editors/CinemachineVirtualCameraBaseEditor.cs' contains partial class of Unity.Object, exactly 1 of the partial classes needs to be in a file with the same filename. This is to know the one that can be referenced from ie. GameObjects
'Packages/com.unity.cinemachine/Editor/Obsolete/CinemachineVirtualCameraBaseEditor.cs' contains partial class of Unity.Object, exactly 1 of the partial classes needs to be in a file with the same filename. This is to know the one that can be referenced from ie. GameObjects
Refreshing native plugins compatible for Editor in 2.34 ms, found 7 plugins.
Native extension for WindowsStandalone target not found
Assembly reference Packages/com.unity.cinemachine/Editor/Samples/ExposeHDRPInternals/HDRP-Editor-ref.asmref has no target assembly definition
Assembly reference Packages/org.khronos.unitygltf/Editor/Scripts/ShaderGraph/InternalURP/UnityGLTF.URP.Internal.asmref has no target assembly definition
Assembly reference Packages/org.khronos.unitygltf/Runtime/Scripts/Interactivity/VisualScripting/Units/Unity.VisualScripting.asmref has no target assembly definition
Refreshing native plugins compatible for Editor in 2.12 ms, found 7 plugins.
ScheduleIndexationOnStartup MainProcess:True IndexOnStartup:True
Mono: successfully reloaded assembly
- Finished resetting the current domain, in  2.775 seconds
Domain Reload Profiling: 3383ms
	BeginReloadAssembly (236ms)
		ExecutionOrderSort (0ms)
		DisableScriptedObjects (14ms)
		BackupInstance (0ms)
		ReleaseScriptingObjects (0ms)
		CreateAndSetChildDomain (145ms)
	RebuildCommonClasses (25ms)
	RebuildNativeTypeToScriptingClass (8ms)
	initialDomainReloadingComplete (18ms)
	LoadAllAssembliesAndSetupDomain (321ms)
		LoadAssemblies (215ms)
		RebuildTransferFunctionScriptingTraits (0ms)
		AnalyzeDomain (161ms)
			TypeCache.Refresh (111ms)
				TypeCache.ScanAssembly (101ms)
			BuildScriptInfoCaches (43ms)
			ResolveRequiredComponents (3ms)
	FinalizeReload (2776ms)
		ReleaseScriptCaches (0ms)
		RebuildScriptCaches (0ms)
		SetupLoadedEditorAssemblies (2414ms)
			LogAssemblyErrors (0ms)
			InitializePlatformSupportModulesInManaged (14ms)
			SetLoadedEditorAssemblies (2ms)
			BeforeProcessingInitializeOnLoad (133ms)
			ProcessInitializeOnLoadAttributes (2080ms)
			ProcessInitializeOnLoadMethodAttributes (184ms)
			AfterProcessingInitializeOnLoad (1ms)
			EditorAssembliesLoaded (0ms)
		ExecutionOrderSort2 (0ms)
		AwakeInstancesAfterBackupRestoration (15ms)
Asset Pipeline Refresh (id=c2a7fb48718bd284eb8630faed7e083e): Total: 4.388 seconds - Initiated by InitialRefreshV2(ForceSynchronousImport)
	Summary:
		Imports: total=0 (actual=0, local cache=0, cache server=0)
		Asset DB Process Time: managed=0 ms, native=3168 ms
		Asset DB Callback time: managed=13 ms, native=15 ms
		Scripting: domain reloads=1, domain reload time=608 ms, compile time=531 ms, other=51 ms
		Project Asset Count: scripts=2309, non-scripts=4796
		Asset File Changes: new=0, changed=0, moved=0, deleted=0
		Scan Filter Count: 0
	InvokeCustomDependenciesCallbacks: 0.002ms
	InvokePackagesCallback: 17.041ms
	ApplyChangesToAssetFolders: 0.760ms
	Scan: 126.001ms
	OnSourceAssetsModified: 0.004ms
	CategorizeAssetsWithTransientArtifact: 29.799ms
	ProcessAssetsWithTransientArtifactChanges: 58.346ms
	CategorizeAssets: 50.372ms
	ImportOutOfDateAssets: 2785.649ms (2253.162ms without children)
		CompileScripts: 531.043ms
		ReloadNativeAssets: 0.001ms
		UnloadImportedAssets: 0.176ms
		EnsureUptoDateAssetsAreRegisteredWithGuidPM: 0.732ms
		InitializingProgressBar: 0.000ms
		PostProcessAllAssetNotificationsAddChangedAssets: 0.001ms
		OnDemandSchedulerStart: 0.534ms
	PostProcessAllAssets: 13.212ms
	GatherAllCurrentPrimaryArtifactRevisions: 0.002ms
	UnloadStreamsBegin: 1.735ms
	PersistCurrentRevisions: 0.272ms
	UnloadStreamsEnd: 0.003ms
	GenerateScriptTypeHashes: 2.128ms
	Untracked: 1304.844ms

Application.AssetDatabase Initial Refresh End
Launched and connected shader compiler UnityShaderCompiler.exe after 0.01 seconds
Scanning for USB devices : 8.026ms
Initializing Unity extensions:
[MODES] ModeService[none].Initialize
[MODES] ModeService[none].LoadModes
[MODES] Loading mode Default (0) for mode-current-id-com.unity.template.urp-blank
Unloading 38 Unused Serialized files (Serialized files now loaded: 0)
Unloading 7006 unused Assets / (8.1 MB). Loaded Objects now: 7613.
Memory consumption went from 225.2 MB to 217.2 MB.
Total: 14.178500 ms (FindLiveObjects: 0.877900 ms CreateObjectMapping: 0.312500 ms MarkObjects: 9.634400 ms  DeleteObjects: 3.352400 ms)

Unloading 2 Unused Serialized files (Serialized files now loaded: 0)
Unloading 1 unused Assets / (4.9 KB). Loaded Objects now: 7615.
Memory consumption went from 207.5 MB to 207.5 MB.
Total: 10.936500 ms (FindLiveObjects: 0.290000 ms CreateObjectMapping: 0.131700 ms MarkObjects: 10.494900 ms  DeleteObjects: 0.019200 ms)

Start importing Assets/ControllerIntegration/Data/source-action-camera.json using Guid(1f62c11a2afedb146a5b8cf0a077bb28) (TextScriptImporter) -> (artifact id: 'fb115539c05700396564fa3e576ac3e5') in 0.0054959 seconds
Refreshing native plugins compatible for Editor in 2.43 ms, found 7 plugins.
Preloading 0 native plugins for Editor in 0.00 ms.
Asset Pipeline Refresh (id=f4984d475afa4914e9af197db53e9892): Total: 24.727 seconds - Initiated by StopAssetImportingV2(NoUpdateAssetOptions)
	Summary:
		Imports: total=1 (actual=1, local cache=0, cache server=0)
		Asset DB Process Time: managed=2 ms, native=31 ms
		Asset DB Callback time: managed=304 ms, native=24389 ms
		Scripting: domain reloads=0, domain reload time=0 ms, compile time=0 ms, other=0 ms
		Project Asset Count: scripts=2309, non-scripts=4796
		Asset File Changes: new=0, changed=0, moved=0, deleted=0
		Scan Filter Count: 4
	InvokeCustomDependenciesCallbacks: 0.001ms
	InvokePackagesCallback: 0.002ms
	ApplyChangesToAssetFolders: 0.185ms
	Scan: 14.654ms
	OnSourceAssetsModified: 0.001ms
	CategorizeAssetsWithTransientArtifact: 0.016ms
	ProcessAssetsWithTransientArtifactChanges: 0.071ms
	CategorizeAssets: 4.229ms
	ImportOutOfDateAssets: 8.220ms (0.462ms without children)
		ImportManagerImport: 6.752ms (0.941ms without children)
			ImportInProcess: 5.793ms
			UpdateCategorizedAssets: 0.018ms
		ReloadNativeAssets: 0.009ms
		UnloadImportedAssets: 0.122ms
		ReloadImportedAssets: 0.000ms
		EnsureUptoDateAssetsAreRegisteredWithGuidPM: 0.528ms
		InitializingProgressBar: 0.007ms
		PostProcessAllAssetNotificationsAddChangedAssets: 0.001ms
		OnDemandSchedulerStart: 0.339ms
	PostProcessAllAssets: 308.284ms
	Hotreload: 24385.204ms
	GatherAllCurrentPrimaryArtifactRevisions: 0.162ms
	UnloadStreamsBegin: 0.741ms
	PersistCurrentRevisions: 0.160ms
	UnloadStreamsEnd: 0.001ms
	Untracked: 4.731ms

Start importing Assets/ControllerIntegration/Data/source-action-shake.json using Guid(3428f57adff78f14d9a5a607f10d081d) (TextScriptImporter) -> (artifact id: '483ee87b1b0752bf9f63d66cb0cc2526') in 0.0015143 seconds
Refreshing native plugins compatible for Editor in 2.67 ms, found 7 plugins.
Preloading 0 native plugins for Editor in 0.00 ms.
Asset Pipeline Refresh (id=da680aec83a477e46b6142c0fc194193): Total: 0.065 seconds - Initiated by StopAssetImportingV2(NoUpdateAssetOptions)
Start importing Assets/ControllerIntegration/Data/source-special-resource.json using Guid(d51456fa3ecd2cc49a3ba991212952ea) (TextScriptImporter) -> (artifact id: '29431ad23d09f2924f9fa44c441a01ac') in 0.0016885 seconds
Refreshing native plugins compatible for Editor in 2.06 ms, found 7 plugins.
Preloading 0 native plugins for Editor in 0.00 ms.
Asset Pipeline Refresh (id=65355ee9180dc044793154c558e6dbe8): Total: 0.016 seconds - Initiated by StopAssetImportingV2(NoUpdateAssetOptions)
Start importing Assets/ControllerIntegration/Data/source-hit-query.json using Guid(e7378ff9f0347c945bbe8cf8487bcc20) (TextScriptImporter) -> (artifact id: '08d8559182b6fd7d80e43ea3f0758285') in 0.0019837 seconds
Refreshing native plugins compatible for Editor in 2.19 ms, found 7 plugins.
Preloading 0 native plugins for Editor in 0.00 ms.
Asset Pipeline Refresh (id=8201ac5a18e41ce42bf05f983cbb338f): Total: 0.066 seconds - Initiated by StopAssetImportingV2(NoUpdateAssetOptions)
Start importing Assets/ControllerIntegration/Data/source-hit-feedback.json using Guid(821eeac5e77a6ce4e9f9c6aa88fd3b5a) (TextScriptImporter) -> (artifact id: 'b35ff64d6310f8b9ca12b0f80bdd6855') in 0.0017347 seconds
Refreshing native plugins compatible for Editor in 1.92 ms, found 7 plugins.
Preloading 0 native plugins for Editor in 0.00 ms.
Asset Pipeline Refresh (id=c47ef156c15016c4899781c80e21671a): Total: 0.016 seconds - Initiated by StopAssetImportingV2(NoUpdateAssetOptions)
Exception: Camera source changed: E:\ZZZ\miHoYo Launcher\games\ZenlessZoneZero Game\GameAssembly.dll
  at Remielle.Controller.Editor.SourceCameraBuild.Prepare (System.String path) [0x0007a] in E:\ZZZ\ZCode\10_Unity\Remielle_Main\Assets\ControllerIntegration\Editor\SourceCameraBuild.cs:20 
  at Remielle.Controller.Editor.SourceControllerBuild.Run () [0x0038a] in E:\ZZZ\ZCode\10_Unity\Remielle_Main\Assets\ControllerIntegration\Editor\SourceControllerBuild.cs:55 
  at Remielle.Controller.Editor.SourceControllerBuild.BuildPlayer () [0x00000] in E:\ZZZ\ZCode\10_Unity\Remielle_Main\Assets\ControllerIntegration\Editor\SourceControllerBuild.cs:18 

(Filename: Assets/ControllerIntegration/Editor/SourceCameraBuild.cs Line: 20)

executeMethod method Remielle.Controller.Editor.SourceControllerBuild.BuildPlayer threw exception.
Exiting without the bug reporter. Application will terminate with return code 1Shut down.
