
-------------------------------------------------------------------------------
   ROBOCOPY     ::     Windows 的可靠文件复制                              
-------------------------------------------------------------------------------

  开始时间: 2026年9月9日 16:45:32
        源 : E:\ZZZ\local-only\RemielleRuntimeRepair\
      目标 : E:\ZZZ\ZCode\20_ReverseEngineering\RuntimeRepair\

      文件: *.*
	    
      选项: *.* /NDL /NFL /S /E /DCOPY:DA /COPY:DAT /NP /XJ /MT:16 /R:2 /W:5 

------------------------------------------------------------------------------


------------------------------------------------------------------------------

                  总数        复制        跳过       不匹配        失败        其他
       目录:        53        52         1         0         0         0
       文件:      1316      1316         0         0         0         0
       字节:   1.809 g   1.809 g         0         0         0         0
       时间:   0:00:13   0:00:00                       0:00:00   0:00:00


       速度:           2,497,700,230 字节/秒。
       速度:             142,919.547 MB/分钟。
   已结束: 2026年9月9日 16:45:33


-------------------------------------------------------------------------------
   ROBOCOPY     ::     Windows 的可靠文件复制                              
-------------------------------------------------------------------------------

  开始时间: 2026年9月9日 16:45:33
        源 : E:\ZZZ\local-only\RemielleDataAcquisition\
      目标 : E:\ZZZ\ZCode\20_ReverseEngineering\DataAcquisition\

      文件: *.*
	    
      选项: *.* /NDL /NFL /S /E /DCOPY:DA /COPY:DAT /NP /XJ /MT:16 /R:2 /W:5 

------------------------------------------------------------------------------


------------------------------------------------------------------------------

                  总数        复制        跳过       不匹配        失败        其他
       目录:      8507      8507         0         0         0         0
       文件:     13528     13528         0         0         0         0
       字节:  11.778 g  11.778 g         0         0         0         0
       时间:   0:01:51   0:00:06                       0:00:00   0:00:00


       速度:           1,821,819,372 字节/秒。
       速度:             104,245.344 MB/分钟。
   已结束: 2026年9月9日 16:45:40


-------------------------------------------------------------------------------
   ROBOCOPY     ::     Windows 的可靠文件复制                              
-------------------------------------------------------------------------------

  开始时间: 2026年9月9日 16:45:40
        源 : E:\ZZZ\local-only\RemielleRenderingReview\
      目标 : E:\ZZZ\ZCode\20_ReverseEngineering\RenderingReview\

      文件: *.*
	    
      选项: *.* /NDL /NFL /S /E /DCOPY:DA /COPY:DAT /NP /XJ /MT:16 /R:2 /W:5 

------------------------------------------------------------------------------


------------------------------------------------------------------------------

                  总数        复制        跳过       不匹配        失败        其他
       目录:       243       243         0         0         0         0
       文件:     16667     16667         0         0         0         0
       字节:  14.495 g  14.495 g         0         0         0         0
       时间:   0:02:12   0:00:07                       0:00:00   0:00:00


       速度:           2,114,160,648 字节/秒。
       速度:             120,973.242 MB/分钟。
   已结束: 2026年9月9日 16:45:48


-------------------------------------------------------------------------------
   ROBOCOPY     ::     Windows 的可靠文件复制                              
-------------------------------------------------------------------------------

  开始时间: 2026年9月9日 16:45:48
        源 : E:\ZZZ\local-only\RemielleModelReadiness\
      目标 : E:\ZZZ\ZCode\20_ReverseEngineering\Evidence\RemielleModelReadiness\

      文件: *.*
	    
      选项: *.* /NDL /NFL /S /E /DCOPY:DA /COPY:DAT /NP /XJ /MT:16 /R:2 /W:5 

------------------------------------------------------------------------------


------------------------------------------------------------------------------

                  总数        复制        跳过       不匹配        失败        其他
       目录:        26        26         0         0         0         0
       文件:       395       395         0         0         0         0
       字节:  603.60 m  603.60 m         0         0         0         0
       时间:   0:00:03   0:00:00                       0:00:00   0:00:00


       速度:           2,659,373,239 字节/秒。
       速度:             152,170.563 MB/分钟。
   已结束: 2026年9月9日 16:45:48


-------------------------------------------------------------------------------
   ROBOCOPY     ::     Windows 的可靠文件复制                              
-------------------------------------------------------------------------------

  开始时间: 2026年9月9日 16:45:48
        源 : E:\ZZZ\local-only\CharacterShaderEvidence\
      目标 : E:\ZZZ\ZCode\20_ReverseEngineering\Evidence\CharacterShaderEvidence\

      文件: *.*
	    
      选项: *.* /NDL /NFL /S /E /DCOPY:DA /COPY:DAT /NP /XJ /MT:16 /R:2 /W:5 

------------------------------------------------------------------------------


------------------------------------------------------------------------------

                  总数        复制        跳过       不匹配        失败        其他
       目录:         2         2         0         0         0         0
       文件:      4573      4573         0         0         0         0
       字节:   31.26 m   31.26 m         0         0         0         0
       时间:   0:00:11   0:00:00                       0:00:00   0:00:00


       速度:           49,373,709 字节/秒。
       速度:            2,825.186 MB/分钟。
   已结束: 2026年9月9日 16:45:49


-------------------------------------------------------------------------------
   ROBOCOPY     ::     Windows 的可靠文件复制                              
-------------------------------------------------------------------------------

  开始时间: 2026年9月9日 16:45:49
        源 : E:\ZZZ\local-only\FrameBloomShaderEvidence\
      目标 : E:\ZZZ\ZCode\20_ReverseEngineering\Evidence\FrameBloomShaderEvidence\

      文件: *.*
	    
      选项: *.* /NDL /NFL /S /E /DCOPY:DA /COPY:DAT /NP /XJ /MT:16 /R:2 /W:5 

------------------------------------------------------------------------------


------------------------------------------------------------------------------

                  总数        复制        跳过       不匹配        失败        其他
       目录:         2         2         0         0         0         0
       文件:       445       445         0         0         0         0
       字节:   768.7 k   768.7 k         0         0         0         0
       时间:   0:00:01   0:00:00                       0:00:00   0:00:00


       速度:           12,904,918 字节/秒。
       速度:              738.425 MB/分钟。
   已结束: 2026年9月9日 16:45:49


-------------------------------------------------------------------------------
   ROBOCOPY     ::     Windows 的可靠文件复制                              
-------------------------------------------------------------------------------

  开始时间: 2026年9月9日 16:45:49
        源 : E:\ZZZ\local-only\FrameLightingEvidence\
      目标 : E:\ZZZ\ZCode\20_ReverseEngineering\Evidence\FrameLightingEvidence\

      文件: *.*
	    
      选项: *.* /NDL /NFL /S /E /DCOPY:DA /COPY:DAT /NP /XJ /MT:16 /R:2 /W:5 

------------------------------------------------------------------------------


------------------------------------------------------------------------------

                  总数        复制        跳过       不匹配        失败        其他
       目录:         2         2         0         0         0         0
       文件:        77        77         0         0         0         0
       字节:   746.0 k   746.0 k         0         0         0         0
       时间:   0:00:00   0:00:00                       0:00:00   0:00:00


       速度:           63,661,750 字节/秒。
       速度:            3,642.755 MB/分钟。
   已结束: 2026年9月9日 16:45:49


-------------------------------------------------------------------------------
   ROBOCOPY     ::     Windows 的可靠文件复制                              
-------------------------------------------------------------------------------

  开始时间: 2026年9月9日 16:45:49
        源 : E:\ZZZ\local-only\FrameLightingPassEvidence\
      目标 : E:\ZZZ\ZCode\20_ReverseEngineering\Evidence\FrameLightingPassEvidence\

      文件: *.*
	    
      选项: *.* /NDL /NFL /S /E /DCOPY:DA /COPY:DAT /NP /XJ /MT:16 /R:2 /W:5 

------------------------------------------------------------------------------


------------------------------------------------------------------------------

                  总数        复制        跳过       不匹配        失败        其他
       目录:         2         2         0         0         0         0
       文件:       105       105         0         0         0         0
       字节:   728.8 k   728.8 k         0         0         0         0
       时间:   0:00:00   0:00:00                       0:00:00   0:00:00


       速度:           49,756,066 字节/秒。
       速度:            2,847.065 MB/分钟。
   已结束: 2026年9月9日 16:45:50


-------------------------------------------------------------------------------
   ROBOCOPY     ::     Windows 的可靠文件复制                              
-------------------------------------------------------------------------------

  开始时间: 2026年9月9日 16:45:50
        源 : E:\ZZZ\local-only\FramePipelineShaderEvidence\
      目标 : E:\ZZZ\ZCode\20_ReverseEngineering\Evidence\FramePipelineShaderEvidence\

      文件: *.*
	    
      选项: *.* /NDL /NFL /S /E /DCOPY:DA /COPY:DAT /NP /XJ /MT:16 /R:2 /W:5 

------------------------------------------------------------------------------


------------------------------------------------------------------------------

                  总数        复制        跳过       不匹配        失败        其他
       目录:         2         2         0         0         0         0
       文件:      2726      2726         0         0         0         0
       字节:    4.60 m    4.60 m         0         0         0         0
       时间:   0:00:06   0:00:00                       0:00:00   0:00:00


       速度:           12,470,007 字节/秒。
       速度:              713.540 MB/分钟。
   已结束: 2026年9月9日 16:45:50


-------------------------------------------------------------------------------
   ROBOCOPY     ::     Windows 的可靠文件复制                              
-------------------------------------------------------------------------------

  开始时间: 2026年9月9日 16:45:50
        源 : E:\ZZZ\local-only\FrameSceneNativeInstanced\
      目标 : E:\ZZZ\ZCode\20_ReverseEngineering\Evidence\FrameSceneNativeInstanced\

      文件: *.*
	    
      选项: *.* /NDL /NFL /S /E /DCOPY:DA /COPY:DAT /NP /XJ /MT:16 /R:2 /W:5 

------------------------------------------------------------------------------


------------------------------------------------------------------------------

                  总数        复制        跳过       不匹配        失败        其他
       目录:         3         3         0         0         0         0
       文件:       180       180         0         0         0         0
       字节:   56.27 m   56.27 m         0         0         0         0
       时间:   0:00:00   0:00:00                       0:00:00   0:00:00


       速度:           1,594,724,351 字节/秒。
       速度:              91,250.859 MB/分钟。
   已结束: 2026年9月9日 16:45:50


-------------------------------------------------------------------------------
   ROBOCOPY     ::     Windows 的可靠文件复制                              
-------------------------------------------------------------------------------

  开始时间: 2026年9月9日 16:45:50
        源 : E:\ZZZ\local-only\FrameSceneRawVertexInputs\
      目标 : E:\ZZZ\ZCode\20_ReverseEngineering\Evidence\FrameSceneRawVertexInputs\

      文件: *.*
	    
      选项: *.* /NDL /NFL /S /E /DCOPY:DA /COPY:DAT /NP /XJ /MT:16 /R:2 /W:5 

------------------------------------------------------------------------------


------------------------------------------------------------------------------

                  总数        复制        跳过       不匹配        失败        其他
       目录:         3         3         0         0         0         0
       文件:       180       180         0         0         0         0
       字节:   61.28 m   61.28 m         0         0         0         0
       时间:   0:00:00   0:00:00                       0:00:00   0:00:00


       速度:           1,836,155,114 字节/秒。
       速度:             105,065.641 MB/分钟。
   已结束: 2026年9月9日 16:45:50


-------------------------------------------------------------------------------
   ROBOCOPY     ::     Windows 的可靠文件复制                              
-------------------------------------------------------------------------------

  开始时间: 2026年9月9日 16:45:50
        源 : E:\ZZZ\local-only\SceneLitMaterialEvidence\
      目标 : E:\ZZZ\ZCode\20_ReverseEngineering\Evidence\SceneLitMaterialEvidence\

      文件: *.*
	    
      选项: *.* /NDL /NFL /S /E /DCOPY:DA /COPY:DAT /NP /XJ /MT:16 /R:2 /W:5 

------------------------------------------------------------------------------


------------------------------------------------------------------------------

                  总数        复制        跳过       不匹配        失败        其他
       目录:         1         1         0         0         0         0
       文件:         3         3         0         0         0         0
       字节:    21.1 k    21.1 k         0         0         0         0
       时间:   0:00:00   0:00:00                       0:00:00   0:00:00


       速度:           21,636,000 字节/秒。
       速度:            1,238.022 MB/分钟。
   已结束: 2026年9月9日 16:45:50


-------------------------------------------------------------------------------
   ROBOCOPY     ::     Windows 的可靠文件复制                              
-------------------------------------------------------------------------------

  开始时间: 2026年9月9日 16:45:50
        源 : E:\ZZZ\local-only\SceneLitShaderDump\
      目标 : E:\ZZZ\ZCode\20_ReverseEngineering\Evidence\SceneLitShaderDump\

      文件: *.*
	    
      选项: *.* /NDL /NFL /S /E /DCOPY:DA /COPY:DAT /NP /XJ /MT:16 /R:2 /W:5 

------------------------------------------------------------------------------


------------------------------------------------------------------------------

                  总数        复制        跳过       不匹配        失败        其他
       目录:         9         9         0         0         0         0
       文件:        57        57         0         0         0         0
       字节:    3.06 m    3.06 m         0         0         0         0
       时间:   0:00:00   0:00:00                       0:00:00   0:00:00


       速度:           357,479,222 字节/秒。
       速度:            20,455.125 MB/分钟。
   已结束: 2026年9月9日 16:45:50


-------------------------------------------------------------------------------
   ROBOCOPY     ::     Windows 的可靠文件复制                              
-------------------------------------------------------------------------------

  开始时间: 2026年9月9日 16:45:51
        源 : E:\ZZZ\local-only\SceneLitShaderEvidence\
      目标 : E:\ZZZ\ZCode\20_ReverseEngineering\Evidence\SceneLitShaderEvidence\

      文件: *.*
	    
      选项: *.* /NDL /NFL /S /E /DCOPY:DA /COPY:DAT /NP /XJ /MT:16 /R:2 /W:5 

------------------------------------------------------------------------------


------------------------------------------------------------------------------

                  总数        复制        跳过       不匹配        失败        其他
       目录:         7         7         0         0         0         0
       文件:     38159     38159         0         0         0         0
       字节:   1.324 g   1.324 g         0         0         0         0
       时间:   0:01:30   0:00:05                       0:00:00   0:00:00


       速度:           282,299,086 字节/秒。
       速度:            16,153.283 MB/分钟。
   已结束: 2026年9月9日 16:45:56


-------------------------------------------------------------------------------
   ROBOCOPY     ::     Windows 的可靠文件复制                              
-------------------------------------------------------------------------------

  开始时间: 2026年9月9日 16:45:56
        源 : E:\ZZZ\local-only\MaterialRawDump\
      目标 : E:\ZZZ\ZCode\20_ReverseEngineering\Evidence\MaterialRawDump\

      文件: *.*
	    
      选项: *.* /NDL /NFL /S /E /DCOPY:DA /COPY:DAT /NP /XJ /MT:16 /R:2 /W:5 

------------------------------------------------------------------------------


------------------------------------------------------------------------------

                  总数        复制        跳过       不匹配        失败        其他
       目录:         9         9         0         0         0         0
       文件:        35        35         0         0         0         0
       字节:    2.84 m    2.84 m         0         0         0         0
       时间:   0:00:00   0:00:00                       0:00:00   0:00:00


       速度:           497,134,000 字节/秒。
       速度:            28,446.236 MB/分钟。
   已结束: 2026年9月9日 16:45:56


-------------------------------------------------------------------------------
   ROBOCOPY     ::     Windows 的可靠文件复制                              
-------------------------------------------------------------------------------

  开始时间: 2026年9月9日 16:45:56
        源 : E:\ZZZ\local-only\visual-acquisition\
      目标 : E:\ZZZ\ZCode\20_ReverseEngineering\Evidence\visual-acquisition\

      文件: *.*
	    
      选项: *.* /NDL /NFL /S /E /DCOPY:DA /COPY:DAT /NP /XJ /MT:16 /R:2 /W:5 

------------------------------------------------------------------------------


------------------------------------------------------------------------------

                  总数        复制        跳过       不匹配        失败        其他
       目录:        78        78         0         0         0         0
       文件:       251       251         0         0         0         0
       字节:    3.78 m    3.78 m         0         0         0         0
       时间:   0:00:00   0:00:00                       0:00:00   0:00:00


       速度:           110,191,666 字节/秒。
       速度:             6,305.218 MB/分钟。
   已结束: 2026年9月9日 16:45:56

