
-------------------------------------------------------------------------------
   ROBOCOPY     ::     Windows 的可靠文件复制                              
-------------------------------------------------------------------------------

  开始时间: 2026年9月9日 15:24:18
        源 : E:\ZZZ\local-only\RemielleHoyoToon\
      目标 : E:\ZZZ\ZCode\10_Unity\Remielle_Main\

      文件: *.*
	    
Exc 文件: *.csproj
	    *.sln
	    
 执行目录: Library
	    Temp
	    obj
	    Logs
	    UserSettings
	    .vs
	    
      选项: *.* /NDL /NFL /S /E /DCOPY:DA /COPY:DAT /NP /MT:16 /R:2 /W:5 

------------------------------------------------------------------------------


------------------------------------------------------------------------------

                  总数        复制        跳过       不匹配        失败        其他
       目录:       941       938         3         0         0         0
       文件:      8330      8316        14         0         0         0
       字节:   5.592 g   5.591 g    1.10 m         0         0         0
       时间:   0:00:50   0:00:02                       0:00:00   0:00:00


       速度:           2,059,600,300 字节/秒。
       速度:             117,851.273 MB/分钟。
   已结束: 2026年9月9日 15:24:21

